Archive member included because of file (symbol)

.\CortexM3\ARM_GCC_493\Debug\UAV_Control.a(cyfitter_cfg.o)
                              .\CortexM3\ARM_GCC_493\Debug\Cm3Start.o (cyfitter_cfg)
.\CortexM3\ARM_GCC_493\Debug\UAV_Control.a(PWM_1.o)
                              .\CortexM3\ARM_GCC_493\Debug\main.o (PWM_1_WriteCompare1)
.\CortexM3\ARM_GCC_493\Debug\UAV_Control.a(PWM_2.o)
                              .\CortexM3\ARM_GCC_493\Debug\main.o (PWM_2_WriteCompare1)
.\CortexM3\ARM_GCC_493\Debug\UAV_Control.a(LCD.o)
                              .\CortexM3\ARM_GCC_493\Debug\main.o (LCD_PrintString)
.\CortexM3\ARM_GCC_493\Debug\UAV_Control.a(Timer_1.o)
                              .\CortexM3\ARM_GCC_493\Debug\main.o (Timer_1_Start)
.\CortexM3\ARM_GCC_493\Debug\UAV_Control.a(CyBootAsmGnu.o)
                              .\CortexM3\ARM_GCC_493\Debug\UAV_Control.a(cyfitter_cfg.o) (CyDelayCycles)
.\CortexM3\ARM_GCC_493\Debug\UAV_Control.a(CyLib.o)
                              .\CortexM3\ARM_GCC_493\Debug\Cm3Start.o (CyHalt)
.\CortexM3\ARM_GCC_493\Debug\UAV_Control.a(cyPm.o)
                              .\CortexM3\ARM_GCC_493\Debug\UAV_Control.a(CyLib.o) (CyPmReadStatus)
.\CortexM3\ARM_GCC_493\Debug\UAV_Control.a(isr_Timer_1.o)
                              .\CortexM3\ARM_GCC_493\Debug\main.o (isr_Timer_1_StartEx)
.\CortexM3\ARM_GCC_493\Debug\UAV_Control.a(UART_Bluetooth.o)
                              .\CortexM3\ARM_GCC_493\Debug\main.o (UART_Bluetooth_Init)
.\CortexM3\ARM_GCC_493\Debug\UAV_Control.a(isr_RX.o)
                              .\CortexM3\ARM_GCC_493\Debug\main.o (isr_RX_StartEx)
.\CortexM3\ARM_GCC_493\Debug\UAV_Control.a(UART_Bluetooth_IntClock.o)
                              .\CortexM3\ARM_GCC_493\Debug\UAV_Control.a(UART_Bluetooth.o) (UART_Bluetooth_IntClock_Start)
.\CortexM3\ARM_GCC_493\Debug\UAV_Control.a(USBUART_1.o)
                              .\CortexM3\ARM_GCC_493\Debug\main.o (USBUART_1_Start)
.\CortexM3\ARM_GCC_493\Debug\UAV_Control.a(USBUART_1_cdc.o)
                              .\CortexM3\ARM_GCC_493\Debug\main.o (USBUART_1_CDC_Init)
.\CortexM3\ARM_GCC_493\Debug\UAV_Control.a(USBUART_1_drv.o)
                              .\CortexM3\ARM_GCC_493\Debug\UAV_Control.a(USBUART_1.o) (USBUART_1_lastPacketSize)
.\CortexM3\ARM_GCC_493\Debug\UAV_Control.a(USBUART_1_episr.o)
                              .\CortexM3\ARM_GCC_493\Debug\UAV_Control.a(USBUART_1.o) (USBUART_1_EP_1_ISR)
.\CortexM3\ARM_GCC_493\Debug\UAV_Control.a(USBUART_1_pm.o)
                              .\CortexM3\ARM_GCC_493\Debug\UAV_Control.a(USBUART_1.o) (USBUART_1_DP_ISR)
.\CortexM3\ARM_GCC_493\Debug\UAV_Control.a(USBUART_1_std.o)
                              .\CortexM3\ARM_GCC_493\Debug\UAV_Control.a(USBUART_1_pm.o) (USBUART_1_ConfigReg)
.\CortexM3\ARM_GCC_493\Debug\UAV_Control.a(USBUART_1_vnd.o)
                              .\CortexM3\ARM_GCC_493\Debug\UAV_Control.a(USBUART_1_drv.o) (USBUART_1_HandleVendorRqst)
.\CortexM3\ARM_GCC_493\Debug\UAV_Control.a(USBUART_1_Dp.o)
                              .\CortexM3\ARM_GCC_493\Debug\UAV_Control.a(USBUART_1_pm.o) (USBUART_1_Dp_ClearInterrupt)
.\CortexM3\ARM_GCC_493\Debug\UAV_Control.a(isr_jyRX.o)
                              .\CortexM3\ARM_GCC_493\Debug\main.o (isr_jyRX_StartEx)
.\CortexM3\ARM_GCC_493\Debug\UAV_Control.a(UART_JY901.o)
                              .\CortexM3\ARM_GCC_493\Debug\main.o (UART_JY901_Init)
.\CortexM3\ARM_GCC_493\Debug\UAV_Control.a(UART_JY901_IntClock.o)
                              .\CortexM3\ARM_GCC_493\Debug\UAV_Control.a(UART_JY901.o) (UART_JY901_IntClock_Start)
.\CortexM3\ARM_GCC_493\Debug\UAV_Control.a(CyFlash.o)
                              .\CortexM3\ARM_GCC_493\Debug\UAV_Control.a(cyPm.o) (CyFlash_SetWaitCycles)
.\CortexM3\ARM_GCC_493\Debug\UAV_Control.a(CySpc.o)
                              .\CortexM3\ARM_GCC_493\Debug\UAV_Control.a(CyFlash.o) (CySpcStart)
.\CortexM3\ARM_GCC_493\Debug\UAV_Control.a(USBUART_1_cls.o)
                              .\CortexM3\ARM_GCC_493\Debug\UAV_Control.a(USBUART_1_drv.o) (USBUART_1_DispatchClassRqst)
.\CortexM3\ARM_GCC_493\Debug\UAV_Control.a(USBUART_1_descr.o)
                              .\CortexM3\ARM_GCC_493\Debug\UAV_Control.a(USBUART_1_std.o) (USBUART_1_idSerialNumberStringDescriptor)
d:/program files (x86)/cypress/psoc creator/3.3/psoc creator/import/gnu/arm/4.9.3/bin/../lib/gcc/arm-none-eabi/4.9.3/armv7-m\libgcc.a(_arm_addsubdf3.o)
                              .\CortexM3\ARM_GCC_493\Debug\main.o (__aeabi_dsub)
d:/program files (x86)/cypress/psoc creator/3.3/psoc creator/import/gnu/arm/4.9.3/bin/../lib/gcc/arm-none-eabi/4.9.3/armv7-m\libgcc.a(_arm_muldivdf3.o)
                              .\CortexM3\ARM_GCC_493\Debug\main.o (__aeabi_dmul)
d:/program files (x86)/cypress/psoc creator/3.3/psoc creator/import/gnu/arm/4.9.3/bin/../lib/gcc/arm-none-eabi/4.9.3/armv7-m\libgcc.a(_arm_fixdfsi.o)
                              .\CortexM3\ARM_GCC_493\Debug\main.o (__aeabi_d2iz)
[...]
Memory Configuration

Name             Origin             Length             Attributes
rom              0x00000000         0x00040000         xr
ram              0x1fff8000         0x00010000         xrw
*default*        0x00000000         0xffffffff

Linker script and memory map

LOAD d:/program files (x86)/cypress/psoc creator/3.3/psoc creator/import/gnu/arm/4.9.3/bin/../lib/gcc/arm-none-eabi/4.9.3/armv7-m/crti.o
LOAD d:/program files (x86)/cypress/psoc creator/3.3/psoc creator/import/gnu/arm/4.9.3/bin/../lib/gcc/arm-none-eabi/4.9.3/armv7-m/crtbegin.o
LOAD d:/program files (x86)/cypress/psoc creator/3.3/psoc creator/import/gnu/arm/4.9.3/bin/../lib/gcc/arm-none-eabi/4.9.3/../../../../arm-none-eabi/lib/armv7-m/crt0.o
START GROUP
LOAD .\CortexM3\ARM_GCC_493\Debug\main.o
LOAD .\CortexM3\ARM_GCC_493\Debug\Control.o
LOAD .\CortexM3\ARM_GCC_493\Debug\cymetadata.o
LOAD .\CortexM3\ARM_GCC_493\Debug\Cm3Start.o
LOAD .\CortexM3\ARM_GCC_493\Debug\UAV_Control.a
LOAD D:\Program Files (x86)\Cypress\PSoC Creator\3.3\PSoC Creator\psoc\content\cycomponentlibrary\CyComponentLibrary.cylib\CortexM3\ARM_GCC_493\Debug\CyComponentLibrary.a
END GROUP
START GROUP
LOAD d:/program files (x86)/cypress/psoc creator/3.3/psoc creator/import/gnu/arm/4.9.3/bin/../lib/gcc/arm-none-eabi/4.9.3/armv7-m\libgcc.a
LOAD d:/program files (x86)/cypress/psoc creator/3.3/psoc creator/import/gnu/arm/4.9.3/bin/../lib/gcc/arm-none-eabi/4.9.3/../../../../arm-none-eabi/lib/armv7-m\libg_nano.a
LOAD d:/program files (x86)/cypress/psoc creator/3.3/psoc creator/import/gnu/arm/4.9.3/bin/../lib/gcc/arm-none-eabi/4.9.3/../../../../arm-none-eabi/lib/armv7-m\libc_nano.a
END GROUP
START GROUP
LOAD d:/program files (x86)/cypress/psoc creator/3.3/psoc creator/import/gnu/arm/4.9.3/bin/../lib/gcc/arm-none-eabi/4.9.3/armv7-m\libgcc.a
LOAD d:/program files (x86)/cypress/psoc creator/3.3/psoc creator/import/gnu/arm/4.9.3/bin/../lib/gcc/arm-none-eabi/4.9.3/../../../../arm-none-eabi/lib/armv7-m\libc_nano.a
END GROUP
LOAD d:/program files (x86)/cypress/psoc creator/3.3/psoc creator/import/gnu/arm/4.9.3/bin/../lib/gcc/arm-none-eabi/4.9.3/armv7-m/crtend.o
LOAD d:/program files (x86)/cypress/psoc creator/3.3/psoc creator/import/gnu/arm/4.9.3/bin/../lib/gcc/arm-none-eabi/4.9.3/armv7-m/crtn.o
START GROUP
LOAD d:/program files (x86)/cypress/psoc creator/3.3/psoc creator/import/gnu/arm/4.9.3/bin/../lib/gcc/arm-none-eabi/4.9.3/armv7-m\libgcc.a
LOAD d:/program files (x86)/cypress/psoc creator/3.3/psoc creator/import/gnu/arm/4.9.3/bin/../lib/gcc/arm-none-eabi/4.9.3/../../../../arm-none-eabi/lib/armv7-m\libc.a
LOAD d:/program files (x86)/cypress/psoc creator/3.3/psoc creator/import/gnu/arm/4.9.3/bin/../lib/gcc/arm-none-eabi/4.9.3/../../../../arm-none-eabi/lib/armv7-m\libnosys.a
END GROUP
                0x00000000                CY_APPL_ORIGIN = 0x0
                0x00000100                CY_FLASH_ROW_SIZE = 0x100
                0x00000020                CY_ECC_ROW_SIZE = 0x20
                0x00000000                CY_EE_IN_BTLDR = 0x0
                0x00000000                CY_APPL_LOADABLE = 0x0
                0x00000800                CY_EE_SIZE = 0x800
                0x00000001                CY_APPL_NUM = 0x1
                0x00000001                CY_APPL_MAX = 0x1
                0x00000040                CY_METADATA_SIZE = 0x40
                0x00000000                CY_APPL_LOADABLE = 0x0
                0x00000000                CY_CHECKSUM_EXCLUDE_SIZE = ALIGN (0x0, CY_FLASH_ROW_SIZE)
                0x1fff8470                PROVIDE (__cy_heap_start, _end)
                0x00000001                PROVIDE (__cy_region_num, ((__cy_regions_end - __cy_regions) / 0x10))
                0x20008000                PROVIDE (__cy_stack, (ORIGIN (ram) + 0x10000))
                0x20007800                PROVIDE (__cy_heap_end, (__cy_stack - 0x800))

.cybootloader   0x00000000        0x0
 *(.cybootloader)
                0x00000000                appl1_start = CY_APPL_ORIGIN?CY_APPL_ORIGIN:ALIGN (CY_FLASH_ROW_SIZE)
                0x0001ff00                appl2_start = (appl1_start + ALIGN ((((0x40000 - appl1_start) - (0x2 * CY_FLASH_ROW_SIZE)) / 0x2), CY_FLASH_ROW_SIZE))
                0x00000000                appl_start = (CY_APPL_NUM == 0x1)?appl1_start:appl2_start
                0x00000000                ecc_offset = ((appl_start / CY_FLASH_ROW_SIZE) * CY_ECC_ROW_SIZE)
                0x00000000                ee_offset = (CY_APPL_LOADABLE && ! (CY_EE_IN_BTLDR))?((CY_EE_SIZE / CY_APPL_MAX) * (CY_APPL_NUM - 0x1)):0x0
                0x00000800                ee_size = (CY_APPL_LOADABLE && ! (CY_EE_IN_BTLDR))?(CY_EE_SIZE / CY_APPL_MAX):CY_EE_SIZE
                0x00000000                PROVIDE (CY_ECC_OFFSET, ecc_offset)

.text           0x00000000     0x3a42
 CREATE_OBJECT_SYMBOLS
                0x00000000                PROVIDE (__cy_interrupt_vector, RomVectors)
 *(.romvectors)
 .romvectors    0x00000000       0x10 .\CortexM3\ARM_GCC_493\Debug\Cm3Start.o
                0x00000000                RomVectors
                0x00000001                ASSERT ((. != __cy_interrupt_vector), No interrupt vector)
                0x00000001                ASSERT (CY_APPL_ORIGIN?(SIZEOF (.cybootloader) <= CY_APPL_ORIGIN):0x1, Wrong image location)
                0x00000010                PROVIDE (__cy_reset, Reset)
 *(.text.Reset)
 .text.Reset    0x00000010       0x18 .\CortexM3\ARM_GCC_493\Debug\Cm3Start.o
                0x00000010                Reset
                0x00000001                ASSERT ((. != __cy_reset), No reset code)
 *(.dma_init)
                0x00000001                ASSERT ((((appl_start + .) <= 0x10000) || 0x1), DMA Init must be within the first 64k of flash)
 *(.text .text.* .gnu.linkonce.t.*)
 .text          0x00000028       0x5c d:/program files (x86)/cypress/psoc creator/3.3/psoc creator/import/gnu/arm/4.9.3/bin/../lib/gcc/arm-none-eabi/4.9.3/armv7-m/crtbegin.o
 .text.Set_Motor_1_Speed
                0x00000084       0x18 .\CortexM3\ARM_GCC_493\Debug\main.o
                0x00000084                Set_Motor_1_Speed
 .text.Set_Motor_2_Speed
                0x0000009c       0x18 .\CortexM3\ARM_GCC_493\Debug\main.o
                0x0000009c                Set_Motor_2_Speed
 .text.Set_Motor_3_Speed
                0x000000b4       0x18 .\CortexM3\ARM_GCC_493\Debug\main.o
                0x000000b4                Set_Motor_3_Speed
 .text.Set_Motor_4_Speed
                0x000000cc       0x18 .\CortexM3\ARM_GCC_493\Debug\main.o
                0x000000cc                Set_Motor_4_Speed
 .text.Timer_1_Interrupt_Handler
                0x000000e4       0xac .\CortexM3\ARM_GCC_493\Debug\main.o
                0x000000e4                Timer_1_Interrupt_Handler
 .text.Initialize_All_PWM
                0x00000190       0x24 .\CortexM3\ARM_GCC_493\Debug\main.o
                0x00000190                Initialize_All_PWM
 *fill*         0x000001b4        0x4 
 .text.Process_Bluetooth_Message
                0x000001b8      0x148 .\CortexM3\ARM_GCC_493\Debug\main.o
                0x000001b8                Process_Bluetooth_Message
 .text.Bluetooth_RX_Interrupt_Handler
                0x00000300       0x70 .\CortexM3\ARM_GCC_493\Debug\main.o
                0x00000300                Bluetooth_RX_Interrupt_Handler
 .text.Init_JY901_Data
                0x00000370       0x70 .\CortexM3\ARM_GCC_493\Debug\main.o
                0x00000370                Init_JY901_Data
 .text.Decode_JY901_Data
                0x000003e0      0x324 .\CortexM3\ARM_GCC_493\Debug\main.o
                0x000003e0                Decode_JY901_Data
 .text.JY901_RX_Interrupt_Handler
                0x00000704       0x9c .\CortexM3\ARM_GCC_493\Debug\main.o
                0x00000704                JY901_RX_Interrupt_Handler
 .text.LCD_Disp
                0x000007a0       0x14 .\CortexM3\ARM_GCC_493\Debug\main.o
                0x000007a0                LCD_Disp
 .text.main     0x000007b4       0xec .\CortexM3\ARM_GCC_493\Debug\main.o
                0x000007b4                main
 .text.Control_Func_InitVariable
                0x000008a0       0xc8 .\CortexM3\ARM_GCC_493\Debug\Control.o
                0x000008a0                Control_Func_InitVariable
 .text.Control_Main
                0x00000968      0x680 .\CortexM3\ARM_GCC_493\Debug\Control.o
                0x00000968                Control_Main
 .text.IntDefaultHandler
                0x00000fe8        0x4 .\CortexM3\ARM_GCC_493\Debug\Cm3Start.o
                0x00000fe8                IntDefaultHandler
 .text.Start_c  0x00000fec       0x4c .\CortexM3\ARM_GCC_493\Debug\Cm3Start.o
                0x00000fec                Start_c
 .text.initialize_psoc
                0x00001038       0x74 .\CortexM3\ARM_GCC_493\Debug\Cm3Start.o
                0x00001038                initialize_psoc
 .text.CyClockStartupError
                0x000010ac        0x4 .\CortexM3\ARM_GCC_493\Debug\UAV_Control.a(cyfitter_cfg.o)
 .text.cfg_write_bytes32
                0x000010b0       0x34 .\CortexM3\ARM_GCC_493\Debug\UAV_Control.a(cyfitter_cfg.o)
 .text.AnalogSetDefault
                0x000010e4       0x28 .\CortexM3\ARM_GCC_493\Debug\UAV_Control.a(cyfitter_cfg.o)
 .text.ClockSetup
                0x0000110c       0xd8 .\CortexM3\ARM_GCC_493\Debug\UAV_Control.a(cyfitter_cfg.o)
 .text.CYMEMZERO
                0x000011e4        0xc .\CortexM3\ARM_GCC_493\Debug\UAV_Control.a(cyfitter_cfg.o)
 .text.CYCONFIGCPY
                0x000011f0        0x8 .\CortexM3\ARM_GCC_493\Debug\UAV_Control.a(cyfitter_cfg.o)
 .text.cyfitter_cfg
                0x000011f8      0x11c .\CortexM3\ARM_GCC_493\Debug\UAV_Control.a(cyfitter_cfg.o)
                0x000011f8                cyfitter_cfg
 .text.PWM_1_Enable
                0x00001314       0x10 .\CortexM3\ARM_GCC_493\Debug\UAV_Control.a(PWM_1.o)
                0x00001314                PWM_1_Enable
 .text.PWM_1_WriteCounter
                0x00001324        0xc .\CortexM3\ARM_GCC_493\Debug\UAV_Control.a(PWM_1.o)
                0x00001324                PWM_1_WriteCounter
 .text.PWM_1_WritePeriod
                0x00001330        0xc .\CortexM3\ARM_GCC_493\Debug\UAV_Control.a(PWM_1.o)
                0x00001330                PWM_1_WritePeriod
 .text.PWM_1_WriteCompare1
                0x0000133c        0xc .\CortexM3\ARM_GCC_493\Debug\UAV_Control.a(PWM_1.o)
                0x0000133c                PWM_1_WriteCompare1
 .text.PWM_1_WriteCompare2
                0x00001348        0xc .\CortexM3\ARM_GCC_493\Debug\UAV_Control.a(PWM_1.o)
                0x00001348                PWM_1_WriteCompare2
 .text.PWM_1_Init
                0x00001354       0x4c .\CortexM3\ARM_GCC_493\Debug\UAV_Control.a(PWM_1.o)
                0x00001354                PWM_1_Init
 .text.PWM_1_Start
                0x000013a0       0x1c .\CortexM3\ARM_GCC_493\Debug\UAV_Control.a(PWM_1.o)
                0x000013a0                PWM_1_Start
 .text.PWM_2_Enable
                0x000013bc       0x10 .\CortexM3\ARM_GCC_493\Debug\UAV_Control.a(PWM_2.o)
                0x000013bc                PWM_2_Enable
 .text.PWM_2_WriteCounter
                0x000013cc        0xc .\CortexM3\ARM_GCC_493\Debug\UAV_Control.a(PWM_2.o)
                0x000013cc                PWM_2_WriteCounter
 .text.PWM_2_WritePeriod
                0x000013d8        0xc .\CortexM3\ARM_GCC_493\Debug\UAV_Control.a(PWM_2.o)
                0x000013d8                PWM_2_WritePeriod
 .text.PWM_2_WriteCompare1
                0x000013e4        0xc .\CortexM3\ARM_GCC_493\Debug\UAV_Control.a(PWM_2.o)
                0x000013e4                PWM_2_WriteCompare1
 .text.PWM_2_WriteCompare2
                0x000013f0        0xc .\CortexM3\ARM_GCC_493\Debug\UAV_Control.a(PWM_2.o)
                0x000013f0                PWM_2_WriteCompare2
 .text.PWM_2_Init
                0x000013fc       0x4c .\CortexM3\ARM_GCC_493\Debug\UAV_Control.a(PWM_2.o)
                0x000013fc                PWM_2_Init
 .text.PWM_2_Start
                0x00001448       0x1c .\CortexM3\ARM_GCC_493\Debug\UAV_Control.a(PWM_2.o)
                0x00001448                PWM_2_Start
 .text.LCD_WrCntrlNib
                0x00001464       0x34 .\CortexM3\ARM_GCC_493\Debug\UAV_Control.a(LCD.o)
 .text.LCD_WrDatNib
                0x00001498       0x44 .\CortexM3\ARM_GCC_493\Debug\UAV_Control.a(LCD.o)
 .text.LCD_IsReady
                0x000014dc       0xe4 .\CortexM3\ARM_GCC_493\Debug\UAV_Control.a(LCD.o)
                0x000014dc                LCD_IsReady
 .text.LCD_WriteData
                0x000015c0       0x18 .\CortexM3\ARM_GCC_493\Debug\UAV_Control.a(LCD.o)
                0x000015c0                LCD_WriteData
 .text.LCD_PrintString
                0x000015d8       0x1c .\CortexM3\ARM_GCC_493\Debug\UAV_Control.a(LCD.o)
                0x000015d8                LCD_PrintString
 .text.LCD_WriteControl
                0x000015f4       0x18 .\CortexM3\ARM_GCC_493\Debug\UAV_Control.a(LCD.o)
                0x000015f4                LCD_WriteControl
 .text.LCD_Init
                0x0000160c       0x6c .\CortexM3\ARM_GCC_493\Debug\UAV_Control.a(LCD.o)
                0x0000160c                LCD_Init
 .text.LCD_Enable
                0x00001678       0x14 .\CortexM3\ARM_GCC_493\Debug\UAV_Control.a(LCD.o)
                0x00001678                LCD_Enable
 .text.LCD_Start
                0x0000168c       0x1c .\CortexM3\ARM_GCC_493\Debug\UAV_Control.a(LCD.o)
                0x0000168c                LCD_Start
 .text.LCD_Position
                0x000016a8       0x3c .\CortexM3\ARM_GCC_493\Debug\UAV_Control.a(LCD.o)
                0x000016a8                LCD_Position
 .text.LCD_PrintU32Number
                0x000016e4       0x60 .\CortexM3\ARM_GCC_493\Debug\UAV_Control.a(LCD.o)
                0x000016e4                LCD_PrintU32Number
 .text.Timer_1_Enable
                0x00001744       0x10 .\CortexM3\ARM_GCC_493\Debug\UAV_Control.a(Timer_1.o)
                0x00001744                Timer_1_Enable
 .text.Timer_1_SetInterruptMode
                0x00001754        0xc .\CortexM3\ARM_GCC_493\Debug\UAV_Control.a(Timer_1.o)
                0x00001754                Timer_1_SetInterruptMode
 .text.Timer_1_ReadStatusRegister
                0x00001760        0xc .\CortexM3\ARM_GCC_493\Debug\UAV_Control.a(Timer_1.o)
                0x00001760                Timer_1_ReadStatusRegister
 .text.Timer_1_WritePeriod
                0x0000176c        0xc .\CortexM3\ARM_GCC_493\Debug\UAV_Control.a(Timer_1.o)
                0x0000176c                Timer_1_WritePeriod
 .text.Timer_1_ReadCapture
                0x00001778        0xc .\CortexM3\ARM_GCC_493\Debug\UAV_Control.a(Timer_1.o)
                0x00001778                Timer_1_ReadCapture
 .text.Timer_1_WriteCounter
                0x00001784        0xc .\CortexM3\ARM_GCC_493\Debug\UAV_Control.a(Timer_1.o)
                0x00001784                Timer_1_WriteCounter
 .text.Timer_1_ClearFIFO
                0x00001790       0x14 .\CortexM3\ARM_GCC_493\Debug\UAV_Control.a(Timer_1.o)
                0x00001790                Timer_1_ClearFIFO
 .text.Timer_1_Init
                0x000017a4       0x34 .\CortexM3\ARM_GCC_493\Debug\UAV_Control.a(Timer_1.o)
                0x000017a4                Timer_1_Init
 .text.Timer_1_Start
                0x000017d8       0x1c .\CortexM3\ARM_GCC_493\Debug\UAV_Control.a(Timer_1.o)
                0x000017d8                Timer_1_Start
 *fill*         0x000017f4        0x4 
 .text          0x000017f8       0x20 .\CortexM3\ARM_GCC_493\Debug\UAV_Control.a(CyBootAsmGnu.o)
                0x000017f8                CyDelayCycles
                0x00001808                CyEnterCriticalSection
                0x00001810                CyExitCriticalSection
 .text.CyHalt   0x00001818        0x4 .\CortexM3\ARM_GCC_493\Debug\UAV_Control.a(CyLib.o)
                0x00001818                CyHalt
 .text.CyDelay  0x0000181c       0x2c .\CortexM3\ARM_GCC_493\Debug\UAV_Control.a(CyLib.o)
                0x0000181c                CyDelay
 .text.CyDelayUs
                0x00001848       0x14 .\CortexM3\ARM_GCC_493\Debug\UAV_Control.a(CyLib.o)
                0x00001848                CyDelayUs
 .text.CyIntSetVector
                0x0000185c       0x28 .\CortexM3\ARM_GCC_493\Debug\UAV_Control.a(CyLib.o)
                0x0000185c                CyIntSetVector
 .text.CyIntSetPriority
                0x00001884       0x30 .\CortexM3\ARM_GCC_493\Debug\UAV_Control.a(CyLib.o)
                0x00001884                CyIntSetPriority
 .text.CyGetUniqueId
                0x000018b4       0x70 .\CortexM3\ARM_GCC_493\Debug\UAV_Control.a(CyLib.o)
                0x000018b4                CyGetUniqueId
 .text.isr_Timer_1_SetVector
                0x00001924        0xc .\CortexM3\ARM_GCC_493\Debug\UAV_Control.a(isr_Timer_1.o)
                0x00001924                isr_Timer_1_SetVector
 .text.isr_Timer_1_SetPriority
                0x00001930       0x10 .\CortexM3\ARM_GCC_493\Debug\UAV_Control.a(isr_Timer_1.o)
                0x00001930                isr_Timer_1_SetPriority
 .text.isr_Timer_1_Enable
                0x00001940        0xc .\CortexM3\ARM_GCC_493\Debug\UAV_Control.a(isr_Timer_1.o)
                0x00001940                isr_Timer_1_Enable
 .text.isr_Timer_1_Disable
                0x0000194c        0xc .\CortexM3\ARM_GCC_493\Debug\UAV_Control.a(isr_Timer_1.o)
                0x0000194c                isr_Timer_1_Disable
 .text.isr_Timer_1_StartEx
                0x00001958       0x1c .\CortexM3\ARM_GCC_493\Debug\UAV_Control.a(isr_Timer_1.o)
                0x00001958                isr_Timer_1_StartEx
 .text.UART_Bluetooth_Init
                0x00001974       0x14 .\CortexM3\ARM_GCC_493\Debug\UAV_Control.a(UART_Bluetooth.o)
                0x00001974                UART_Bluetooth_Init
 .text.UART_Bluetooth_Enable
                0x00001988       0x2c .\CortexM3\ARM_GCC_493\Debug\UAV_Control.a(UART_Bluetooth.o)
                0x00001988                UART_Bluetooth_Enable
 .text.UART_Bluetooth_Start
                0x000019b4       0x1c .\CortexM3\ARM_GCC_493\Debug\UAV_Control.a(UART_Bluetooth.o)
                0x000019b4                UART_Bluetooth_Start
 .text.UART_Bluetooth_ReadRxData
                0x000019d0        0xc .\CortexM3\ARM_GCC_493\Debug\UAV_Control.a(UART_Bluetooth.o)
                0x000019d0                UART_Bluetooth_ReadRxData
 .text.isr_RX_SetVector
                0x000019dc        0xc .\CortexM3\ARM_GCC_493\Debug\UAV_Control.a(isr_RX.o)
                0x000019dc                isr_RX_SetVector
 .text.isr_RX_SetPriority
                0x000019e8       0x10 .\CortexM3\ARM_GCC_493\Debug\UAV_Control.a(isr_RX.o)
                0x000019e8                isr_RX_SetPriority
 .text.isr_RX_Enable
                0x000019f8        0xc .\CortexM3\ARM_GCC_493\Debug\UAV_Control.a(isr_RX.o)
                0x000019f8                isr_RX_Enable
 .text.isr_RX_Disable
                0x00001a04        0xc .\CortexM3\ARM_GCC_493\Debug\UAV_Control.a(isr_RX.o)
                0x00001a04                isr_RX_Disable
 .text.isr_RX_StartEx
                0x00001a10       0x1c .\CortexM3\ARM_GCC_493\Debug\UAV_Control.a(isr_RX.o)
                0x00001a10                isr_RX_StartEx
 .text.UART_Bluetooth_IntClock_Start
                0x00001a2c       0x1c .\CortexM3\ARM_GCC_493\Debug\UAV_Control.a(UART_Bluetooth_IntClock.o)
                0x00001a2c                UART_Bluetooth_IntClock_Start
 .text.USBUART_1_Init
                0x00001a48      0x140 .\CortexM3\ARM_GCC_493\Debug\UAV_Control.a(USBUART_1.o)
                0x00001a48                USBUART_1_Init
 .text.USBUART_1_InitComponent
                0x00001b88       0xb8 .\CortexM3\ARM_GCC_493\Debug\UAV_Control.a(USBUART_1.o)
                0x00001b88                USBUART_1_InitComponent
 .text.USBUART_1_Start
                0x00001c40       0x24 .\CortexM3\ARM_GCC_493\Debug\UAV_Control.a(USBUART_1.o)
                0x00001c40                USBUART_1_Start
 .text.USBUART_1_ReInitComponent
                0x00001c64       0x4c .\CortexM3\ARM_GCC_493\Debug\UAV_Control.a(USBUART_1.o)
                0x00001c64                USBUART_1_ReInitComponent
 .text.USBUART_1_GetConfiguration
                0x00001cb0        0xc .\CortexM3\ARM_GCC_493\Debug\UAV_Control.a(USBUART_1.o)
                0x00001cb0                USBUART_1_GetConfiguration
 .text.USBUART_1_EnableOutEP
                0x00001cbc       0x2c .\CortexM3\ARM_GCC_493\Debug\UAV_Control.a(USBUART_1.o)
                0x00001cbc                USBUART_1_EnableOutEP
 .text.USBUART_1_GetInterfaceComPort
                0x00001ce8       0x3c .\CortexM3\ARM_GCC_493\Debug\UAV_Control.a(USBUART_1_cdc.o)
                0x00001ce8                USBUART_1_GetInterfaceComPort
 .text.USBUART_1_DispatchCDCClassRqst
                0x00001d24       0x98 .\CortexM3\ARM_GCC_493\Debug\UAV_Control.a(USBUART_1_cdc.o)
                0x00001d24                USBUART_1_DispatchCDCClassRqst
 .text.USBUART_1_CDC_Init
                0x00001dbc       0x98 .\CortexM3\ARM_GCC_493\Debug\UAV_Control.a(USBUART_1_cdc.o)
                0x00001dbc                USBUART_1_CDC_Init
 .text.USBUART_1_Cdc_EpInit
                0x00001e54       0x50 .\CortexM3\ARM_GCC_493\Debug\UAV_Control.a(USBUART_1_cdc.o)
                0x00001e54                USBUART_1_Cdc_EpInit
 .text.USBUART_1_LoadEP0
                0x00001ea4       0x94 .\CortexM3\ARM_GCC_493\Debug\UAV_Control.a(USBUART_1_drv.o)
                0x00001ea4                USBUART_1_LoadEP0
 .text.USBUART_1_InitZeroLengthControlTransfer
                0x00001f38       0x34 .\CortexM3\ARM_GCC_493\Debug\UAV_Control.a(USBUART_1_drv.o)
                0x00001f38                USBUART_1_InitZeroLengthControlTransfer
 .text.USBUART_1_ControlReadDataStage
                0x00001f6c        0x8 .\CortexM3\ARM_GCC_493\Debug\UAV_Control.a(USBUART_1_drv.o)
                0x00001f6c                USBUART_1_ControlReadDataStage
 .text.USBUART_1_ControlWriteDataStage
                0x00001f74       0x80 .\CortexM3\ARM_GCC_493\Debug\UAV_Control.a(USBUART_1_drv.o)
                0x00001f74                USBUART_1_ControlWriteDataStage
 .text.USBUART_1_InitNoDataControlTransfer
                0x00001ff4       0x2c .\CortexM3\ARM_GCC_493\Debug\UAV_Control.a(USBUART_1_drv.o)
                0x00001ff4                USBUART_1_InitNoDataControlTransfer
 .text.USBUART_1_UpdateStatusBlock
                0x00002020       0x24 .\CortexM3\ARM_GCC_493\Debug\UAV_Control.a(USBUART_1_drv.o)
                0x00002020                USBUART_1_UpdateStatusBlock
 .text.USBUART_1_HandleSetup
                0x00002044       0x5c .\CortexM3\ARM_GCC_493\Debug\UAV_Control.a(USBUART_1_drv.o)
                0x00002044                USBUART_1_HandleSetup
 .text.USBUART_1_ControlReadStatusStage
                0x000020a0       0x34 .\CortexM3\ARM_GCC_493\Debug\UAV_Control.a(USBUART_1_drv.o)
                0x000020a0                USBUART_1_ControlReadStatusStage
 .text.USBUART_1_HandleOUT
                0x000020d4       0x38 .\CortexM3\ARM_GCC_493\Debug\UAV_Control.a(USBUART_1_drv.o)
                0x000020d4                USBUART_1_HandleOUT
 .text.USBUART_1_ControlWriteStatusStage
                0x0000210c       0x20 .\CortexM3\ARM_GCC_493\Debug\UAV_Control.a(USBUART_1_drv.o)
                0x0000210c                USBUART_1_ControlWriteStatusStage
 .text.USBUART_1_NoDataControlStatusStage
                0x0000212c       0x40 .\CortexM3\ARM_GCC_493\Debug\UAV_Control.a(USBUART_1_drv.o)
                0x0000212c                USBUART_1_NoDataControlStatusStage
 .text.USBUART_1_HandleIN
                0x0000216c       0x2c .\CortexM3\ARM_GCC_493\Debug\UAV_Control.a(USBUART_1_drv.o)
                0x0000216c                USBUART_1_HandleIN
 .text.USBUART_1_EP_0_ISR
                0x00002198       0xb8 .\CortexM3\ARM_GCC_493\Debug\UAV_Control.a(USBUART_1_drv.o)
                0x00002198                USBUART_1_EP_0_ISR
 .text.USBUART_1_InitializeStatusBlock
                0x00002250       0x24 .\CortexM3\ARM_GCC_493\Debug\UAV_Control.a(USBUART_1_drv.o)
                0x00002250                USBUART_1_InitializeStatusBlock
 .text.USBUART_1_InitControlRead
                0x00002274       0x50 .\CortexM3\ARM_GCC_493\Debug\UAV_Control.a(USBUART_1_drv.o)
                0x00002274                USBUART_1_InitControlRead
 .text.USBUART_1_InitControlWrite
                0x000022c4       0x48 .\CortexM3\ARM_GCC_493\Debug\UAV_Control.a(USBUART_1_drv.o)
                0x000022c4                USBUART_1_InitControlWrite
 .text.USBUART_1_EP_1_ISR
                0x0000230c       0x38 .\CortexM3\ARM_GCC_493\Debug\UAV_Control.a(USBUART_1_episr.o)
                0x0000230c                USBUART_1_EP_1_ISR
 .text.USBUART_1_EP_2_ISR
                0x00002344       0x3c .\CortexM3\ARM_GCC_493\Debug\UAV_Control.a(USBUART_1_episr.o)
                0x00002344                USBUART_1_EP_2_ISR
 .text.USBUART_1_EP_3_ISR
                0x00002380       0x44 .\CortexM3\ARM_GCC_493\Debug\UAV_Control.a(USBUART_1_episr.o)
                0x00002380                USBUART_1_EP_3_ISR
 .text.USBUART_1_SOF_ISR
                0x000023c4        0x4 .\CortexM3\ARM_GCC_493\Debug\UAV_Control.a(USBUART_1_episr.o)
                0x000023c4                USBUART_1_SOF_ISR
 .text.USBUART_1_BUS_RESET_ISR
                0x000023c8        0x8 .\CortexM3\ARM_GCC_493\Debug\UAV_Control.a(USBUART_1_episr.o)
                0x000023c8                USBUART_1_BUS_RESET_ISR
 .text.USBUART_1_DP_ISR
                0x000023d0        0x8 .\CortexM3\ARM_GCC_493\Debug\UAV_Control.a(USBUART_1_pm.o)
                0x000023d0                USBUART_1_DP_ISR
 .text.USBUART_1_ReadDieID
                0x000023d8       0x6c .\CortexM3\ARM_GCC_493\Debug\UAV_Control.a(USBUART_1_std.o)
                0x000023d8                USBUART_1_ReadDieID
 .text.USBUART_1_ConfigReg
                0x00002444       0xa4 .\CortexM3\ARM_GCC_493\Debug\UAV_Control.a(USBUART_1_std.o)
                0x00002444                USBUART_1_ConfigReg
 .text.USBUART_1_GetConfigTablePtr
                0x000024e8       0x28 .\CortexM3\ARM_GCC_493\Debug\UAV_Control.a(USBUART_1_std.o)
                0x000024e8                USBUART_1_GetConfigTablePtr
 .text.USBUART_1_ConfigAltChanged
                0x00002510      0x11c .\CortexM3\ARM_GCC_493\Debug\UAV_Control.a(USBUART_1_std.o)
                0x00002510                USBUART_1_ConfigAltChanged
 .text.USBUART_1_GetDeviceTablePtr
                0x0000262c       0x18 .\CortexM3\ARM_GCC_493\Debug\UAV_Control.a(USBUART_1_std.o)
                0x0000262c                USBUART_1_GetDeviceTablePtr
 .text.USBUART_1_GetInterfaceClassTablePtr
                0x00002644       0x24 .\CortexM3\ARM_GCC_493\Debug\UAV_Control.a(USBUART_1_std.o)
                0x00002644                USBUART_1_GetInterfaceClassTablePtr
 .text.USBUART_1_Config
                0x00002668      0x1e4 .\CortexM3\ARM_GCC_493\Debug\UAV_Control.a(USBUART_1_std.o)
                0x00002668                USBUART_1_Config
 .text.USBUART_1_SetEndpointHalt
                0x0000284c       0x64 .\CortexM3\ARM_GCC_493\Debug\UAV_Control.a(USBUART_1_std.o)
                0x0000284c                USBUART_1_SetEndpointHalt
 .text.USBUART_1_ClearEndpointHalt
                0x000028b0       0xa8 .\CortexM3\ARM_GCC_493\Debug\UAV_Control.a(USBUART_1_std.o)
                0x000028b0                USBUART_1_ClearEndpointHalt
 .text.USBUART_1_ValidateAlternateSetting
                0x00002958       0x4c .\CortexM3\ARM_GCC_493\Debug\UAV_Control.a(USBUART_1_std.o)
                0x00002958                USBUART_1_ValidateAlternateSetting
 .text.USBUART_1_HandleStandardRqst
                0x000029a4      0x350 .\CortexM3\ARM_GCC_493\Debug\UAV_Control.a(USBUART_1_std.o)
                0x000029a4                USBUART_1_HandleStandardRqst
 .text.USBUART_1_HandleVendorRqst
                0x00002cf4       0x18 .\CortexM3\ARM_GCC_493\Debug\UAV_Control.a(USBUART_1_vnd.o)
                0x00002cf4                USBUART_1_HandleVendorRqst
 .text.USBUART_1_Dp_ClearInterrupt
                0x00002d0c       0x10 .\CortexM3\ARM_GCC_493\Debug\UAV_Control.a(USBUART_1_Dp.o)
                0x00002d0c                USBUART_1_Dp_ClearInterrupt
 .text.isr_jyRX_SetVector
                0x00002d1c        0xc .\CortexM3\ARM_GCC_493\Debug\UAV_Control.a(isr_jyRX.o)
                0x00002d1c                isr_jyRX_SetVector
 .text.isr_jyRX_SetPriority
                0x00002d28       0x10 .\CortexM3\ARM_GCC_493\Debug\UAV_Control.a(isr_jyRX.o)
                0x00002d28                isr_jyRX_SetPriority
 .text.isr_jyRX_Enable
                0x00002d38        0xc .\CortexM3\ARM_GCC_493\Debug\UAV_Control.a(isr_jyRX.o)
                0x00002d38                isr_jyRX_Enable
 .text.isr_jyRX_Disable
                0x00002d44        0xc .\CortexM3\ARM_GCC_493\Debug\UAV_Control.a(isr_jyRX.o)
                0x00002d44                isr_jyRX_Disable
 .text.isr_jyRX_StartEx
                0x00002d50       0x1c .\CortexM3\ARM_GCC_493\Debug\UAV_Control.a(isr_jyRX.o)
                0x00002d50                isr_jyRX_StartEx
 .text.UART_JY901_Init
                0x00002d6c       0x14 .\CortexM3\ARM_GCC_493\Debug\UAV_Control.a(UART_JY901.o)
                0x00002d6c                UART_JY901_Init
 .text.UART_JY901_Enable
                0x00002d80       0x2c .\CortexM3\ARM_GCC_493\Debug\UAV_Control.a(UART_JY901.o)
                0x00002d80                UART_JY901_Enable
 .text.UART_JY901_Start
                0x00002dac       0x1c .\CortexM3\ARM_GCC_493\Debug\UAV_Control.a(UART_JY901.o)
                0x00002dac                UART_JY901_Start
 .text.UART_JY901_ReadRxData
                0x00002dc8        0xc .\CortexM3\ARM_GCC_493\Debug\UAV_Control.a(UART_JY901.o)
                0x00002dc8                UART_JY901_ReadRxData
 .text.UART_JY901_IntClock_Start
                0x00002dd4       0x1c .\CortexM3\ARM_GCC_493\Debug\UAV_Control.a(UART_JY901_IntClock.o)
                0x00002dd4                UART_JY901_IntClock_Start
 .text.USBUART_1_DispatchClassRqst
                0x00002df0       0x58 .\CortexM3\ARM_GCC_493\Debug\UAV_Control.a(USBUART_1_cls.o)
                0x00002df0                USBUART_1_DispatchClassRqst
 .text          0x00002e48      0x370 d:/program files (x86)/cypress/psoc creator/3.3/psoc creator/import/gnu/arm/4.9.3/bin/../lib/gcc/arm-none-eabi/4.9.3/armv7-m\libgcc.a(_arm_addsubdf3.o)
                0x00002e48                __aeabi_drsub
                0x00002e50                __aeabi_dsub
                0x00002e50                __subdf3
                0x00002e54                __aeabi_dadd
                0x00002e54                __adddf3
                0x000030cc                __floatunsidf
                0x000030cc                __aeabi_ui2d
                0x000030ec                __floatsidf
                0x000030ec                __aeabi_i2d
                0x00003110                __aeabi_f2d
                0x00003110                __extendsfdf2
                0x0000314c                __floatundidf
                0x0000314c                __aeabi_ul2d
                0x0000315c                __floatdidf
                0x0000315c                __aeabi_l2d
 .text          0x000031b8      0x424 d:/program files (x86)/cypress/psoc creator/3.3/psoc creator/import/gnu/arm/4.9.3/bin/../lib/gcc/arm-none-eabi/4.9.3/armv7-m\libgcc.a(_arm_muldivdf3.o)
                0x000031b8                __aeabi_dmul
                0x000031b8                __muldf3
                0x0000340c                __divdf3
                0x0000340c                __aeabi_ddiv
 .text          0x000035dc       0xa0 d:/program files (x86)/cypress/psoc creator/3.3/psoc creator/import/gnu/arm/4.9.3/bin/../lib/gcc/arm-none-eabi/4.9.3/armv7-m\libgcc.a(_arm_truncdfsf2.o)
                0x000035dc                __truncdfsf2
                0x000035dc                __aeabi_d2f
 .text          0x0000367c      0x21c d:/program files (x86)/cypress/psoc creator/3.3/psoc creator/import/gnu/arm/4.9.3/bin/../lib/gcc/arm-none-eabi/4.9.3/armv7-m\libgcc.a(_arm_addsubsf3.o)
                0x0000367c                __aeabi_frsub
                0x00003684                __subsf3
                0x00003684                __aeabi_fsub
                0x00003688                __aeabi_fadd
                0x00003688                __addsf3
                0x000037e8                __aeabi_ui2f
                0x000037e8                __floatunsisf
                0x000037f0                __aeabi_i2f
                0x000037f0                __floatsisf
                0x0000380c                __aeabi_ul2f
                0x0000380c                __floatundisf
                0x0000381c                __aeabi_l2f
                0x0000381c                __floatdisf
 .text          0x00003898       0xec d:/program files (x86)/cypress/psoc creator/3.3/psoc creator/import/gnu/arm/4.9.3/bin/../lib/gcc/arm-none-eabi/4.9.3/armv7-m\libgcc.a(_arm_cmpsf2.o)
                0x00003898                __gesf2
                0x00003898                __gtsf2
                0x000038a0                __lesf2
                0x000038a0                __ltsf2
                0x000038a8                __nesf2
                0x000038a8                __eqsf2
                0x000038a8                __cmpsf2
                0x00003908                __aeabi_cfrcmple
                0x00003910                __aeabi_cfcmpeq
                0x00003910                __aeabi_cfcmple
                0x00003920                __aeabi_fcmpeq
                0x00003934                __aeabi_fcmplt
                0x00003948                __aeabi_fcmple
                0x0000395c                __aeabi_fcmpge
                0x00003970                __aeabi_fcmpgt
 .text          0x00003984       0x4c d:/program files (x86)/cypress/psoc creator/3.3/psoc creator/import/gnu/arm/4.9.3/bin/../lib/gcc/arm-none-eabi/4.9.3/armv7-m\libgcc.a(_arm_fixsfsi.o)
                0x00003984                __aeabi_f2iz
                0x00003984                __fixsfsi
 .text.__libc_init_array
                0x000039d0       0x4c d:/program files (x86)/cypress/psoc creator/3.3/psoc creator/import/gnu/arm/4.9.3/bin/../lib/gcc/arm-none-eabi/4.9.3/../../../../arm-none-eabi/lib/armv7-m\libg_nano.a(lib_a-init.o)
                0x000039d0                __libc_init_array
 .text.memcpy   0x00003a1c       0x16 d:/program files (x86)/cypress/psoc creator/3.3/psoc creator/import/gnu/arm/4.9.3/bin/../lib/gcc/arm-none-eabi/4.9.3/../../../../arm-none-eabi/lib/armv7-m\libg_nano.a(lib_a-memcpy.o)
                0x00003a1c                memcpy
 .text.memset   0x00003a32       0x10 d:/program files (x86)/cypress/psoc creator/3.3/psoc creator/import/gnu/arm/4.9.3/bin/../lib/gcc/arm-none-eabi/4.9.3/../../../../arm-none-eabi/lib/armv7-m\libg_nano.a(lib_a-memset.o)
                0x00003a32                memset
 *(.plt)
 *(.gnu.warning)
 *(.glue_7t)
 .glue_7t       0x00000000        0x0 linker stubs
 *(.glue_7)
 .glue_7        0x00000000        0x0 linker stubs
 *(.vfp11_veneer)
 .vfp11_veneer  0x00000000        0x0 linker stubs
 *(.bootloader)
 *(.ARM.extab* .gnu.linkonce.armextab.*)
 *(.gcc_except_table)

.v4_bx          0x00003a44        0x0
 .v4_bx         0x00000000        0x0 linker stubs

.iplt           0x00003a44        0x0
 .iplt          0x00000000        0x0 d:/program files (x86)/cypress/psoc creator/3.3/psoc creator/import/gnu/arm/4.9.3/bin/../lib/gcc/arm-none-eabi/4.9.3/armv7-m/crtbegin.o

.eh_frame_hdr
 *(.eh_frame_hdr)

.eh_frame       0x00003a44        0x4
 *(.eh_frame)
 .eh_frame      0x00003a44        0x0 d:/program files (x86)/cypress/psoc creator/3.3/psoc creator/import/gnu/arm/4.9.3/bin/../lib/gcc/arm-none-eabi/4.9.3/armv7-m/crtbegin.o
 .eh_frame      0x00003a44        0x4 d:/program files (x86)/cypress/psoc creator/3.3/psoc creator/import/gnu/arm/4.9.3/bin/../lib/gcc/arm-none-eabi/4.9.3/armv7-m/crtend.o
                0x00003a48                PROVIDE (__exidx_start, .)

.ARM.exidx
 *(.ARM.exidx* .gnu.linkonce.armexidx.*)
                0x00003a48                __exidx_end = .

.rodata         0x00003a48      0x2e8
 *(.rodata .rodata.* .gnu.linkonce.r.*)
 .rodata.str1.4
                0x00003a48       0xe6 .\CortexM3\ARM_GCC_493\Debug\main.o
                                 0xe8 (size before relaxing)
 .rodata.str1.4
                0x00000000       0xe6 .\CortexM3\ARM_GCC_493\Debug\Control.o
                                  0x8 (size before relaxing)
 *fill*         0x00003b2e        0x2 
 .rodata        0x00003b30       0x58 .\CortexM3\ARM_GCC_493\Debug\UAV_Control.a(cyfitter_cfg.o)
 .rodata.str1.4
                0x00003b88       0x14 .\CortexM3\ARM_GCC_493\Debug\UAV_Control.a(USBUART_1_std.o)
 .rodata        0x00003b9c      0x160 .\CortexM3\ARM_GCC_493\Debug\UAV_Control.a(USBUART_1_descr.o)
                0x00003b9c                USBUART_1_TABLE
                0x00003ba4                USBUART_1_DEVICE0_TABLE
                0x00003bbc                USBUART_1_DEVICE0_CONFIGURATION0_TABLE
                0x00003be4                USBUART_1_DEVICE0_CONFIGURATION0_INTERFACE_CLASS
                0x00003be8                USBUART_1_DEVICE0_CONFIGURATION0_EP_SETTINGS_TABLE
                0x00003c00                USBUART_1_SN_STRING_DESCRIPTOR
                0x00003c04                USBUART_1_STRING_DESCRIPTORS
                0x00003ca4                USBUART_1_DEVICE0_CONFIGURATION0_DESCR
                0x00003ce8                USBUART_1_DEVICE0_DESCR
                0x00003cfc                . = ALIGN (0x4)
 *(.init)
 .init          0x00003cfc        0x4 d:/program files (x86)/cypress/psoc creator/3.3/psoc creator/import/gnu/arm/4.9.3/bin/../lib/gcc/arm-none-eabi/4.9.3/armv7-m/crti.o
                0x00003cfc                _init
 .init          0x00003d00        0x8 d:/program files (x86)/cypress/psoc creator/3.3/psoc creator/import/gnu/arm/4.9.3/bin/../lib/gcc/arm-none-eabi/4.9.3/armv7-m/crtn.o
                0x00003d08                . = ALIGN (0x4)
                0x00003d08                __preinit_array_start = .
 *(.preinit_array)
                0x00003d08                __preinit_array_end = .
                0x00003d08                . = ALIGN (0x4)
                0x00003d08                __init_array_start = .
 *(SORT(.init_array.*))
 *(.init_array)
 .init_array    0x00003d08        0x4 d:/program files (x86)/cypress/psoc creator/3.3/psoc creator/import/gnu/arm/4.9.3/bin/../lib/gcc/arm-none-eabi/4.9.3/armv7-m/crtbegin.o
 .init_array    0x00003d0c        0x4 .\CortexM3\ARM_GCC_493\Debug\Cm3Start.o
                0x00003d10                __init_array_end = .
                0x00003d10                . = ALIGN (0x4)
 *(.fini)
 .fini          0x00003d10        0x4 d:/program files (x86)/cypress/psoc creator/3.3/psoc creator/import/gnu/arm/4.9.3/bin/../lib/gcc/arm-none-eabi/4.9.3/armv7-m/crti.o
                0x00003d10                _fini
 .fini          0x00003d14        0x8 d:/program files (x86)/cypress/psoc creator/3.3/psoc creator/import/gnu/arm/4.9.3/bin/../lib/gcc/arm-none-eabi/4.9.3/armv7-m/crtn.o
                0x00003d1c                . = ALIGN (0x4)
                0x00003d1c                __fini_array_start = .
 *(.fini_array)
 .fini_array    0x00003d1c        0x4 d:/program files (x86)/cypress/psoc creator/3.3/psoc creator/import/gnu/arm/4.9.3/bin/../lib/gcc/arm-none-eabi/4.9.3/armv7-m/crtbegin.o
 *(SORT(.fini_array.*))
                0x00003d20                __fini_array_end = .
                0x00003d20                . = ALIGN (0x4)
 *crtbegin.o(.ctors)
 *(EXCLUDE_FILE(*crtend.o) .ctors)
 *(SORT(.ctors.*))
 *crtend.o(.ctors)
                0x00003d20                . = ALIGN (0x4)
 *crtbegin.o(.dtors)
 *(EXCLUDE_FILE(*crtend.o) .dtors)
 *(SORT(.dtors.*))
 *crtend.o(.dtors)
                0x00003d20                . = ALIGN (0x4)
                0x00003d20                __cy_regions = .
                0x00003d20        0x4 LONG 0x3d30 __cy_region_init_ram
                0x00003d24        0x4 LONG 0x1fff8108 __cy_region_start_data
                0x00003d28        0x4 LONG 0x30 __cy_region_init_size_ram
                0x00003d2c        0x4 LONG 0x338 __cy_region_zero_size_ram
                0x00003d30                __cy_regions_end = .
                0x00003d30                . = ALIGN (0x8)
                0x00003d30                _etext = .

.cy_checksum_exclude
                0x00003d30        0x0
 *(.cy_checksum_exclude)

.ramvectors     0x1fff8000      0x100
                0x1fff8000                __cy_region_start_ram = .
 *(.ramvectors)
 .ramvectors    0x1fff8000      0x100 .\CortexM3\ARM_GCC_493\Debug\Cm3Start.o
                0x1fff8000                CyRamVectors

.noinit         0x1fff8100        0x5
 *(.noinit)
 .noinit        0x1fff8100        0x4 .\CortexM3\ARM_GCC_493\Debug\Cm3Start.o
 .noinit        0x1fff8104        0x1 .\CortexM3\ARM_GCC_493\Debug\UAV_Control.a(CyLib.o)
                0x1fff8104                CyResetStatus

.data           0x1fff8108       0x30 load address 0x00003d30
                0x1fff8108                __cy_region_start_data = .
 *(.jcr)
 .jcr           0x1fff8108        0x0 d:/program files (x86)/cypress/psoc creator/3.3/psoc creator/import/gnu/arm/4.9.3/bin/../lib/gcc/arm-none-eabi/4.9.3/armv7-m/crtbegin.o
 .jcr           0x1fff8108        0x4 d:/program files (x86)/cypress/psoc creator/3.3/psoc creator/import/gnu/arm/4.9.3/bin/../lib/gcc/arm-none-eabi/4.9.3/armv7-m/crtend.o
 *(.got.plt)
 *(.got)
 *(.shdata)
 *(.data .data.* .gnu.linkonce.d.*)
 .data          0x1fff810c       0x10 .\CortexM3\ARM_GCC_493\Debug\UAV_Control.a(CyLib.o)
                0x1fff810c                cydelay_32k_ms
                0x1fff8110                cydelay_freq_khz
                0x1fff8114                cydelay_freq_mhz
                0x1fff8118                cydelay_freq_hz
 .data          0x1fff811c       0x1c .\CortexM3\ARM_GCC_493\Debug\UAV_Control.a(USBUART_1_cdc.o)
                0x1fff811c                USBUART_1_linesCoding
                0x1fff8138                . = ALIGN (0x8)
 *(.ram)
                0x1fff8138                _edata = .

.igot.plt       0x1fff8138        0x0 load address 0x00003d60
 .igot.plt      0x00000000        0x0 d:/program files (x86)/cypress/psoc creator/3.3/psoc creator/import/gnu/arm/4.9.3/bin/../lib/gcc/arm-none-eabi/4.9.3/armv7-m/crtbegin.o

.bss            0x1fff8138      0x338 load address 0x00003d60
                0x1fff8138                PROVIDE (__bss_start__, .)
 *(.shbss)
 *(.bss .bss.* .gnu.linkonce.b.*)
 .bss           0x1fff8138       0x1c d:/program files (x86)/cypress/psoc creator/3.3/psoc creator/import/gnu/arm/4.9.3/bin/../lib/gcc/arm-none-eabi/4.9.3/armv7-m/crtbegin.o
 .bss           0x1fff8154       0x1c .\CortexM3\ARM_GCC_493\Debug\main.o
                0x1fff8154                BT_Throttle
                0x1fff8158                BT_Yaw
                0x1fff815c                BT_Roll
                0x1fff8160                BT_Pitch
                0x1fff8164                flag
                0x1fff8168                flag_55
                0x1fff816c                flag_rec
 .bss           0x1fff8170        0x4 .\CortexM3\ARM_GCC_493\Debug\Control.o
                0x1fff8170                tmpcount
 .bss           0x1fff8174        0x1 .\CortexM3\ARM_GCC_493\Debug\UAV_Control.a(PWM_1.o)
                0x1fff8174                PWM_1_initVar
 .bss           0x1fff8175        0x1 .\CortexM3\ARM_GCC_493\Debug\UAV_Control.a(PWM_2.o)
                0x1fff8175                PWM_2_initVar
 .bss           0x1fff8176        0x2 .\CortexM3\ARM_GCC_493\Debug\UAV_Control.a(LCD.o)
                0x1fff8176                LCD_enableState
                0x1fff8177                LCD_initVar
 .bss           0x1fff8178        0x1 .\CortexM3\ARM_GCC_493\Debug\UAV_Control.a(Timer_1.o)
                0x1fff8178                Timer_1_initVar
 .bss           0x1fff8179        0x1 .\CortexM3\ARM_GCC_493\Debug\UAV_Control.a(UART_Bluetooth.o)
                0x1fff8179                UART_Bluetooth_initVar
 .bss           0x1fff817a        0x1 .\CortexM3\ARM_GCC_493\Debug\UAV_Control.a(USBUART_1.o)
                0x1fff817a                USBUART_1_initVar
 .bss           0x1fff817b        0x1 .\CortexM3\ARM_GCC_493\Debug\UAV_Control.a(USBUART_1_cdc.o)
 .bss           0x1fff817c        0x4 .\CortexM3\ARM_GCC_493\Debug\UAV_Control.a(USBUART_1_std.o)
 .bss           0x1fff8180        0x1 .\CortexM3\ARM_GCC_493\Debug\UAV_Control.a(UART_JY901.o)
                0x1fff8180                UART_JY901_initVar
 *(COMMON)
 *fill*         0x1fff8181        0x3 
 COMMON         0x1fff8184      0x1b4 .\CortexM3\ARM_GCC_493\Debug\main.o
                0x1fff8184                Yaw
                0x1fff8188                tmp
                0x1fff818c                AccelY
                0x1fff8190                MagY
                0x1fff8194                DisplayBuffer
                0x1fff8214                Motor_v_3
                0x1fff8218                f_tmp
                0x1fff821c                Temperature
                0x1fff8220                float2int_tmp
                0x1fff8224                Height
                0x1fff8228                pitch_angle_offset
                0x1fff822c                Motor_v_4
                0x1fff8230                Desire_w_yaw
                0x1fff8234                BTRxBufLen
                0x1fff8238                sum
                0x1fff823c                last_Motor_v_3
                0x1fff8240                tmp2
                0x1fff8244                Roll
                0x1fff8248                Motor_v_2
                0x1fff824c                tmpbuf
                0x1fff8258                Desire_angle_roll
                0x1fff825c                roll_angle_offset
                0x1fff8260                Motor_v_1
                0x1fff8264                MagX
                0x1fff8268                i
                0x1fff826c                LCDBuffer
                0x1fff827c                last_Motor_v_2
                0x1fff8280                symbol
                0x1fff8284                MagZ
                0x1fff8288                JY901RxBuf
                0x1fff82c8                OmegaY
                0x1fff82cc                last_Motor_v_4
                0x1fff82d0                OmegaX
                0x1fff82d4                BTRxBuf
                0x1fff8314                decode_success
                0x1fff8318                AccelZ
                0x1fff831c                AccelX
                0x1fff8320                JY901RxBufLen
                0x1fff8324                Pressure
                0x1fff8328                last_Motor_v_1
                0x1fff832c                Pitch
                0x1fff8330                Desire_angle_pitch
                0x1fff8334                OmegaZ
 COMMON         0x1fff8338       0x60 .\CortexM3\ARM_GCC_493\Debug\Control.o
                0x1fff8338                Control_Yaw
                0x1fff833c                int_Error_w_roll
                0x1fff8340                last_Error_roll
                0x1fff8344                set_speed_3
                0x1fff8348                last_Error_w_yaw
                0x1fff834c                int_Error_w_pitch
                0x1fff8350                last_Error_w_roll
                0x1fff8354                Desire_w_pitch
                0x1fff8358                Error_w_yaw
                0x1fff835c                Desire_w_roll
                0x1fff8360                int_Error_pitch
                0x1fff8364                set_speed_1
                0x1fff8368                Control_Roll
                0x1fff836c                last_Error_w_pitch
                0x1fff8370                set_speed_2
                0x1fff8374                Error_pitch
                0x1fff8378                last_Error_pitch
                0x1fff837c                Control_Pitch
                0x1fff8380                Error_w_roll
                0x1fff8384                int_Error_w_yaw
                0x1fff8388                int_Error_roll
                0x1fff838c                set_speed_4
                0x1fff8390                Error_w_pitch
                0x1fff8394                Error_roll
 COMMON         0x1fff8398       0x18 .\CortexM3\ARM_GCC_493\Debug\UAV_Control.a(USBUART_1_cdc.o)
                0x1fff8398                USBUART_1_cdcDataInEp
                0x1fff839c                USBUART_1_cdcDataOutEp
                0x1fff83a0                USBUART_1_cdcCommInInterruptEp
                0x1fff83a4                USBUART_1_serialStateBitmap
                0x1fff83a8                USBUART_1_linesChanged
                0x1fff83ac                USBUART_1_linesControlBitmap
 COMMON         0x1fff83b0       0x97 .\CortexM3\ARM_GCC_493\Debug\UAV_Control.a(USBUART_1_drv.o)
                0x1fff83b0                USBUART_1_interfaceSettingLast
                0x1fff83b2                USBUART_1_ep0Mode
                0x1fff83b3                USBUART_1_lastPacketSize
                0x1fff83b4                USBUART_1_configurationChanged
                0x1fff83b5                USBUART_1_configuration
                0x1fff83b6                USBUART_1_interfaceNumber
                0x1fff83b7                USBUART_1_deviceStatus
                0x1fff83b8                USBUART_1_ep0Toggle
                0x1fff83bc                USBUART_1_interfaceClass
                0x1fff83c0                USBUART_1_interfaceSetting
                0x1fff83c4                USBUART_1_currentTD
                0x1fff83d0                USBUART_1_ep0Count
                0x1fff83d4                USBUART_1_EP
                0x1fff8440                USBUART_1_transferByteCount
                0x1fff8442                USBUART_1_transferState
                0x1fff8443                USBUART_1_device
                0x1fff8444                USBUART_1_interfaceStatus
                0x1fff8446                USBUART_1_deviceAddress
 *fill*         0x1fff8447        0x1 
 COMMON         0x1fff8448       0x22 .\CortexM3\ARM_GCC_493\Debug\UAV_Control.a(USBUART_1_descr.o)
                0x1fff8448                USBUART_1_idSerialNumberStringDescriptor
                0x1fff8470                . = ALIGN (0x8)
 *fill*         0x1fff846a        0x6 
 *(.ram.b)
                0x1fff8470                _end = .
                0x1fff8470                __end = .
                0x1fff8470                PROVIDE (end, .)
                0x1fff8470                PROVIDE (__bss_end__, .)
                0x00003d30                __cy_region_init_ram = LOADADDR (.data)
                0x00000030                __cy_region_init_size_ram = (_edata - ADDR (.data))
                0x00000338                __cy_region_zero_size_ram = (_end - _edata)

.heap           0x1fff8470       0x80 load address 0x00003d60
                0x1fff8470                . = _end
                0x1fff84f0                . = (. + 0x80)
 *fill*         0x1fff8470       0x80 
                0x1fff84f0                __cy_heap_limit = .

.stack          0x20007800      0x800
                0x20007800                __cy_stack_limit = .
                0x20008000                . = (. + 0x800)
 *fill*         0x20007800      0x800 
                0x00000001                ASSERT ((__cy_stack_limit >= __cy_heap_limit), region RAM overflowed with stack)
                0x00000000                cy_checksum_exclude_size = (CY_APPL_LOADABLE == 0x1)?SIZEOF (.cy_checksum_exclude):0x0
                0x00000001                ASSERT ((cy_checksum_exclude_size <= CY_CHECKSUM_EXCLUDE_SIZE), CY_BOOT: Section .cy_checksum_exclude size exceedes specified limit.)

.cyloadermeta
 *(.cyloadermeta)

.cyloadablemeta
 *(.cyloadablemeta)

.cyconfigecc    0x80000000      0x73c
 *(.cyconfigecc)
 .cyconfigecc   0x80000000      0x73c .\CortexM3\ARM_GCC_493\Debug\cymetadata.o
                0x80000000                cy_meta_configecc

.cycustnvl      0x90000000        0x4
 *(.cycustnvl)
 .cycustnvl     0x90000000        0x4 .\CortexM3\ARM_GCC_493\Debug\cymetadata.o
                0x90000000                cy_meta_custnvl

.cywolatch      0x90100000        0x4
 *(.cywolatch)
 .cywolatch     0x90100000        0x4 .\CortexM3\ARM_GCC_493\Debug\cymetadata.o
                0x90100000                cy_meta_wonvl

.cyeeprom       0x90200000        0x0
 *(.cyeeprom)
                0x00000001                ASSERT ((. <= ((0x90200000 + ee_offset) + ee_size)), .cyeeprom data will not fit in EEPROM)

.cyflashprotect
                0x90400000      0x100
 *(.cyflashprotect)
 .cyflashprotect
                0x90400000      0x100 .\CortexM3\ARM_GCC_493\Debug\cymetadata.o
                0x90400000                cy_meta_flashprotect

.cymeta         0x90500000        0xc
 *(.cymeta)
 .cymeta        0x90500000        0xc .\CortexM3\ARM_GCC_493\Debug\cymetadata.o
                0x90500000                cy_metadata

.rel.dyn        0x00003d60        0x0 load address 0x9050000c
 .rel.iplt      0x00000000        0x0 d:/program files (x86)/cypress/psoc creator/3.3/psoc creator/import/gnu/arm/4.9.3/bin/../lib/gcc/arm-none-eabi/4.9.3/armv7-m/crtbegin.o

.stab
 *(.stab)

.stabstr
 *(.stabstr)

.debug
 *(.debug)

.line
 *(.line)

.debug_srcinfo
 *(.debug_srcinfo)

.debug_sfnames
 *(.debug_sfnames)

.debug_aranges  0x00000000      0xf98
 *(.debug_aranges)
 .debug_aranges
                0x00000000       0xb0 .\CortexM3\ARM_GCC_493\Debug\main.o
 .debug_aranges
                0x000000b0       0x28 .\CortexM3\ARM_GCC_493\Debug\Control.o
 .debug_aranges
                0x000000d8       0x18 .\CortexM3\ARM_GCC_493\Debug\cymetadata.o
 .debug_aranges
                0x000000f0       0x48 .\CortexM3\ARM_GCC_493\Debug\Cm3Start.o
 .debug_aranges
                0x00000138       0x58 .\CortexM3\ARM_GCC_493\Debug\UAV_Control.a(cyfitter_cfg.o)
 .debug_aranges
                0x00000190       0x90 .\CortexM3\ARM_GCC_493\Debug\UAV_Control.a(PWM_1.o)
 .debug_aranges
                0x00000220       0x90 .\CortexM3\ARM_GCC_493\Debug\UAV_Control.a(PWM_2.o)
 .debug_aranges
                0x000002b0       0x98 .\CortexM3\ARM_GCC_493\Debug\UAV_Control.a(LCD.o)
 .debug_aranges
                0x00000348       0x90 .\CortexM3\ARM_GCC_493\Debug\UAV_Control.a(Timer_1.o)
 .debug_aranges
                0x000003d8       0x20 .\CortexM3\ARM_GCC_493\Debug\UAV_Control.a(CyBootAsmGnu.o)
 .debug_aranges
                0x000003f8      0x298 .\CortexM3\ARM_GCC_493\Debug\UAV_Control.a(CyLib.o)
 .debug_aranges
                0x00000690       0x98 .\CortexM3\ARM_GCC_493\Debug\UAV_Control.a(cyPm.o)
 .debug_aranges
                0x00000728       0x80 .\CortexM3\ARM_GCC_493\Debug\UAV_Control.a(isr_Timer_1.o)
 .debug_aranges
                0x000007a8       0x98 .\CortexM3\ARM_GCC_493\Debug\UAV_Control.a(UART_Bluetooth.o)
 .debug_aranges
                0x00000840       0x80 .\CortexM3\ARM_GCC_493\Debug\UAV_Control.a(isr_RX.o)
 .debug_aranges
                0x000008c0       0x70 .\CortexM3\ARM_GCC_493\Debug\UAV_Control.a(UART_Bluetooth_IntClock.o)
 .debug_aranges
                0x00000930       0xc8 .\CortexM3\ARM_GCC_493\Debug\UAV_Control.a(USBUART_1.o)
 .debug_aranges
                0x000009f8       0xe8 .\CortexM3\ARM_GCC_493\Debug\UAV_Control.a(USBUART_1_cdc.o)
 .debug_aranges
                0x00000ae0       0x98 .\CortexM3\ARM_GCC_493\Debug\UAV_Control.a(USBUART_1_drv.o)
 .debug_aranges
                0x00000b78       0x40 .\CortexM3\ARM_GCC_493\Debug\UAV_Control.a(USBUART_1_episr.o)
 .debug_aranges
                0x00000bb8       0x40 .\CortexM3\ARM_GCC_493\Debug\UAV_Control.a(USBUART_1_pm.o)
 .debug_aranges
                0x00000bf8       0x80 .\CortexM3\ARM_GCC_493\Debug\UAV_Control.a(USBUART_1_std.o)
 .debug_aranges
                0x00000c78       0x20 .\CortexM3\ARM_GCC_493\Debug\UAV_Control.a(USBUART_1_vnd.o)
 .debug_aranges
                0x00000c98       0x48 .\CortexM3\ARM_GCC_493\Debug\UAV_Control.a(USBUART_1_Dp.o)
 .debug_aranges
                0x00000ce0       0x80 .\CortexM3\ARM_GCC_493\Debug\UAV_Control.a(isr_jyRX.o)
 .debug_aranges
                0x00000d60       0x98 .\CortexM3\ARM_GCC_493\Debug\UAV_Control.a(UART_JY901.o)
 .debug_aranges
                0x00000df8       0x70 .\CortexM3\ARM_GCC_493\Debug\UAV_Control.a(UART_JY901_IntClock.o)
 .debug_aranges
                0x00000e68       0x80 .\CortexM3\ARM_GCC_493\Debug\UAV_Control.a(CyFlash.o)
 .debug_aranges
                0x00000ee8       0x78 .\CortexM3\ARM_GCC_493\Debug\UAV_Control.a(CySpc.o)
 .debug_aranges
                0x00000f60       0x20 .\CortexM3\ARM_GCC_493\Debug\UAV_Control.a(USBUART_1_cls.o)
 .debug_aranges
                0x00000f80       0x18 .\CortexM3\ARM_GCC_493\Debug\UAV_Control.a(USBUART_1_descr.o)

.debug_pubnames
 *(.debug_pubnames)

.debug_info     0x00000000     0xa181
 *(.debug_info .gnu.linkonce.wi.*)
 .debug_info    0x00000000     0x1271 .\CortexM3\ARM_GCC_493\Debug\main.o
 .debug_info    0x00001271      0x491 .\CortexM3\ARM_GCC_493\Debug\Control.o
 .debug_info    0x00001702      0x13f .\CortexM3\ARM_GCC_493\Debug\cymetadata.o
 .debug_info    0x00001841      0x39f .\CortexM3\ARM_GCC_493\Debug\Cm3Start.o
 .debug_info    0x00001be0      0x5d7 .\CortexM3\ARM_GCC_493\Debug\UAV_Control.a(cyfitter_cfg.o)
 .debug_info    0x000021b7      0x2e2 .\CortexM3\ARM_GCC_493\Debug\UAV_Control.a(PWM_1.o)
 .debug_info    0x00002499      0x2e2 .\CortexM3\ARM_GCC_493\Debug\UAV_Control.a(PWM_2.o)
 .debug_info    0x0000277b      0x716 .\CortexM3\ARM_GCC_493\Debug\UAV_Control.a(LCD.o)
 .debug_info    0x00002e91      0x2eb .\CortexM3\ARM_GCC_493\Debug\UAV_Control.a(Timer_1.o)
 .debug_info    0x0000317c       0x7a .\CortexM3\ARM_GCC_493\Debug\UAV_Control.a(CyBootAsmGnu.o)
 .debug_info    0x000031f6     0x136f .\CortexM3\ARM_GCC_493\Debug\UAV_Control.a(CyLib.o)
 .debug_info    0x00004565      0xa57 .\CortexM3\ARM_GCC_493\Debug\UAV_Control.a(cyPm.o)
 .debug_info    0x00004fbc      0x2cb .\CortexM3\ARM_GCC_493\Debug\UAV_Control.a(isr_Timer_1.o)
 .debug_info    0x00005287      0x39e .\CortexM3\ARM_GCC_493\Debug\UAV_Control.a(UART_Bluetooth.o)
 .debug_info    0x00005625      0x2cb .\CortexM3\ARM_GCC_493\Debug\UAV_Control.a(isr_RX.o)
 .debug_info    0x000058f0      0x283 .\CortexM3\ARM_GCC_493\Debug\UAV_Control.a(UART_Bluetooth_IntClock.o)
 .debug_info    0x00005b73      0x9b0 .\CortexM3\ARM_GCC_493\Debug\UAV_Control.a(USBUART_1.o)
 .debug_info    0x00006523      0xb16 .\CortexM3\ARM_GCC_493\Debug\UAV_Control.a(USBUART_1_cdc.o)
 .debug_info    0x00007039      0x649 .\CortexM3\ARM_GCC_493\Debug\UAV_Control.a(USBUART_1_drv.o)
 .debug_info    0x00007682      0x244 .\CortexM3\ARM_GCC_493\Debug\UAV_Control.a(USBUART_1_episr.o)
 .debug_info    0x000078c6      0x2ef .\CortexM3\ARM_GCC_493\Debug\UAV_Control.a(USBUART_1_pm.o)
 .debug_info    0x00007bb5      0xb35 .\CortexM3\ARM_GCC_493\Debug\UAV_Control.a(USBUART_1_std.o)
 .debug_info    0x000086ea       0xe6 .\CortexM3\ARM_GCC_493\Debug\UAV_Control.a(USBUART_1_vnd.o)
 .debug_info    0x000087d0      0x174 .\CortexM3\ARM_GCC_493\Debug\UAV_Control.a(USBUART_1_Dp.o)
 .debug_info    0x00008944      0x2cb .\CortexM3\ARM_GCC_493\Debug\UAV_Control.a(isr_jyRX.o)
 .debug_info    0x00008c0f      0x39e .\CortexM3\ARM_GCC_493\Debug\UAV_Control.a(UART_JY901.o)
 .debug_info    0x00008fad      0x283 .\CortexM3\ARM_GCC_493\Debug\UAV_Control.a(UART_JY901_IntClock.o)
 .debug_info    0x00009230      0x608 .\CortexM3\ARM_GCC_493\Debug\UAV_Control.a(CyFlash.o)
 .debug_info    0x00009838      0x4ea .\CortexM3\ARM_GCC_493\Debug\UAV_Control.a(CySpc.o)
 .debug_info    0x00009d22      0x1d2 .\CortexM3\ARM_GCC_493\Debug\UAV_Control.a(USBUART_1_cls.o)
 .debug_info    0x00009ef4      0x28d .\CortexM3\ARM_GCC_493\Debug\UAV_Control.a(USBUART_1_descr.o)

.debug_abbrev   0x00000000     0x2cb3
 *(.debug_abbrev)
 .debug_abbrev  0x00000000      0x257 .\CortexM3\ARM_GCC_493\Debug\main.o
 .debug_abbrev  0x00000257      0x105 .\CortexM3\ARM_GCC_493\Debug\Control.o
 .debug_abbrev  0x0000035c       0x77 .\CortexM3\ARM_GCC_493\Debug\cymetadata.o
 .debug_abbrev  0x000003d3      0x200 .\CortexM3\ARM_GCC_493\Debug\Cm3Start.o
 .debug_abbrev  0x000005d3      0x212 .\CortexM3\ARM_GCC_493\Debug\UAV_Control.a(cyfitter_cfg.o)
 .debug_abbrev  0x000007e5      0x12d .\CortexM3\ARM_GCC_493\Debug\UAV_Control.a(PWM_1.o)
 .debug_abbrev  0x00000912      0x12d .\CortexM3\ARM_GCC_493\Debug\UAV_Control.a(PWM_2.o)
 .debug_abbrev  0x00000a3f      0x171 .\CortexM3\ARM_GCC_493\Debug\UAV_Control.a(LCD.o)
 .debug_abbrev  0x00000bb0      0x145 .\CortexM3\ARM_GCC_493\Debug\UAV_Control.a(Timer_1.o)
 .debug_abbrev  0x00000cf5       0x14 .\CortexM3\ARM_GCC_493\Debug\UAV_Control.a(CyBootAsmGnu.o)
 .debug_abbrev  0x00000d09      0x296 .\CortexM3\ARM_GCC_493\Debug\UAV_Control.a(CyLib.o)
 .debug_abbrev  0x00000f9f      0x1ed .\CortexM3\ARM_GCC_493\Debug\UAV_Control.a(cyPm.o)
 .debug_abbrev  0x0000118c      0x173 .\CortexM3\ARM_GCC_493\Debug\UAV_Control.a(isr_Timer_1.o)
 .debug_abbrev  0x000012ff      0x16d .\CortexM3\ARM_GCC_493\Debug\UAV_Control.a(UART_Bluetooth.o)
 .debug_abbrev  0x0000146c      0x173 .\CortexM3\ARM_GCC_493\Debug\UAV_Control.a(isr_RX.o)
 .debug_abbrev  0x000015df      0x139 .\CortexM3\ARM_GCC_493\Debug\UAV_Control.a(UART_Bluetooth_IntClock.o)
 .debug_abbrev  0x00001718      0x25e .\CortexM3\ARM_GCC_493\Debug\UAV_Control.a(USBUART_1.o)
 .debug_abbrev  0x00001976      0x28b .\CortexM3\ARM_GCC_493\Debug\UAV_Control.a(USBUART_1_cdc.o)
 .debug_abbrev  0x00001c01      0x18b .\CortexM3\ARM_GCC_493\Debug\UAV_Control.a(USBUART_1_drv.o)
 .debug_abbrev  0x00001d8c      0x11b .\CortexM3\ARM_GCC_493\Debug\UAV_Control.a(USBUART_1_episr.o)
 .debug_abbrev  0x00001ea7      0x146 .\CortexM3\ARM_GCC_493\Debug\UAV_Control.a(USBUART_1_pm.o)
 .debug_abbrev  0x00001fed      0x23d .\CortexM3\ARM_GCC_493\Debug\UAV_Control.a(USBUART_1_std.o)
 .debug_abbrev  0x0000222a       0x9b .\CortexM3\ARM_GCC_493\Debug\UAV_Control.a(USBUART_1_vnd.o)
 .debug_abbrev  0x000022c5       0x90 .\CortexM3\ARM_GCC_493\Debug\UAV_Control.a(USBUART_1_Dp.o)
 .debug_abbrev  0x00002355      0x173 .\CortexM3\ARM_GCC_493\Debug\UAV_Control.a(isr_jyRX.o)
 .debug_abbrev  0x000024c8      0x16d .\CortexM3\ARM_GCC_493\Debug\UAV_Control.a(UART_JY901.o)
 .debug_abbrev  0x00002635      0x139 .\CortexM3\ARM_GCC_493\Debug\UAV_Control.a(UART_JY901_IntClock.o)
 .debug_abbrev  0x0000276e      0x1ed .\CortexM3\ARM_GCC_493\Debug\UAV_Control.a(CyFlash.o)
 .debug_abbrev  0x0000295b      0x1c1 .\CortexM3\ARM_GCC_493\Debug\UAV_Control.a(CySpc.o)
 .debug_abbrev  0x00002b1c       0xe3 .\CortexM3\ARM_GCC_493\Debug\UAV_Control.a(USBUART_1_cls.o)
 .debug_abbrev  0x00002bff       0xb4 .\CortexM3\ARM_GCC_493\Debug\UAV_Control.a(USBUART_1_descr.o)

.debug_line     0x00000000     0x3e7a
 *(.debug_line)
 .debug_line    0x00000000      0x5dc .\CortexM3\ARM_GCC_493\Debug\main.o
 .debug_line    0x000005dc      0x335 .\CortexM3\ARM_GCC_493\Debug\Control.o
 .debug_line    0x00000911       0x53 .\CortexM3\ARM_GCC_493\Debug\cymetadata.o
 .debug_line    0x00000964      0x249 .\CortexM3\ARM_GCC_493\Debug\Cm3Start.o
 .debug_line    0x00000bad      0x202 .\CortexM3\ARM_GCC_493\Debug\UAV_Control.a(cyfitter_cfg.o)
 .debug_line    0x00000daf      0x163 .\CortexM3\ARM_GCC_493\Debug\UAV_Control.a(PWM_1.o)
 .debug_line    0x00000f12      0x163 .\CortexM3\ARM_GCC_493\Debug\UAV_Control.a(PWM_2.o)
 .debug_line    0x00001075      0x1de .\CortexM3\ARM_GCC_493\Debug\UAV_Control.a(LCD.o)
 .debug_line    0x00001253      0x174 .\CortexM3\ARM_GCC_493\Debug\UAV_Control.a(Timer_1.o)
 .debug_line    0x000013c7       0x68 .\CortexM3\ARM_GCC_493\Debug\UAV_Control.a(CyBootAsmGnu.o)
 .debug_line    0x0000142f      0x806 .\CortexM3\ARM_GCC_493\Debug\UAV_Control.a(CyLib.o)
 .debug_line    0x00001c35      0x366 .\CortexM3\ARM_GCC_493\Debug\UAV_Control.a(cyPm.o)
 .debug_line    0x00001f9b      0x151 .\CortexM3\ARM_GCC_493\Debug\UAV_Control.a(isr_Timer_1.o)
 .debug_line    0x000020ec      0x1be .\CortexM3\ARM_GCC_493\Debug\UAV_Control.a(UART_Bluetooth.o)
 .debug_line    0x000022aa      0x14c .\CortexM3\ARM_GCC_493\Debug\UAV_Control.a(isr_RX.o)
 .debug_line    0x000023f6      0x19f .\CortexM3\ARM_GCC_493\Debug\UAV_Control.a(UART_Bluetooth_IntClock.o)
 .debug_line    0x00002595      0x2d0 .\CortexM3\ARM_GCC_493\Debug\UAV_Control.a(USBUART_1.o)
 .debug_line    0x00002865      0x2fa .\CortexM3\ARM_GCC_493\Debug\UAV_Control.a(USBUART_1_cdc.o)
 .debug_line    0x00002b5f      0x229 .\CortexM3\ARM_GCC_493\Debug\UAV_Control.a(USBUART_1_drv.o)
 .debug_line    0x00002d88       0xee .\CortexM3\ARM_GCC_493\Debug\UAV_Control.a(USBUART_1_episr.o)
 .debug_line    0x00002e76      0x118 .\CortexM3\ARM_GCC_493\Debug\UAV_Control.a(USBUART_1_pm.o)
 .debug_line    0x00002f8e      0x3ea .\CortexM3\ARM_GCC_493\Debug\UAV_Control.a(USBUART_1_std.o)
 .debug_line    0x00003378       0x79 .\CortexM3\ARM_GCC_493\Debug\UAV_Control.a(USBUART_1_vnd.o)
 .debug_line    0x000033f1       0xbf .\CortexM3\ARM_GCC_493\Debug\UAV_Control.a(USBUART_1_Dp.o)
 .debug_line    0x000034b0      0x14e .\CortexM3\ARM_GCC_493\Debug\UAV_Control.a(isr_jyRX.o)
 .debug_line    0x000035fe      0x1b6 .\CortexM3\ARM_GCC_493\Debug\UAV_Control.a(UART_JY901.o)
 .debug_line    0x000037b4      0x19b .\CortexM3\ARM_GCC_493\Debug\UAV_Control.a(UART_JY901_IntClock.o)
 .debug_line    0x0000394f      0x1ec .\CortexM3\ARM_GCC_493\Debug\UAV_Control.a(CyFlash.o)
 .debug_line    0x00003b3b      0x23e .\CortexM3\ARM_GCC_493\Debug\UAV_Control.a(CySpc.o)
 .debug_line    0x00003d79       0x9a .\CortexM3\ARM_GCC_493\Debug\UAV_Control.a(USBUART_1_cls.o)
 .debug_line    0x00003e13       0x67 .\CortexM3\ARM_GCC_493\Debug\UAV_Control.a(USBUART_1_descr.o)

.debug_frame    0x00000000     0x29a0
 *(.debug_frame)
 .debug_frame   0x00000000      0x264 .\CortexM3\ARM_GCC_493\Debug\main.o
 .debug_frame   0x00000264       0x58 .\CortexM3\ARM_GCC_493\Debug\Control.o
 .debug_frame   0x000002bc       0xac .\CortexM3\ARM_GCC_493\Debug\Cm3Start.o
 .debug_frame   0x00000368       0xe0 .\CortexM3\ARM_GCC_493\Debug\UAV_Control.a(cyfitter_cfg.o)
 .debug_frame   0x00000448      0x118 .\CortexM3\ARM_GCC_493\Debug\UAV_Control.a(PWM_1.o)
 .debug_frame   0x00000560      0x118 .\CortexM3\ARM_GCC_493\Debug\UAV_Control.a(PWM_2.o)
 .debug_frame   0x00000678      0x1e4 .\CortexM3\ARM_GCC_493\Debug\UAV_Control.a(LCD.o)
 .debug_frame   0x0000085c      0x124 .\CortexM3\ARM_GCC_493\Debug\UAV_Control.a(Timer_1.o)
 .debug_frame   0x00000980      0x728 .\CortexM3\ARM_GCC_493\Debug\UAV_Control.a(CyLib.o)
 .debug_frame   0x000010a8      0x1f8 .\CortexM3\ARM_GCC_493\Debug\UAV_Control.a(cyPm.o)
 .debug_frame   0x000012a0      0x104 .\CortexM3\ARM_GCC_493\Debug\UAV_Control.a(isr_Timer_1.o)
 .debug_frame   0x000013a4      0x14c .\CortexM3\ARM_GCC_493\Debug\UAV_Control.a(UART_Bluetooth.o)
 .debug_frame   0x000014f0      0x104 .\CortexM3\ARM_GCC_493\Debug\UAV_Control.a(isr_RX.o)
 .debug_frame   0x000015f4       0xe0 .\CortexM3\ARM_GCC_493\Debug\UAV_Control.a(UART_Bluetooth_IntClock.o)
 .debug_frame   0x000016d4      0x1dc .\CortexM3\ARM_GCC_493\Debug\UAV_Control.a(USBUART_1.o)
 .debug_frame   0x000018b0      0x278 .\CortexM3\ARM_GCC_493\Debug\UAV_Control.a(USBUART_1_cdc.o)
 .debug_frame   0x00001b28      0x194 .\CortexM3\ARM_GCC_493\Debug\UAV_Control.a(USBUART_1_drv.o)
 .debug_frame   0x00001cbc       0x6c .\CortexM3\ARM_GCC_493\Debug\UAV_Control.a(USBUART_1_episr.o)
 .debug_frame   0x00001d28       0xa0 .\CortexM3\ARM_GCC_493\Debug\UAV_Control.a(USBUART_1_pm.o)
 .debug_frame   0x00001dc8      0x17c .\CortexM3\ARM_GCC_493\Debug\UAV_Control.a(USBUART_1_std.o)
 .debug_frame   0x00001f44       0x20 .\CortexM3\ARM_GCC_493\Debug\UAV_Control.a(USBUART_1_vnd.o)
 .debug_frame   0x00001f64       0x70 .\CortexM3\ARM_GCC_493\Debug\UAV_Control.a(USBUART_1_Dp.o)
 .debug_frame   0x00001fd4      0x104 .\CortexM3\ARM_GCC_493\Debug\UAV_Control.a(isr_jyRX.o)
 .debug_frame   0x000020d8      0x14c .\CortexM3\ARM_GCC_493\Debug\UAV_Control.a(UART_JY901.o)
 .debug_frame   0x00002224       0xe0 .\CortexM3\ARM_GCC_493\Debug\UAV_Control.a(UART_JY901_IntClock.o)
 .debug_frame   0x00002304      0x174 .\CortexM3\ARM_GCC_493\Debug\UAV_Control.a(CyFlash.o)
 .debug_frame   0x00002478      0x160 .\CortexM3\ARM_GCC_493\Debug\UAV_Control.a(CySpc.o)
 .debug_frame   0x000025d8       0x2c .\CortexM3\ARM_GCC_493\Debug\UAV_Control.a(USBUART_1_cls.o)
 .debug_frame   0x00002604       0x20 d:/program files (x86)/cypress/psoc creator/3.3/psoc creator/import/gnu/arm/4.9.3/bin/../lib/gcc/arm-none-eabi/4.9.3/../../../../arm-none-eabi/lib/armv7-m\libg_nano.a(lib_a-errno.o)
 .debug_frame   0x00002624       0x28 d:/program files (x86)/cypress/psoc creator/3.3/psoc creator/import/gnu/arm/4.9.3/bin/../lib/gcc/arm-none-eabi/4.9.3/../../../../arm-none-eabi/lib/armv7-m\libg_nano.a(lib_a-exit.o)
 .debug_frame   0x0000264c       0x2c d:/program files (x86)/cypress/psoc creator/3.3/psoc creator/import/gnu/arm/4.9.3/bin/../lib/gcc/arm-none-eabi/4.9.3/../../../../arm-none-eabi/lib/armv7-m\libg_nano.a(lib_a-init.o)
 .debug_frame   0x00002678       0x28 d:/program files (x86)/cypress/psoc creator/3.3/psoc creator/import/gnu/arm/4.9.3/bin/../lib/gcc/arm-none-eabi/4.9.3/../../../../arm-none-eabi/lib/armv7-m\libg_nano.a(lib_a-memcpy.o)
 .debug_frame   0x000026a0       0x20 d:/program files (x86)/cypress/psoc creator/3.3/psoc creator/import/gnu/arm/4.9.3/bin/../lib/gcc/arm-none-eabi/4.9.3/../../../../arm-none-eabi/lib/armv7-m\libg_nano.a(lib_a-memset.o)
 .debug_frame   0x000026c0       0x70 d:/program files (x86)/cypress/psoc creator/3.3/psoc creator/import/gnu/arm/4.9.3/bin/../lib/gcc/arm-none-eabi/4.9.3/../../../../arm-none-eabi/lib/armv7-m\libg_nano.a(lib_a-sprintf.o)
 .debug_frame   0x00002730       0x8c d:/program files (x86)/cypress/psoc creator/3.3/psoc creator/import/gnu/arm/4.9.3/bin/../lib/gcc/arm-none-eabi/4.9.3/../../../../arm-none-eabi/lib/armv7-m\libg_nano.a(lib_a-nano-svfprintf.o)
 .debug_frame   0x000027bc       0x58 d:/program files (x86)/cypress/psoc creator/3.3/psoc creator/import/gnu/arm/4.9.3/bin/../lib/gcc/arm-none-eabi/4.9.3/../../../../arm-none-eabi/lib/armv7-m\libg_nano.a(lib_a-nano-vfprintf_i.o)
 .debug_frame   0x00002814       0x28 d:/program files (x86)/cypress/psoc creator/3.3/psoc creator/import/gnu/arm/4.9.3/bin/../lib/gcc/arm-none-eabi/4.9.3/../../../../arm-none-eabi/lib/armv7-m\libg_nano.a(lib_a-memchr.o)
 .debug_frame   0x0000283c       0x28 d:/program files (x86)/cypress/psoc creator/3.3/psoc creator/import/gnu/arm/4.9.3/bin/../lib/gcc/arm-none-eabi/4.9.3/../../../../arm-none-eabi/lib/armv7-m\libg_nano.a(lib_a-memmove.o)
 .debug_frame   0x00002864       0x2c d:/program files (x86)/cypress/psoc creator/3.3/psoc creator/import/gnu/arm/4.9.3/bin/../lib/gcc/arm-none-eabi/4.9.3/../../../../arm-none-eabi/lib/armv7-m\libg_nano.a(lib_a-nano-freer.o)
 .debug_frame   0x00002890       0x2c d:/program files (x86)/cypress/psoc creator/3.3/psoc creator/import/gnu/arm/4.9.3/bin/../lib/gcc/arm-none-eabi/4.9.3/../../../../arm-none-eabi/lib/armv7-m\libg_nano.a(lib_a-nano-mallocr.o)
 .debug_frame   0x000028bc       0x3c d:/program files (x86)/cypress/psoc creator/3.3/psoc creator/import/gnu/arm/4.9.3/bin/../lib/gcc/arm-none-eabi/4.9.3/../../../../arm-none-eabi/lib/armv7-m\libg_nano.a(lib_a-nano-reallocr.o)
 .debug_frame   0x000028f8       0x2c d:/program files (x86)/cypress/psoc creator/3.3/psoc creator/import/gnu/arm/4.9.3/bin/../lib/gcc/arm-none-eabi/4.9.3/../../../../arm-none-eabi/lib/armv7-m\libg_nano.a(lib_a-sbrkr.o)
 .debug_frame   0x00002924       0x20 d:/program files (x86)/cypress/psoc creator/3.3/psoc creator/import/gnu/arm/4.9.3/bin/../lib/gcc/arm-none-eabi/4.9.3/../../../../arm-none-eabi/lib/armv7-m\libg_nano.a(lib_a-nano-msizer.o)
 .debug_frame   0x00002944       0x5c d:/program files (x86)/cypress/psoc creator/3.3/psoc creator/import/gnu/arm/4.9.3/bin/../lib/gcc/arm-none-eabi/4.9.3/../../../../arm-none-eabi/lib/armv7-m\libg_nano.a(lib_a-reent.o)

.debug_str      0x00000000     0x3a42
 *(.debug_str)
 .debug_str     0x00000000      0x66b .\CortexM3\ARM_GCC_493\Debug\main.o
                                0x700 (size before relaxing)
 .debug_str     0x0000066b      0x145 .\CortexM3\ARM_GCC_493\Debug\Control.o
                                0x3f3 (size before relaxing)
 .debug_str     0x000007b0       0xa1 .\CortexM3\ARM_GCC_493\Debug\cymetadata.o
                                0x1d4 (size before relaxing)
 .debug_str     0x00000851      0x14d .\CortexM3\ARM_GCC_493\Debug\Cm3Start.o
                                0x2e8 (size before relaxing)
 .debug_str     0x0000099e      0x184 .\CortexM3\ARM_GCC_493\Debug\UAV_Control.a(cyfitter_cfg.o)
                                0x322 (size before relaxing)
 .debug_str     0x00000b22      0x132 .\CortexM3\ARM_GCC_493\Debug\UAV_Control.a(PWM_1.o)
                                0x2d5 (size before relaxing)
 .debug_str     0x00000c54      0x107 .\CortexM3\ARM_GCC_493\Debug\UAV_Control.a(PWM_2.o)
                                0x2d5 (size before relaxing)
 .debug_str     0x00000d5b      0x143 .\CortexM3\ARM_GCC_493\Debug\UAV_Control.a(LCD.o)
                                0x309 (size before relaxing)
 .debug_str     0x00000e9e      0x18d .\CortexM3\ARM_GCC_493\Debug\UAV_Control.a(Timer_1.o)
                                0x33d (size before relaxing)
 .debug_str     0x0000102b      0x7e1 .\CortexM3\ARM_GCC_493\Debug\UAV_Control.a(CyLib.o)
                                0xa0d (size before relaxing)
 .debug_str     0x0000180c      0x35b .\CortexM3\ARM_GCC_493\Debug\UAV_Control.a(cyPm.o)
                                0x705 (size before relaxing)
 .debug_str     0x00001b67      0x128 .\CortexM3\ARM_GCC_493\Debug\UAV_Control.a(isr_Timer_1.o)
                                0x2d8 (size before relaxing)
 .debug_str     0x00001c8f      0x223 .\CortexM3\ARM_GCC_493\Debug\UAV_Control.a(UART_Bluetooth.o)
                                0x418 (size before relaxing)
 .debug_str     0x00001eb2       0xe7 .\CortexM3\ARM_GCC_493\Debug\UAV_Control.a(isr_RX.o)
                                0x292 (size before relaxing)
 .debug_str     0x00001f99      0x1e9 .\CortexM3\ARM_GCC_493\Debug\UAV_Control.a(UART_Bluetooth_IntClock.o)
                                0x398 (size before relaxing)
 .debug_str     0x00002182      0x43c .\CortexM3\ARM_GCC_493\Debug\UAV_Control.a(USBUART_1.o)
                                0x689 (size before relaxing)
 .debug_str     0x000025be      0x538 .\CortexM3\ARM_GCC_493\Debug\UAV_Control.a(USBUART_1_cdc.o)
                                0x819 (size before relaxing)
 .debug_str     0x00002af6      0x2c3 .\CortexM3\ARM_GCC_493\Debug\UAV_Control.a(USBUART_1_drv.o)
                                0x67a (size before relaxing)
 .debug_str     0x00002db9       0x8e .\CortexM3\ARM_GCC_493\Debug\UAV_Control.a(USBUART_1_episr.o)
                                0x2d3 (size before relaxing)
 .debug_str     0x00002e47       0xf8 .\CortexM3\ARM_GCC_493\Debug\UAV_Control.a(USBUART_1_pm.o)
                                0x2ed (size before relaxing)
 .debug_str     0x00002f3f      0x27d .\CortexM3\ARM_GCC_493\Debug\UAV_Control.a(USBUART_1_std.o)
                                0x7ef (size before relaxing)
 .debug_str     0x000031bc       0x29 .\CortexM3\ARM_GCC_493\Debug\UAV_Control.a(USBUART_1_vnd.o)
                                0x1d1 (size before relaxing)
 .debug_str     0x000031e5       0xb2 .\CortexM3\ARM_GCC_493\Debug\UAV_Control.a(USBUART_1_Dp.o)
                                0x239 (size before relaxing)
 .debug_str     0x00003297      0x101 .\CortexM3\ARM_GCC_493\Debug\UAV_Control.a(isr_jyRX.o)
                                0x2ae (size before relaxing)
 .debug_str     0x00003398      0x1ab .\CortexM3\ARM_GCC_493\Debug\UAV_Control.a(UART_JY901.o)
                                0x3c8 (size before relaxing)
 .debug_str     0x00003543      0x176 .\CortexM3\ARM_GCC_493\Debug\UAV_Control.a(UART_JY901_IntClock.o)
                                0x368 (size before relaxing)
 .debug_str     0x000036b9      0x19e .\CortexM3\ARM_GCC_493\Debug\UAV_Control.a(CyFlash.o)
                                0x37f (size before relaxing)
 .debug_str     0x00003857       0xae .\CortexM3\ARM_GCC_493\Debug\UAV_Control.a(CySpc.o)
                                0x308 (size before relaxing)
 .debug_str     0x00003905       0x29 .\CortexM3\ARM_GCC_493\Debug\UAV_Control.a(USBUART_1_cls.o)
                                0x298 (size before relaxing)
 .debug_str     0x0000392e      0x114 .\CortexM3\ARM_GCC_493\Debug\UAV_Control.a(USBUART_1_descr.o)
                                0x351 (size before relaxing)

.debug_loc      0x00000000     0x3ae0
 *(.debug_loc)
 .debug_loc     0x00000000      0x485 .\CortexM3\ARM_GCC_493\Debug\main.o
 .debug_loc     0x00000485      0x144 .\CortexM3\ARM_GCC_493\Debug\Cm3Start.o
 .debug_loc     0x000005c9      0x289 .\CortexM3\ARM_GCC_493\Debug\UAV_Control.a(cyfitter_cfg.o)
 .debug_loc     0x00000852       0x13 .\CortexM3\ARM_GCC_493\Debug\UAV_Control.a(PWM_1.o)
 .debug_loc     0x00000865       0x13 .\CortexM3\ARM_GCC_493\Debug\UAV_Control.a(PWM_2.o)
 .debug_loc     0x00000878      0x3c6 .\CortexM3\ARM_GCC_493\Debug\UAV_Control.a(LCD.o)
 .debug_loc     0x00000c3e       0x13 .\CortexM3\ARM_GCC_493\Debug\UAV_Control.a(Timer_1.o)
 .debug_loc     0x00000c51      0xa11 .\CortexM3\ARM_GCC_493\Debug\UAV_Control.a(CyLib.o)
 .debug_loc     0x00001662      0x1e4 .\CortexM3\ARM_GCC_493\Debug\UAV_Control.a(cyPm.o)
 .debug_loc     0x00001846       0x56 .\CortexM3\ARM_GCC_493\Debug\UAV_Control.a(isr_Timer_1.o)
 .debug_loc     0x0000189c       0x87 .\CortexM3\ARM_GCC_493\Debug\UAV_Control.a(UART_Bluetooth.o)
 .debug_loc     0x00001923       0x56 .\CortexM3\ARM_GCC_493\Debug\UAV_Control.a(isr_RX.o)
 .debug_loc     0x00001979      0x128 .\CortexM3\ARM_GCC_493\Debug\UAV_Control.a(UART_Bluetooth_IntClock.o)
 .debug_loc     0x00001aa1      0x3e1 .\CortexM3\ARM_GCC_493\Debug\UAV_Control.a(USBUART_1.o)
 .debug_loc     0x00001e82      0x56b .\CortexM3\ARM_GCC_493\Debug\UAV_Control.a(USBUART_1_cdc.o)
 .debug_loc     0x000023ed      0x171 .\CortexM3\ARM_GCC_493\Debug\UAV_Control.a(USBUART_1_drv.o)
 .debug_loc     0x0000255e       0x26 .\CortexM3\ARM_GCC_493\Debug\UAV_Control.a(USBUART_1_pm.o)
 .debug_loc     0x00002584      0x93f .\CortexM3\ARM_GCC_493\Debug\UAV_Control.a(USBUART_1_std.o)
 .debug_loc     0x00002ec3       0x84 .\CortexM3\ARM_GCC_493\Debug\UAV_Control.a(USBUART_1_Dp.o)
 .debug_loc     0x00002f47       0x56 .\CortexM3\ARM_GCC_493\Debug\UAV_Control.a(isr_jyRX.o)
 .debug_loc     0x00002f9d       0x87 .\CortexM3\ARM_GCC_493\Debug\UAV_Control.a(UART_JY901.o)
 .debug_loc     0x00003024      0x128 .\CortexM3\ARM_GCC_493\Debug\UAV_Control.a(UART_JY901_IntClock.o)
 .debug_loc     0x0000314c      0x300 .\CortexM3\ARM_GCC_493\Debug\UAV_Control.a(CyFlash.o)
 .debug_loc     0x0000344c      0x64d .\CortexM3\ARM_GCC_493\Debug\UAV_Control.a(CySpc.o)
 .debug_loc     0x00003a99       0x47 .\CortexM3\ARM_GCC_493\Debug\UAV_Control.a(USBUART_1_cls.o)

.debug_macinfo
 *(.debug_macinfo)

.debug_ranges   0x00000000      0xda0
 *(.debug_ranges)
 .debug_ranges  0x00000000       0xa0 .\CortexM3\ARM_GCC_493\Debug\main.o
 .debug_ranges  0x000000a0       0x18 .\CortexM3\ARM_GCC_493\Debug\Control.o
 .debug_ranges  0x000000b8       0x38 .\CortexM3\ARM_GCC_493\Debug\Cm3Start.o
 .debug_ranges  0x000000f0       0x48 .\CortexM3\ARM_GCC_493\Debug\UAV_Control.a(cyfitter_cfg.o)
 .debug_ranges  0x00000138       0x80 .\CortexM3\ARM_GCC_493\Debug\UAV_Control.a(PWM_1.o)
 .debug_ranges  0x000001b8       0x80 .\CortexM3\ARM_GCC_493\Debug\UAV_Control.a(PWM_2.o)
 .debug_ranges  0x00000238       0x88 .\CortexM3\ARM_GCC_493\Debug\UAV_Control.a(LCD.o)
 .debug_ranges  0x000002c0       0x80 .\CortexM3\ARM_GCC_493\Debug\UAV_Control.a(Timer_1.o)
 .debug_ranges  0x00000340      0x288 .\CortexM3\ARM_GCC_493\Debug\UAV_Control.a(CyLib.o)
 .debug_ranges  0x000005c8       0x88 .\CortexM3\ARM_GCC_493\Debug\UAV_Control.a(cyPm.o)
 .debug_ranges  0x00000650       0x70 .\CortexM3\ARM_GCC_493\Debug\UAV_Control.a(isr_Timer_1.o)
 .debug_ranges  0x000006c0       0x88 .\CortexM3\ARM_GCC_493\Debug\UAV_Control.a(UART_Bluetooth.o)
 .debug_ranges  0x00000748       0x70 .\CortexM3\ARM_GCC_493\Debug\UAV_Control.a(isr_RX.o)
 .debug_ranges  0x000007b8       0x60 .\CortexM3\ARM_GCC_493\Debug\UAV_Control.a(UART_Bluetooth_IntClock.o)
 .debug_ranges  0x00000818       0xd0 .\CortexM3\ARM_GCC_493\Debug\UAV_Control.a(USBUART_1.o)
 .debug_ranges  0x000008e8       0xd8 .\CortexM3\ARM_GCC_493\Debug\UAV_Control.a(USBUART_1_cdc.o)
 .debug_ranges  0x000009c0       0x88 .\CortexM3\ARM_GCC_493\Debug\UAV_Control.a(USBUART_1_drv.o)
 .debug_ranges  0x00000a48       0x30 .\CortexM3\ARM_GCC_493\Debug\UAV_Control.a(USBUART_1_episr.o)
 .debug_ranges  0x00000a78       0x30 .\CortexM3\ARM_GCC_493\Debug\UAV_Control.a(USBUART_1_pm.o)
 .debug_ranges  0x00000aa8       0x70 .\CortexM3\ARM_GCC_493\Debug\UAV_Control.a(USBUART_1_std.o)
 .debug_ranges  0x00000b18       0x10 .\CortexM3\ARM_GCC_493\Debug\UAV_Control.a(USBUART_1_vnd.o)
 .debug_ranges  0x00000b28       0x38 .\CortexM3\ARM_GCC_493\Debug\UAV_Control.a(USBUART_1_Dp.o)
 .debug_ranges  0x00000b60       0x70 .\CortexM3\ARM_GCC_493\Debug\UAV_Control.a(isr_jyRX.o)
 .debug_ranges  0x00000bd0       0x88 .\CortexM3\ARM_GCC_493\Debug\UAV_Control.a(UART_JY901.o)
 .debug_ranges  0x00000c58       0x60 .\CortexM3\ARM_GCC_493\Debug\UAV_Control.a(UART_JY901_IntClock.o)
 .debug_ranges  0x00000cb8       0x70 .\CortexM3\ARM_GCC_493\Debug\UAV_Control.a(CyFlash.o)
 .debug_ranges  0x00000d28       0x68 .\CortexM3\ARM_GCC_493\Debug\UAV_Control.a(CySpc.o)
 .debug_ranges  0x00000d90       0x10 .\CortexM3\ARM_GCC_493\Debug\UAV_Control.a(USBUART_1_cls.o)

.comment        0x00000000       0x70
 .comment       0x00000000       0x70 .\CortexM3\ARM_GCC_493\Debug\main.o
                                 0x71 (size before relaxing)
 .comment       0x00000000       0x71 .\CortexM3\ARM_GCC_493\Debug\Control.o
 .comment       0x00000000       0x71 .\CortexM3\ARM_GCC_493\Debug\cymetadata.o
 .comment       0x00000000       0x71 .\CortexM3\ARM_GCC_493\Debug\Cm3Start.o
 .comment       0x00000000       0x71 .\CortexM3\ARM_GCC_493\Debug\UAV_Control.a(cyfitter_cfg.o)
 .comment       0x00000000       0x71 .\CortexM3\ARM_GCC_493\Debug\UAV_Control.a(PWM_1.o)
 .comment       0x00000000       0x71 .\CortexM3\ARM_GCC_493\Debug\UAV_Control.a(PWM_2.o)
 .comment       0x00000000       0x71 .\CortexM3\ARM_GCC_493\Debug\UAV_Control.a(LCD.o)
 .comment       0x00000000       0x71 .\CortexM3\ARM_GCC_493\Debug\UAV_Control.a(Timer_1.o)
 .comment       0x00000000       0x71 .\CortexM3\ARM_GCC_493\Debug\UAV_Control.a(CyLib.o)
 .comment       0x00000000       0x71 .\CortexM3\ARM_GCC_493\Debug\UAV_Control.a(cyPm.o)
 .comment       0x00000000       0x71 .\CortexM3\ARM_GCC_493\Debug\UAV_Control.a(isr_Timer_1.o)
 .comment       0x00000000       0x71 .\CortexM3\ARM_GCC_493\Debug\UAV_Control.a(UART_Bluetooth.o)
 .comment       0x00000000       0x71 .\CortexM3\ARM_GCC_493\Debug\UAV_Control.a(isr_RX.o)
 .comment       0x00000000       0x71 .\CortexM3\ARM_GCC_493\Debug\UAV_Control.a(UART_Bluetooth_IntClock.o)
 .comment       0x00000000       0x71 .\CortexM3\ARM_GCC_493\Debug\UAV_Control.a(USBUART_1.o)
 .comment       0x00000000       0x71 .\CortexM3\ARM_GCC_493\Debug\UAV_Control.a(USBUART_1_cdc.o)
 .comment       0x00000000       0x71 .\CortexM3\ARM_GCC_493\Debug\UAV_Control.a(USBUART_1_drv.o)
 .comment       0x00000000       0x71 .\CortexM3\ARM_GCC_493\Debug\UAV_Control.a(USBUART_1_episr.o)
 .comment       0x00000000       0x71 .\CortexM3\ARM_GCC_493\Debug\UAV_Control.a(USBUART_1_pm.o)
 .comment       0x00000000       0x71 .\CortexM3\ARM_GCC_493\Debug\UAV_Control.a(USBUART_1_std.o)
 .comment       0x00000000       0x71 .\CortexM3\ARM_GCC_493\Debug\UAV_Control.a(USBUART_1_vnd.o)
 .comment       0x00000000       0x71 .\CortexM3\ARM_GCC_493\Debug\UAV_Control.a(USBUART_1_Dp.o)
 .comment       0x00000000       0x71 .\CortexM3\ARM_GCC_493\Debug\UAV_Control.a(isr_jyRX.o)
 .comment       0x00000000       0x71 .\CortexM3\ARM_GCC_493\Debug\UAV_Control.a(UART_JY901.o)
 .comment       0x00000000       0x71 .\CortexM3\ARM_GCC_493\Debug\UAV_Control.a(UART_JY901_IntClock.o)
 .comment       0x00000000       0x71 .\CortexM3\ARM_GCC_493\Debug\UAV_Control.a(CyFlash.o)
 .comment       0x00000000       0x71 .\CortexM3\ARM_GCC_493\Debug\UAV_Control.a(CySpc.o)
 .comment       0x00000000       0x71 .\CortexM3\ARM_GCC_493\Debug\UAV_Control.a(USBUART_1_cls.o)
 .comment       0x00000000       0x71 .\CortexM3\ARM_GCC_493\Debug\UAV_Control.a(USBUART_1_descr.o)

.debug_weaknames
 *(.debug_weaknames)

.debug_funcnames
 *(.debug_funcnames)

.debug_typenames
 *(.debug_typenames)

.debug_varnames
 *(.debug_varnames)

.note.gnu.arm.ident
 *(.note.gnu.arm.ident)

.ARM.attributes
                0x00000000       0x29
 *(.ARM.attributes)
 .ARM.attributes
                0x00000000       0x1d d:/program files (x86)/cypress/psoc creator/3.3/psoc creator/import/gnu/arm/4.9.3/bin/../lib/gcc/arm-none-eabi/4.9.3/armv7-m/crti.o
 .ARM.attributes
                0x0000001d       0x2d d:/program files (x86)/cypress/psoc creator/3.3/psoc creator/import/gnu/arm/4.9.3/bin/../lib/gcc/arm-none-eabi/4.9.3/armv7-m/crtbegin.o
 .ARM.attributes
                0x0000004a       0x1b d:/program files (x86)/cypress/psoc creator/3.3/psoc creator/import/gnu/arm/4.9.3/bin/../lib/gcc/arm-none-eabi/4.9.3/../../../../arm-none-eabi/lib/armv7-m/crt0.o
 .ARM.attributes
                0x00000065       0x33 .\CortexM3\ARM_GCC_493\Debug\main.o
 .ARM.attributes
                0x00000098       0x33 .\CortexM3\ARM_GCC_493\Debug\Control.o
 .ARM.attributes
                0x000000cb       0x33 .\CortexM3\ARM_GCC_493\Debug\cymetadata.o
 .ARM.attributes
                0x000000fe       0x33 .\CortexM3\ARM_GCC_493\Debug\Cm3Start.o
 .ARM.attributes
                0x00000131       0x33 .\CortexM3\ARM_GCC_493\Debug\UAV_Control.a(cyfitter_cfg.o)
 .ARM.attributes
                0x00000164       0x33 .\CortexM3\ARM_GCC_493\Debug\UAV_Control.a(PWM_1.o)
 .ARM.attributes
                0x00000197       0x33 .\CortexM3\ARM_GCC_493\Debug\UAV_Control.a(PWM_2.o)
 .ARM.attributes
                0x000001ca       0x33 .\CortexM3\ARM_GCC_493\Debug\UAV_Control.a(LCD.o)
 .ARM.attributes
                0x000001fd       0x33 .\CortexM3\ARM_GCC_493\Debug\UAV_Control.a(Timer_1.o)
 .ARM.attributes
                0x00000230       0x21 .\CortexM3\ARM_GCC_493\Debug\UAV_Control.a(CyBootAsmGnu.o)
 .ARM.attributes
                0x00000251       0x33 .\CortexM3\ARM_GCC_493\Debug\UAV_Control.a(CyLib.o)
 .ARM.attributes
                0x00000284       0x33 .\CortexM3\ARM_GCC_493\Debug\UAV_Control.a(cyPm.o)
 .ARM.attributes
                0x000002b7       0x33 .\CortexM3\ARM_GCC_493\Debug\UAV_Control.a(isr_Timer_1.o)
 .ARM.attributes
                0x000002ea       0x33 .\CortexM3\ARM_GCC_493\Debug\UAV_Control.a(UART_Bluetooth.o)
 .ARM.attributes
                0x0000031d       0x33 .\CortexM3\ARM_GCC_493\Debug\UAV_Control.a(isr_RX.o)
 .ARM.attributes
                0x00000350       0x33 .\CortexM3\ARM_GCC_493\Debug\UAV_Control.a(UART_Bluetooth_IntClock.o)
 .ARM.attributes
                0x00000383       0x33 .\CortexM3\ARM_GCC_493\Debug\UAV_Control.a(USBUART_1.o)
 .ARM.attributes
                0x000003b6       0x33 .\CortexM3\ARM_GCC_493\Debug\UAV_Control.a(USBUART_1_cdc.o)
 .ARM.attributes
                0x000003e9       0x33 .\CortexM3\ARM_GCC_493\Debug\UAV_Control.a(USBUART_1_drv.o)
 .ARM.attributes
                0x0000041c       0x33 .\CortexM3\ARM_GCC_493\Debug\UAV_Control.a(USBUART_1_episr.o)
 .ARM.attributes
                0x0000044f       0x33 .\CortexM3\ARM_GCC_493\Debug\UAV_Control.a(USBUART_1_pm.o)
 .ARM.attributes
                0x00000482       0x33 .\CortexM3\ARM_GCC_493\Debug\UAV_Control.a(USBUART_1_std.o)
 .ARM.attributes
                0x000004b5       0x33 .\CortexM3\ARM_GCC_493\Debug\UAV_Control.a(USBUART_1_vnd.o)
 .ARM.attributes
                0x000004e8       0x33 .\CortexM3\ARM_GCC_493\Debug\UAV_Control.a(USBUART_1_Dp.o)
 .ARM.attributes
                0x0000051b       0x33 .\CortexM3\ARM_GCC_493\Debug\UAV_Control.a(isr_jyRX.o)
 .ARM.attributes
                0x0000054e       0x33 .\CortexM3\ARM_GCC_493\Debug\UAV_Control.a(UART_JY901.o)
 .ARM.attributes
                0x00000581       0x33 .\CortexM3\ARM_GCC_493\Debug\UAV_Control.a(UART_JY901_IntClock.o)
 .ARM.attributes
                0x000005b4       0x33 .\CortexM3\ARM_GCC_493\Debug\UAV_Control.a(CyFlash.o)
 .ARM.attributes
                0x000005e7       0x33 .\CortexM3\ARM_GCC_493\Debug\UAV_Control.a(CySpc.o)
 .ARM.attributes
                0x0000061a       0x33 .\CortexM3\ARM_GCC_493\Debug\UAV_Control.a(USBUART_1_cls.o)
 .ARM.attributes
                0x0000064d       0x33 .\CortexM3\ARM_GCC_493\Debug\UAV_Control.a(USBUART_1_descr.o)
 .ARM.attributes
                0x00000680       0x1d d:/program files (x86)/cypress/psoc creator/3.3/psoc creator/import/gnu/arm/4.9.3/bin/../lib/gcc/arm-none-eabi/4.9.3/armv7-m\libgcc.a(_arm_addsubdf3.o)
 .ARM.attributes
                0x0000069d       0x1d d:/program files (x86)/cypress/psoc creator/3.3/psoc creator/import/gnu/arm/4.9.3/bin/../lib/gcc/arm-none-eabi/4.9.3/armv7-m\libgcc.a(_arm_muldivdf3.o)
 .ARM.attributes
                0x000006ba       0x1d d:/program files (x86)/cypress/psoc creator/3.3/psoc creator/import/gnu/arm/4.9.3/bin/../lib/gcc/arm-none-eabi/4.9.3/armv7-m\libgcc.a(_arm_fixdfsi.o)
 .ARM.attributes
                0x000006d7       0x1d d:/program files (x86)/cypress/psoc creator/3.3/psoc creator/import/gnu/arm/4.9.3/bin/../lib/gcc/arm-none-eabi/4.9.3/armv7-m\libgcc.a(_arm_truncdfsf2.o)
 .ARM.attributes
                0x000006f4       0x1d d:/program files (x86)/cypress/psoc creator/3.3/psoc creator/import/gnu/arm/4.9.3/bin/../lib/gcc/arm-none-eabi/4.9.3/armv7-m\libgcc.a(_arm_addsubsf3.o)
 .ARM.attributes
                0x00000711       0x1d d:/program files (x86)/cypress/psoc creator/3.3/psoc creator/import/gnu/arm/4.9.3/bin/../lib/gcc/arm-none-eabi/4.9.3/armv7-m\libgcc.a(_arm_cmpsf2.o)
 .ARM.attributes
                0x0000072e       0x1d d:/program files (x86)/cypress/psoc creator/3.3/psoc creator/import/gnu/arm/4.9.3/bin/../lib/gcc/arm-none-eabi/4.9.3/armv7-m\libgcc.a(_arm_fixsfsi.o)
 .ARM.attributes
                0x0000074b       0x2d d:/program files (x86)/cypress/psoc creator/3.3/psoc creator/import/gnu/arm/4.9.3/bin/../lib/gcc/arm-none-eabi/4.9.3/../../../../arm-none-eabi/lib/armv7-m\libg_nano.a(lib_a-errno.o)
 .ARM.attributes
                0x00000778       0x2d d:/program files (x86)/cypress/psoc creator/3.3/psoc creator/import/gnu/arm/4.9.3/bin/../lib/gcc/arm-none-eabi/4.9.3/../../../../arm-none-eabi/lib/armv7-m\libg_nano.a(lib_a-exit.o)
 .ARM.attributes
                0x000007a5       0x2d d:/program files (x86)/cypress/psoc creator/3.3/psoc creator/import/gnu/arm/4.9.3/bin/../lib/gcc/arm-none-eabi/4.9.3/../../../../arm-none-eabi/lib/armv7-m\libg_nano.a(lib_a-impure.o)
 .ARM.attributes
                0x000007d2       0x2d d:/program files (x86)/cypress/psoc creator/3.3/psoc creator/import/gnu/arm/4.9.3/bin/../lib/gcc/arm-none-eabi/4.9.3/../../../../arm-none-eabi/lib/armv7-m\libg_nano.a(lib_a-init.o)
 .ARM.attributes
                0x000007ff       0x2d d:/program files (x86)/cypress/psoc creator/3.3/psoc creator/import/gnu/arm/4.9.3/bin/../lib/gcc/arm-none-eabi/4.9.3/../../../../arm-none-eabi/lib/armv7-m\libg_nano.a(lib_a-memcpy.o)
 .ARM.attributes
                0x0000082c       0x2d d:/program files (x86)/cypress/psoc creator/3.3/psoc creator/import/gnu/arm/4.9.3/bin/../lib/gcc/arm-none-eabi/4.9.3/../../../../arm-none-eabi/lib/armv7-m\libg_nano.a(lib_a-memset.o)
 .ARM.attributes
                0x00000859       0x2d d:/program files (x86)/cypress/psoc creator/3.3/psoc creator/import/gnu/arm/4.9.3/bin/../lib/gcc/arm-none-eabi/4.9.3/../../../../arm-none-eabi/lib/armv7-m\libg_nano.a(lib_a-sprintf.o)
 .ARM.attributes
                0x00000886       0x2d d:/program files (x86)/cypress/psoc creator/3.3/psoc creator/import/gnu/arm/4.9.3/bin/../lib/gcc/arm-none-eabi/4.9.3/../../../../arm-none-eabi/lib/armv7-m\libg_nano.a(lib_a-nano-svfprintf.o)
 .ARM.attributes
                0x000008b3       0x2d d:/program files (x86)/cypress/psoc creator/3.3/psoc creator/import/gnu/arm/4.9.3/bin/../lib/gcc/arm-none-eabi/4.9.3/../../../../arm-none-eabi/lib/armv7-m\libg_nano.a(lib_a-nano-vfprintf_i.o)
 .ARM.attributes
                0x000008e0       0x2d d:/program files (x86)/cypress/psoc creator/3.3/psoc creator/import/gnu/arm/4.9.3/bin/../lib/gcc/arm-none-eabi/4.9.3/../../../../arm-none-eabi/lib/armv7-m\libg_nano.a(lib_a-memchr.o)
 .ARM.attributes
                0x0000090d       0x2d d:/program files (x86)/cypress/psoc creator/3.3/psoc creator/import/gnu/arm/4.9.3/bin/../lib/gcc/arm-none-eabi/4.9.3/../../../../arm-none-eabi/lib/armv7-m\libg_nano.a(lib_a-memmove.o)
 .ARM.attributes
                0x0000093a       0x2d d:/program files (x86)/cypress/psoc creator/3.3/psoc creator/import/gnu/arm/4.9.3/bin/../lib/gcc/arm-none-eabi/4.9.3/../../../../arm-none-eabi/lib/armv7-m\libg_nano.a(lib_a-nano-freer.o)
 .ARM.attributes
                0x00000967       0x2d d:/program files (x86)/cypress/psoc creator/3.3/psoc creator/import/gnu/arm/4.9.3/bin/../lib/gcc/arm-none-eabi/4.9.3/../../../../arm-none-eabi/lib/armv7-m\libg_nano.a(lib_a-nano-mallocr.o)
 .ARM.attributes
                0x00000994       0x2d d:/program files (x86)/cypress/psoc creator/3.3/psoc creator/import/gnu/arm/4.9.3/bin/../lib/gcc/arm-none-eabi/4.9.3/../../../../arm-none-eabi/lib/armv7-m\libg_nano.a(lib_a-nano-reallocr.o)
 .ARM.attributes
                0x000009c1       0x2d d:/program files (x86)/cypress/psoc creator/3.3/psoc creator/import/gnu/arm/4.9.3/bin/../lib/gcc/arm-none-eabi/4.9.3/../../../../arm-none-eabi/lib/armv7-m\libg_nano.a(lib_a-sbrkr.o)
 .ARM.attributes
                0x000009ee       0x2d d:/program files (x86)/cypress/psoc creator/3.3/psoc creator/import/gnu/arm/4.9.3/bin/../lib/gcc/arm-none-eabi/4.9.3/../../../../arm-none-eabi/lib/armv7-m\libg_nano.a(lib_a-nano-msizer.o)
 .ARM.attributes
                0x00000a1b       0x2d d:/program files (x86)/cypress/psoc creator/3.3/psoc creator/import/gnu/arm/4.9.3/bin/../lib/gcc/arm-none-eabi/4.9.3/../../../../arm-none-eabi/lib/armv7-m\libg_nano.a(lib_a-reent.o)
 .ARM.attributes