Archive member included because of file (symbol)

.\CortexM3\ARM_GCC_493\Debug\UAV_Control.a(cyfitter_cfg.o)
                              .\CortexM3\ARM_GCC_493\Debug\Cm3Start.o (cyfitter_cfg)
.\CortexM3\ARM_GCC_493\Debug\UAV_Control.a(PWM_1.o)
                              .\CortexM3\ARM_GCC_493\Debug\main.o (PWM_1_WriteCompare1)
.\CortexM3\ARM_GCC_493\Debug\UAV_Control.a(PWM_2.o)
                              .\CortexM3\ARM_GCC_493\Debug\main.o (PWM_2_WriteCompare1)
.\CortexM3\ARM_GCC_493\Debug\UAV_Control.a(LCD.o)
                              .\CortexM3\ARM_GCC_493\Debug\main.o (LCD_PrintString)
.\CortexM3\ARM_GCC_493\Debug\UAV_Control.a(Timer_1.o)
                              .\CortexM3\ARM_GCC_493\Debug\main.o (Timer_1_Start)
.\CortexM3\ARM_GCC_493\Debug\UAV_Control.a(CyBootAsmGnu.o)
                              .\CortexM3\ARM_GCC_493\Debug\UAV_Control.a(cyfitter_cfg.o) (CyDelayCycles)
.\CortexM3\ARM_GCC_493\Debug\UAV_Control.a(CyLib.o)
                              .\CortexM3\ARM_GCC_493\Debug\Cm3Start.o (CyHalt)
.\CortexM3\ARM_GCC_493\Debug\UAV_Control.a(cyPm.o)
                              .\CortexM3\ARM_GCC_493\Debug\UAV_Control.a(CyLib.o) (CyPmReadStatus)
.\CortexM3\ARM_GCC_493\Debug\UAV_Control.a(isr_Timer_1.o)
                              .\CortexM3\ARM_GCC_493\Debug\main.o (isr_Timer_1_StartEx)
.\CortexM3\ARM_GCC_493\Debug\UAV_Control.a(UART_Bluetooth.o)
                              .\CortexM3\ARM_GCC_493\Debug\main.o (UART_Bluetooth_Init)
.\CortexM3\ARM_GCC_493\Debug\UAV_Control.a(isr_RX.o)
                              .\CortexM3\ARM_GCC_493\Debug\main.o (isr_RX_StartEx)
.\CortexM3\ARM_GCC_493\Debug\UAV_Control.a(UART_Bluetooth_IntClock.o)
                              .\CortexM3\ARM_GCC_493\Debug\UAV_Control.a(UART_Bluetooth.o) (UART_Bluetooth_IntClock_Start)
.\CortexM3\ARM_GCC_493\Debug\UAV_Control.a(USBUART_1.o)
                              .\CortexM3\ARM_GCC_493\Debug\main.o (USBUART_1_Start)
.\CortexM3\ARM_GCC_493\Debug\UAV_Control.a(USBUART_1_cdc.o)
                              .\CortexM3\ARM_GCC_493\Debug\main.o (USBUART_1_CDC_Init)
.\CortexM3\ARM_GCC_493\Debug\UAV_Control.a(USBUART_1_drv.o)
                              .\CortexM3\ARM_GCC_493\Debug\UAV_Control.a(USBUART_1.o) (USBUART_1_lastPacketSize)
.\CortexM3\ARM_GCC_493\Debug\UAV_Control.a(USBUART_1_episr.o)
                              .\CortexM3\ARM_GCC_493\Debug\UAV_Control.a(USBUART_1.o) (USBUART_1_EP_1_ISR)
.\CortexM3\ARM_GCC_493\Debug\UAV_Control.a(USBUART_1_pm.o)
                              .\CortexM3\ARM_GCC_493\Debug\UAV_Control.a(USBUART_1.o) (USBUART_1_DP_ISR)
.\CortexM3\ARM_GCC_493\Debug\UAV_Control.a(USBUART_1_std.o)
                              .\CortexM3\ARM_GCC_493\Debug\UAV_Control.a(USBUART_1_pm.o) (USBUART_1_ConfigReg)
.\CortexM3\ARM_GCC_493\Debug\UAV_Control.a(USBUART_1_vnd.o)
                              .\CortexM3\ARM_GCC_493\Debug\UAV_Control.a(USBUART_1_drv.o) (USBUART_1_HandleVendorRqst)
.\CortexM3\ARM_GCC_493\Debug\UAV_Control.a(USBUART_1_Dp.o)
                              .\CortexM3\ARM_GCC_493\Debug\UAV_Control.a(USBUART_1_pm.o) (USBUART_1_Dp_ClearInterrupt)
.\CortexM3\ARM_GCC_493\Debug\UAV_Control.a(isr_jyRX.o)
                              .\CortexM3\ARM_GCC_493\Debug\main.o (isr_jyRX_StartEx)
.\CortexM3\ARM_GCC_493\Debug\UAV_Control.a(UART_JY901.o)
                              .\CortexM3\ARM_GCC_493\Debug\main.o (UART_JY901_Init)
.\CortexM3\ARM_GCC_493\Debug\UAV_Control.a(UART_JY901_IntClock.o)
                              .\CortexM3\ARM_GCC_493\Debug\UAV_Control.a(UART_JY901.o) (UART_JY901_IntClock_Start)
.\CortexM3\ARM_GCC_493\Debug\UAV_Control.a(isr_Ctrl.o)
                              .\CortexM3\ARM_GCC_493\Debug\main.o (isr_Ctrl_StartEx)
.\CortexM3\ARM_GCC_493\Debug\UAV_Control.a(CyFlash.o)
                              .\CortexM3\ARM_GCC_493\Debug\UAV_Control.a(cyPm.o) (CyFlash_SetWaitCycles)
.\CortexM3\ARM_GCC_493\Debug\UAV_Control.a(CySpc.o)
                              .\CortexM3\ARM_GCC_493\Debug\UAV_Control.a(CyFlash.o) (CySpcStart)
.\CortexM3\ARM_GCC_493\Debug\UAV_Control.a(USBUART_1_cls.o)
                              .\CortexM3\ARM_GCC_493\Debug\UAV_Control.a(USBUART_1_drv.o) (USBUART_1_DispatchClassRqst)
.\CortexM3\ARM_GCC_493\Debug\UAV_Control.a(USBUART_1_descr.o)
                              .\CortexM3\ARM_GCC_493\Debug\UAV_Control.a(USBUART_1_std.o) (USBUART_1_idSerialNumberStringDescriptor)
d:/program files (x86)/cypress/psoc creator/3.3/psoc creator/import/gnu/arm/4.9.3/bin/../lib/gcc/arm-none-eabi/4.9.3/../../../../arm-none-eabi/lib/armv7-m\libm.a(lib_a-w_sqrt.o)
                              .\CortexM3\ARM_GCC_493\Debug\Control.o (sqrt)
d:/program files (x86)/cypress/psoc creator/3.3/psoc creator/import/gnu/arm/4.9.3/bin/../lib/gcc/arm-none-eabi/4.9.3/../../../../arm-none-eabi/lib/armv7-m\libm.a(lib_a-e_sqrt.o)
[...]
Memory Configuration

Name             Origin             Length             Attributes
rom              0x00000000         0x00040000         xr
ram              0x1fff8000         0x00010000         xrw
*default*        0x00000000         0xffffffff

Linker script and memory map

LOAD d:/program files (x86)/cypress/psoc creator/3.3/psoc creator/import/gnu/arm/4.9.3/bin/../lib/gcc/arm-none-eabi/4.9.3/armv7-m/crti.o
LOAD d:/program files (x86)/cypress/psoc creator/3.3/psoc creator/import/gnu/arm/4.9.3/bin/../lib/gcc/arm-none-eabi/4.9.3/armv7-m/crtbegin.o
LOAD d:/program files (x86)/cypress/psoc creator/3.3/psoc creator/import/gnu/arm/4.9.3/bin/../lib/gcc/arm-none-eabi/4.9.3/../../../../arm-none-eabi/lib/armv7-m/crt0.o
START GROUP
LOAD .\CortexM3\ARM_GCC_493\Debug\main.o
LOAD .\CortexM3\ARM_GCC_493\Debug\Control.o
LOAD .\CortexM3\ARM_GCC_493\Debug\cymetadata.o
LOAD .\CortexM3\ARM_GCC_493\Debug\Cm3Start.o
LOAD .\CortexM3\ARM_GCC_493\Debug\UAV_Control.a
LOAD D:\Program Files (x86)\Cypress\PSoC Creator\3.3\PSoC Creator\psoc\content\cycomponentlibrary\CyComponentLibrary.cylib\CortexM3\ARM_GCC_493\Debug\CyComponentLibrary.a
LOAD d:/program files (x86)/cypress/psoc creator/3.3/psoc creator/import/gnu/arm/4.9.3/bin/../lib/gcc/arm-none-eabi/4.9.3/../../../../arm-none-eabi/lib/armv7-m\libm.a
END GROUP
START GROUP
LOAD d:/program files (x86)/cypress/psoc creator/3.3/psoc creator/import/gnu/arm/4.9.3/bin/../lib/gcc/arm-none-eabi/4.9.3/armv7-m\libgcc.a
LOAD d:/program files (x86)/cypress/psoc creator/3.3/psoc creator/import/gnu/arm/4.9.3/bin/../lib/gcc/arm-none-eabi/4.9.3/../../../../arm-none-eabi/lib/armv7-m\libg_nano.a
LOAD d:/program files (x86)/cypress/psoc creator/3.3/psoc creator/import/gnu/arm/4.9.3/bin/../lib/gcc/arm-none-eabi/4.9.3/../../../../arm-none-eabi/lib/armv7-m\libc_nano.a
END GROUP
START GROUP
LOAD d:/program files (x86)/cypress/psoc creator/3.3/psoc creator/import/gnu/arm/4.9.3/bin/../lib/gcc/arm-none-eabi/4.9.3/armv7-m\libgcc.a
LOAD d:/program files (x86)/cypress/psoc creator/3.3/psoc creator/import/gnu/arm/4.9.3/bin/../lib/gcc/arm-none-eabi/4.9.3/../../../../arm-none-eabi/lib/armv7-m\libc_nano.a
END GROUP
LOAD d:/program files (x86)/cypress/psoc creator/3.3/psoc creator/import/gnu/arm/4.9.3/bin/../lib/gcc/arm-none-eabi/4.9.3/armv7-m/crtend.o
LOAD d:/program files (x86)/cypress/psoc creator/3.3/psoc creator/import/gnu/arm/4.9.3/bin/../lib/gcc/arm-none-eabi/4.9.3/armv7-m/crtn.o
START GROUP
LOAD d:/program files (x86)/cypress/psoc creator/3.3/psoc creator/import/gnu/arm/4.9.3/bin/../lib/gcc/arm-none-eabi/4.9.3/armv7-m\libgcc.a
LOAD d:/program files (x86)/cypress/psoc creator/3.3/psoc creator/import/gnu/arm/4.9.3/bin/../lib/gcc/arm-none-eabi/4.9.3/../../../../arm-none-eabi/lib/armv7-m\libc.a
LOAD d:/program files (x86)/cypress/psoc creator/3.3/psoc creator/import/gnu/arm/4.9.3/bin/../lib/gcc/arm-none-eabi/4.9.3/../../../../arm-none-eabi/lib/armv7-m\libnosys.a
END GROUP
                0x00000000                CY_APPL_ORIGIN = 0x0
                0x00000100                CY_FLASH_ROW_SIZE = 0x100
                0x00000020                CY_ECC_ROW_SIZE = 0x20
                0x00000000                CY_EE_IN_BTLDR = 0x0
                0x00000000                CY_APPL_LOADABLE = 0x0
                0x00000800                CY_EE_SIZE = 0x800
                0x00000001                CY_APPL_NUM = 0x1
                0x00000001                CY_APPL_MAX = 0x1
                0x00000040                CY_METADATA_SIZE = 0x40
                0x00000000                CY_APPL_LOADABLE = 0x0
                0x00000000                CY_CHECKSUM_EXCLUDE_SIZE = ALIGN (0x0, CY_FLASH_ROW_SIZE)
                0x1fff8528                PROVIDE (__cy_heap_start, _end)
                0x00000001                PROVIDE (__cy_region_num, ((__cy_regions_end - __cy_regions) / 0x10))
                0x20008000                PROVIDE (__cy_stack, (ORIGIN (ram) + 0x10000))
                0x20007800                PROVIDE (__cy_heap_end, (__cy_stack - 0x800))

.cybootloader   0x00000000        0x0
 *(.cybootloader)
                0x00000000                appl1_start = CY_APPL_ORIGIN?CY_APPL_ORIGIN:ALIGN (CY_FLASH_ROW_SIZE)
                0x0001ff00                appl2_start = (appl1_start + ALIGN ((((0x40000 - appl1_start) - (0x2 * CY_FLASH_ROW_SIZE)) / 0x2), CY_FLASH_ROW_SIZE))
                0x00000000                appl_start = (CY_APPL_NUM == 0x1)?appl1_start:appl2_start
                0x00000000                ecc_offset = ((appl_start / CY_FLASH_ROW_SIZE) * CY_ECC_ROW_SIZE)
                0x00000000                ee_offset = (CY_APPL_LOADABLE && ! (CY_EE_IN_BTLDR))?((CY_EE_SIZE / CY_APPL_MAX) * (CY_APPL_NUM - 0x1)):0x0
                0x00000800                ee_size = (CY_APPL_LOADABLE && ! (CY_EE_IN_BTLDR))?(CY_EE_SIZE / CY_APPL_MAX):CY_EE_SIZE
                0x00000000                PROVIDE (CY_ECC_OFFSET, ecc_offset)

.text           0x00000000     0x6486
 CREATE_OBJECT_SYMBOLS
                0x00000000                PROVIDE (__cy_interrupt_vector, RomVectors)
 *(.romvectors)
 .romvectors    0x00000000       0x10 .\CortexM3\ARM_GCC_493\Debug\Cm3Start.o
                0x00000000                RomVectors
                0x00000001                ASSERT ((. != __cy_interrupt_vector), No interrupt vector)
                0x00000001                ASSERT (CY_APPL_ORIGIN?(SIZEOF (.cybootloader) <= CY_APPL_ORIGIN):0x1, Wrong image location)
                0x00000010                PROVIDE (__cy_reset, Reset)
 *(.text.Reset)
 .text.Reset    0x00000010       0x18 .\CortexM3\ARM_GCC_493\Debug\Cm3Start.o
                0x00000010                Reset
                0x00000001                ASSERT ((. != __cy_reset), No reset code)
 *(.dma_init)
                0x00000001                ASSERT ((((appl_start + .) <= 0x10000) || 0x1), DMA Init must be within the first 64k of flash)
 *(.text .text.* .gnu.linkonce.t.*)
 .text          0x00000028       0x5c d:/program files (x86)/cypress/psoc creator/3.3/psoc creator/import/gnu/arm/4.9.3/bin/../lib/gcc/arm-none-eabi/4.9.3/armv7-m/crtbegin.o
 .text.Set_Motor_1_Speed
                0x00000084       0x18 .\CortexM3\ARM_GCC_493\Debug\main.o
                0x00000084                Set_Motor_1_Speed
 .text.Set_Motor_2_Speed
                0x0000009c       0x18 .\CortexM3\ARM_GCC_493\Debug\main.o
                0x0000009c                Set_Motor_2_Speed
 .text.Set_Motor_3_Speed
                0x000000b4       0x18 .\CortexM3\ARM_GCC_493\Debug\main.o
                0x000000b4                Set_Motor_3_Speed
 .text.Set_Motor_4_Speed
                0x000000cc       0x18 .\CortexM3\ARM_GCC_493\Debug\main.o
                0x000000cc                Set_Motor_4_Speed
 .text.Timer_1_Interrupt_Handler
                0x000000e4       0xac .\CortexM3\ARM_GCC_493\Debug\main.o
                0x000000e4                Timer_1_Interrupt_Handler
 .text.Initialize_All_PWM
                0x00000190       0x24 .\CortexM3\ARM_GCC_493\Debug\main.o
                0x00000190                Initialize_All_PWM
 *fill*         0x000001b4        0x4 
 .text.Process_Bluetooth_Message
                0x000001b8      0x148 .\CortexM3\ARM_GCC_493\Debug\main.o
                0x000001b8                Process_Bluetooth_Message
 .text.Bluetooth_RX_Interrupt_Handler
                0x00000300       0x78 .\CortexM3\ARM_GCC_493\Debug\main.o
                0x00000300                Bluetooth_RX_Interrupt_Handler
 .text.Init_JY901_Data
                0x00000378       0x70 .\CortexM3\ARM_GCC_493\Debug\main.o
                0x00000378                Init_JY901_Data
 .text.Decode_JY901_Data
                0x000003e8      0x324 .\CortexM3\ARM_GCC_493\Debug\main.o
                0x000003e8                Decode_JY901_Data
 .text.JY901_RX_Interrupt_Handler
                0x0000070c       0x9c .\CortexM3\ARM_GCC_493\Debug\main.o
                0x0000070c                JY901_RX_Interrupt_Handler
 .text.LCD_Disp
                0x000007a8       0x14 .\CortexM3\ARM_GCC_493\Debug\main.o
                0x000007a8                LCD_Disp
 .text.JY901_Debug_Display
                0x000007bc      0x188 .\CortexM3\ARM_GCC_493\Debug\main.o
                0x000007bc                JY901_Debug_Display
 .text.main     0x00000944      0x138 .\CortexM3\ARM_GCC_493\Debug\main.o
                0x00000944                main
 .text.Control_Func_InitVariable
                0x00000a7c       0xc4 .\CortexM3\ARM_GCC_493\Debug\Control.o
                0x00000a7c                Control_Func_InitVariable
 .text.Control_Main
                0x00000b40      0x8b4 .\CortexM3\ARM_GCC_493\Debug\Control.o
                0x00000b40                Control_Main
 .text.IntDefaultHandler
                0x000013f4        0x4 .\CortexM3\ARM_GCC_493\Debug\Cm3Start.o
                0x000013f4                IntDefaultHandler
 .text._sbrk    0x000013f8       0x30 .\CortexM3\ARM_GCC_493\Debug\Cm3Start.o
                0x000013f8                _sbrk
 .text.Start_c  0x00001428       0x4c .\CortexM3\ARM_GCC_493\Debug\Cm3Start.o
                0x00001428                Start_c
 .text.initialize_psoc
                0x00001474       0x74 .\CortexM3\ARM_GCC_493\Debug\Cm3Start.o
                0x00001474                initialize_psoc
 .text.CyClockStartupError
                0x000014e8        0x4 .\CortexM3\ARM_GCC_493\Debug\UAV_Control.a(cyfitter_cfg.o)
 .text.cfg_write_bytes32
                0x000014ec       0x34 .\CortexM3\ARM_GCC_493\Debug\UAV_Control.a(cyfitter_cfg.o)
 .text.AnalogSetDefault
                0x00001520       0x28 .\CortexM3\ARM_GCC_493\Debug\UAV_Control.a(cyfitter_cfg.o)
 .text.ClockSetup
                0x00001548       0xd8 .\CortexM3\ARM_GCC_493\Debug\UAV_Control.a(cyfitter_cfg.o)
 .text.CYMEMZERO
                0x00001620        0xc .\CortexM3\ARM_GCC_493\Debug\UAV_Control.a(cyfitter_cfg.o)
 .text.CYCONFIGCPY
                0x0000162c        0x8 .\CortexM3\ARM_GCC_493\Debug\UAV_Control.a(cyfitter_cfg.o)
 .text.cyfitter_cfg
                0x00001634      0x11c .\CortexM3\ARM_GCC_493\Debug\UAV_Control.a(cyfitter_cfg.o)
                0x00001634                cyfitter_cfg
 .text.PWM_1_Enable
                0x00001750       0x10 .\CortexM3\ARM_GCC_493\Debug\UAV_Control.a(PWM_1.o)
                0x00001750                PWM_1_Enable
 .text.PWM_1_WriteCounter
                0x00001760        0xc .\CortexM3\ARM_GCC_493\Debug\UAV_Control.a(PWM_1.o)
                0x00001760                PWM_1_WriteCounter
 .text.PWM_1_WritePeriod
                0x0000176c        0xc .\CortexM3\ARM_GCC_493\Debug\UAV_Control.a(PWM_1.o)
                0x0000176c                PWM_1_WritePeriod
 .text.PWM_1_WriteCompare1
                0x00001778        0xc .\CortexM3\ARM_GCC_493\Debug\UAV_Control.a(PWM_1.o)
                0x00001778                PWM_1_WriteCompare1
 .text.PWM_1_WriteCompare2
                0x00001784        0xc .\CortexM3\ARM_GCC_493\Debug\UAV_Control.a(PWM_1.o)
                0x00001784                PWM_1_WriteCompare2
 .text.PWM_1_Init
                0x00001790       0x4c .\CortexM3\ARM_GCC_493\Debug\UAV_Control.a(PWM_1.o)
                0x00001790                PWM_1_Init
 .text.PWM_1_Start
                0x000017dc       0x1c .\CortexM3\ARM_GCC_493\Debug\UAV_Control.a(PWM_1.o)
                0x000017dc                PWM_1_Start
 .text.PWM_2_Enable
                0x000017f8       0x10 .\CortexM3\ARM_GCC_493\Debug\UAV_Control.a(PWM_2.o)
                0x000017f8                PWM_2_Enable
 .text.PWM_2_WriteCounter
                0x00001808        0xc .\CortexM3\ARM_GCC_493\Debug\UAV_Control.a(PWM_2.o)
                0x00001808                PWM_2_WriteCounter
 .text.PWM_2_WritePeriod
                0x00001814        0xc .\CortexM3\ARM_GCC_493\Debug\UAV_Control.a(PWM_2.o)
                0x00001814                PWM_2_WritePeriod
 .text.PWM_2_WriteCompare1
                0x00001820        0xc .\CortexM3\ARM_GCC_493\Debug\UAV_Control.a(PWM_2.o)
                0x00001820                PWM_2_WriteCompare1
 .text.PWM_2_WriteCompare2
                0x0000182c        0xc .\CortexM3\ARM_GCC_493\Debug\UAV_Control.a(PWM_2.o)
                0x0000182c                PWM_2_WriteCompare2
 .text.PWM_2_Init
                0x00001838       0x4c .\CortexM3\ARM_GCC_493\Debug\UAV_Control.a(PWM_2.o)
                0x00001838                PWM_2_Init
 .text.PWM_2_Start
                0x00001884       0x1c .\CortexM3\ARM_GCC_493\Debug\UAV_Control.a(PWM_2.o)
                0x00001884                PWM_2_Start
 .text.LCD_WrCntrlNib
                0x000018a0       0x34 .\CortexM3\ARM_GCC_493\Debug\UAV_Control.a(LCD.o)
 .text.LCD_WrDatNib
                0x000018d4       0x44 .\CortexM3\ARM_GCC_493\Debug\UAV_Control.a(LCD.o)
 .text.LCD_IsReady
                0x00001918       0xe4 .\CortexM3\ARM_GCC_493\Debug\UAV_Control.a(LCD.o)
                0x00001918                LCD_IsReady
 .text.LCD_WriteData
                0x000019fc       0x18 .\CortexM3\ARM_GCC_493\Debug\UAV_Control.a(LCD.o)
                0x000019fc                LCD_WriteData
 .text.LCD_PrintString
                0x00001a14       0x1c .\CortexM3\ARM_GCC_493\Debug\UAV_Control.a(LCD.o)
                0x00001a14                LCD_PrintString
 .text.LCD_WriteControl
                0x00001a30       0x18 .\CortexM3\ARM_GCC_493\Debug\UAV_Control.a(LCD.o)
                0x00001a30                LCD_WriteControl
 .text.LCD_Init
                0x00001a48       0x6c .\CortexM3\ARM_GCC_493\Debug\UAV_Control.a(LCD.o)
                0x00001a48                LCD_Init
 .text.LCD_Enable
                0x00001ab4       0x14 .\CortexM3\ARM_GCC_493\Debug\UAV_Control.a(LCD.o)
                0x00001ab4                LCD_Enable
 .text.LCD_Start
                0x00001ac8       0x1c .\CortexM3\ARM_GCC_493\Debug\UAV_Control.a(LCD.o)
                0x00001ac8                LCD_Start
 .text.LCD_Position
                0x00001ae4       0x3c .\CortexM3\ARM_GCC_493\Debug\UAV_Control.a(LCD.o)
                0x00001ae4                LCD_Position
 .text.LCD_PrintU32Number
                0x00001b20       0x60 .\CortexM3\ARM_GCC_493\Debug\UAV_Control.a(LCD.o)
                0x00001b20                LCD_PrintU32Number
 .text.Timer_1_Enable
                0x00001b80       0x10 .\CortexM3\ARM_GCC_493\Debug\UAV_Control.a(Timer_1.o)
                0x00001b80                Timer_1_Enable
 .text.Timer_1_SetInterruptMode
                0x00001b90        0xc .\CortexM3\ARM_GCC_493\Debug\UAV_Control.a(Timer_1.o)
                0x00001b90                Timer_1_SetInterruptMode
 .text.Timer_1_ReadStatusRegister
                0x00001b9c        0xc .\CortexM3\ARM_GCC_493\Debug\UAV_Control.a(Timer_1.o)
                0x00001b9c                Timer_1_ReadStatusRegister
 .text.Timer_1_WritePeriod
                0x00001ba8        0xc .\CortexM3\ARM_GCC_493\Debug\UAV_Control.a(Timer_1.o)
                0x00001ba8                Timer_1_WritePeriod
 .text.Timer_1_ReadCapture
                0x00001bb4        0xc .\CortexM3\ARM_GCC_493\Debug\UAV_Control.a(Timer_1.o)
                0x00001bb4                Timer_1_ReadCapture
 .text.Timer_1_WriteCounter
                0x00001bc0        0xc .\CortexM3\ARM_GCC_493\Debug\UAV_Control.a(Timer_1.o)
                0x00001bc0                Timer_1_WriteCounter
 .text.Timer_1_ClearFIFO
                0x00001bcc       0x14 .\CortexM3\ARM_GCC_493\Debug\UAV_Control.a(Timer_1.o)
                0x00001bcc                Timer_1_ClearFIFO
 .text.Timer_1_Init
                0x00001be0       0x34 .\CortexM3\ARM_GCC_493\Debug\UAV_Control.a(Timer_1.o)
                0x00001be0                Timer_1_Init
 .text.Timer_1_Start
                0x00001c14       0x1c .\CortexM3\ARM_GCC_493\Debug\UAV_Control.a(Timer_1.o)
                0x00001c14                Timer_1_Start
 .text          0x00001c30       0x20 .\CortexM3\ARM_GCC_493\Debug\UAV_Control.a(CyBootAsmGnu.o)
                0x00001c30                CyDelayCycles
                0x00001c40                CyEnterCriticalSection
                0x00001c48                CyExitCriticalSection
 .text.CyHalt   0x00001c50        0x4 .\CortexM3\ARM_GCC_493\Debug\UAV_Control.a(CyLib.o)
                0x00001c50                CyHalt
 .text.CyDelay  0x00001c54       0x2c .\CortexM3\ARM_GCC_493\Debug\UAV_Control.a(CyLib.o)
                0x00001c54                CyDelay
 .text.CyDelayUs
                0x00001c80       0x14 .\CortexM3\ARM_GCC_493\Debug\UAV_Control.a(CyLib.o)
                0x00001c80                CyDelayUs
 .text.CyIntSetVector
                0x00001c94       0x28 .\CortexM3\ARM_GCC_493\Debug\UAV_Control.a(CyLib.o)
                0x00001c94                CyIntSetVector
 .text.CyIntSetPriority
                0x00001cbc       0x30 .\CortexM3\ARM_GCC_493\Debug\UAV_Control.a(CyLib.o)
                0x00001cbc                CyIntSetPriority
 .text.CyGetUniqueId
                0x00001cec       0x70 .\CortexM3\ARM_GCC_493\Debug\UAV_Control.a(CyLib.o)
                0x00001cec                CyGetUniqueId
 .text.isr_Timer_1_SetVector
                0x00001d5c        0xc .\CortexM3\ARM_GCC_493\Debug\UAV_Control.a(isr_Timer_1.o)
                0x00001d5c                isr_Timer_1_SetVector
 .text.isr_Timer_1_SetPriority
                0x00001d68       0x10 .\CortexM3\ARM_GCC_493\Debug\UAV_Control.a(isr_Timer_1.o)
                0x00001d68                isr_Timer_1_SetPriority
 .text.isr_Timer_1_Enable
                0x00001d78        0xc .\CortexM3\ARM_GCC_493\Debug\UAV_Control.a(isr_Timer_1.o)
                0x00001d78                isr_Timer_1_Enable
 .text.isr_Timer_1_Disable
                0x00001d84        0xc .\CortexM3\ARM_GCC_493\Debug\UAV_Control.a(isr_Timer_1.o)
                0x00001d84                isr_Timer_1_Disable
 .text.isr_Timer_1_StartEx
                0x00001d90       0x1c .\CortexM3\ARM_GCC_493\Debug\UAV_Control.a(isr_Timer_1.o)
                0x00001d90                isr_Timer_1_StartEx
 .text.UART_Bluetooth_Init
                0x00001dac       0x14 .\CortexM3\ARM_GCC_493\Debug\UAV_Control.a(UART_Bluetooth.o)
                0x00001dac                UART_Bluetooth_Init
 .text.UART_Bluetooth_Enable
                0x00001dc0       0x30 .\CortexM3\ARM_GCC_493\Debug\UAV_Control.a(UART_Bluetooth.o)
                0x00001dc0                UART_Bluetooth_Enable
 .text.UART_Bluetooth_Start
                0x00001df0       0x1c .\CortexM3\ARM_GCC_493\Debug\UAV_Control.a(UART_Bluetooth.o)
                0x00001df0                UART_Bluetooth_Start
 .text.UART_Bluetooth_ReadRxData
                0x00001e0c        0xc .\CortexM3\ARM_GCC_493\Debug\UAV_Control.a(UART_Bluetooth.o)
                0x00001e0c                UART_Bluetooth_ReadRxData
 .text.isr_RX_SetVector
                0x00001e18        0xc .\CortexM3\ARM_GCC_493\Debug\UAV_Control.a(isr_RX.o)
                0x00001e18                isr_RX_SetVector
 .text.isr_RX_SetPriority
                0x00001e24       0x10 .\CortexM3\ARM_GCC_493\Debug\UAV_Control.a(isr_RX.o)
                0x00001e24                isr_RX_SetPriority
 .text.isr_RX_Enable
                0x00001e34        0xc .\CortexM3\ARM_GCC_493\Debug\UAV_Control.a(isr_RX.o)
                0x00001e34                isr_RX_Enable
 .text.isr_RX_Disable
                0x00001e40        0xc .\CortexM3\ARM_GCC_493\Debug\UAV_Control.a(isr_RX.o)
                0x00001e40                isr_RX_Disable
 .text.isr_RX_StartEx
                0x00001e4c       0x1c .\CortexM3\ARM_GCC_493\Debug\UAV_Control.a(isr_RX.o)
                0x00001e4c                isr_RX_StartEx
 .text.UART_Bluetooth_IntClock_Start
                0x00001e68       0x1c .\CortexM3\ARM_GCC_493\Debug\UAV_Control.a(UART_Bluetooth_IntClock.o)
                0x00001e68                UART_Bluetooth_IntClock_Start
 .text.USBUART_1_Init
                0x00001e84      0x140 .\CortexM3\ARM_GCC_493\Debug\UAV_Control.a(USBUART_1.o)
                0x00001e84                USBUART_1_Init
 .text.USBUART_1_InitComponent
                0x00001fc4       0xb8 .\CortexM3\ARM_GCC_493\Debug\UAV_Control.a(USBUART_1.o)
                0x00001fc4                USBUART_1_InitComponent
 .text.USBUART_1_Start
                0x0000207c       0x24 .\CortexM3\ARM_GCC_493\Debug\UAV_Control.a(USBUART_1.o)
                0x0000207c                USBUART_1_Start
 .text.USBUART_1_ReInitComponent
                0x000020a0       0x4c .\CortexM3\ARM_GCC_493\Debug\UAV_Control.a(USBUART_1.o)
                0x000020a0                USBUART_1_ReInitComponent
 .text.USBUART_1_GetConfiguration
                0x000020ec        0xc .\CortexM3\ARM_GCC_493\Debug\UAV_Control.a(USBUART_1.o)
                0x000020ec                USBUART_1_GetConfiguration
 .text.USBUART_1_GetEPState
                0x000020f8       0x14 .\CortexM3\ARM_GCC_493\Debug\UAV_Control.a(USBUART_1.o)
                0x000020f8                USBUART_1_GetEPState
 .text.USBUART_1_LoadInEP
                0x0000210c       0x94 .\CortexM3\ARM_GCC_493\Debug\UAV_Control.a(USBUART_1.o)
                0x0000210c                USBUART_1_LoadInEP
 .text.USBUART_1_EnableOutEP
                0x000021a0       0x2c .\CortexM3\ARM_GCC_493\Debug\UAV_Control.a(USBUART_1.o)
                0x000021a0                USBUART_1_EnableOutEP
 .text.USBUART_1_StrLen
                0x000021cc       0x14 .\CortexM3\ARM_GCC_493\Debug\UAV_Control.a(USBUART_1_cdc.o)
 .text.USBUART_1_GetInterfaceComPort
                0x000021e0       0x3c .\CortexM3\ARM_GCC_493\Debug\UAV_Control.a(USBUART_1_cdc.o)
                0x000021e0                USBUART_1_GetInterfaceComPort
 .text.USBUART_1_DispatchCDCClassRqst
                0x0000221c       0x98 .\CortexM3\ARM_GCC_493\Debug\UAV_Control.a(USBUART_1_cdc.o)
                0x0000221c                USBUART_1_DispatchCDCClassRqst
 .text.USBUART_1_CDC_Init
                0x000022b4       0x98 .\CortexM3\ARM_GCC_493\Debug\UAV_Control.a(USBUART_1_cdc.o)
                0x000022b4                USBUART_1_CDC_Init
 .text.USBUART_1_PutString
                0x0000234c       0x9c .\CortexM3\ARM_GCC_493\Debug\UAV_Control.a(USBUART_1_cdc.o)
                0x0000234c                USBUART_1_PutString
 .text.USBUART_1_CDCIsReady
                0x000023e8       0x18 .\CortexM3\ARM_GCC_493\Debug\UAV_Control.a(USBUART_1_cdc.o)
                0x000023e8                USBUART_1_CDCIsReady
 .text.USBUART_1_Cdc_EpInit
                0x00002400       0x50 .\CortexM3\ARM_GCC_493\Debug\UAV_Control.a(USBUART_1_cdc.o)
                0x00002400                USBUART_1_Cdc_EpInit
 .text.USBUART_1_LoadEP0
                0x00002450       0x94 .\CortexM3\ARM_GCC_493\Debug\UAV_Control.a(USBUART_1_drv.o)
                0x00002450                USBUART_1_LoadEP0
 .text.USBUART_1_InitZeroLengthControlTransfer
                0x000024e4       0x34 .\CortexM3\ARM_GCC_493\Debug\UAV_Control.a(USBUART_1_drv.o)
                0x000024e4                USBUART_1_InitZeroLengthControlTransfer
 .text.USBUART_1_ControlReadDataStage
                0x00002518        0x8 .\CortexM3\ARM_GCC_493\Debug\UAV_Control.a(USBUART_1_drv.o)
                0x00002518                USBUART_1_ControlReadDataStage
 .text.USBUART_1_ControlWriteDataStage
                0x00002520       0x80 .\CortexM3\ARM_GCC_493\Debug\UAV_Control.a(USBUART_1_drv.o)
                0x00002520                USBUART_1_ControlWriteDataStage
 .text.USBUART_1_InitNoDataControlTransfer
                0x000025a0       0x2c .\CortexM3\ARM_GCC_493\Debug\UAV_Control.a(USBUART_1_drv.o)
                0x000025a0                USBUART_1_InitNoDataControlTransfer
 .text.USBUART_1_UpdateStatusBlock
                0x000025cc       0x24 .\CortexM3\ARM_GCC_493\Debug\UAV_Control.a(USBUART_1_drv.o)
                0x000025cc                USBUART_1_UpdateStatusBlock
 .text.USBUART_1_HandleSetup
                0x000025f0       0x5c .\CortexM3\ARM_GCC_493\Debug\UAV_Control.a(USBUART_1_drv.o)
                0x000025f0                USBUART_1_HandleSetup
 .text.USBUART_1_ControlReadStatusStage
                0x0000264c       0x34 .\CortexM3\ARM_GCC_493\Debug\UAV_Control.a(USBUART_1_drv.o)
                0x0000264c                USBUART_1_ControlReadStatusStage
 .text.USBUART_1_HandleOUT
                0x00002680       0x38 .\CortexM3\ARM_GCC_493\Debug\UAV_Control.a(USBUART_1_drv.o)
                0x00002680                USBUART_1_HandleOUT
 .text.USBUART_1_ControlWriteStatusStage
                0x000026b8       0x20 .\CortexM3\ARM_GCC_493\Debug\UAV_Control.a(USBUART_1_drv.o)
                0x000026b8                USBUART_1_ControlWriteStatusStage
 .text.USBUART_1_NoDataControlStatusStage
                0x000026d8       0x40 .\CortexM3\ARM_GCC_493\Debug\UAV_Control.a(USBUART_1_drv.o)
                0x000026d8                USBUART_1_NoDataControlStatusStage
 .text.USBUART_1_HandleIN
                0x00002718       0x2c .\CortexM3\ARM_GCC_493\Debug\UAV_Control.a(USBUART_1_drv.o)
                0x00002718                USBUART_1_HandleIN
 .text.USBUART_1_EP_0_ISR
                0x00002744       0xb8 .\CortexM3\ARM_GCC_493\Debug\UAV_Control.a(USBUART_1_drv.o)
                0x00002744                USBUART_1_EP_0_ISR
 .text.USBUART_1_InitializeStatusBlock
                0x000027fc       0x24 .\CortexM3\ARM_GCC_493\Debug\UAV_Control.a(USBUART_1_drv.o)
                0x000027fc                USBUART_1_InitializeStatusBlock
 .text.USBUART_1_InitControlRead
                0x00002820       0x50 .\CortexM3\ARM_GCC_493\Debug\UAV_Control.a(USBUART_1_drv.o)
                0x00002820                USBUART_1_InitControlRead
 .text.USBUART_1_InitControlWrite
                0x00002870       0x48 .\CortexM3\ARM_GCC_493\Debug\UAV_Control.a(USBUART_1_drv.o)
                0x00002870                USBUART_1_InitControlWrite
 .text.USBUART_1_EP_1_ISR
                0x000028b8       0x38 .\CortexM3\ARM_GCC_493\Debug\UAV_Control.a(USBUART_1_episr.o)
                0x000028b8                USBUART_1_EP_1_ISR
 .text.USBUART_1_EP_2_ISR
                0x000028f0       0x3c .\CortexM3\ARM_GCC_493\Debug\UAV_Control.a(USBUART_1_episr.o)
                0x000028f0                USBUART_1_EP_2_ISR
 .text.USBUART_1_EP_3_ISR
                0x0000292c       0x44 .\CortexM3\ARM_GCC_493\Debug\UAV_Control.a(USBUART_1_episr.o)
                0x0000292c                USBUART_1_EP_3_ISR
 .text.USBUART_1_SOF_ISR
                0x00002970        0x4 .\CortexM3\ARM_GCC_493\Debug\UAV_Control.a(USBUART_1_episr.o)
                0x00002970                USBUART_1_SOF_ISR
 .text.USBUART_1_BUS_RESET_ISR
                0x00002974        0x8 .\CortexM3\ARM_GCC_493\Debug\UAV_Control.a(USBUART_1_episr.o)
                0x00002974                USBUART_1_BUS_RESET_ISR
 .text.USBUART_1_DP_ISR
                0x0000297c        0x8 .\CortexM3\ARM_GCC_493\Debug\UAV_Control.a(USBUART_1_pm.o)
                0x0000297c                USBUART_1_DP_ISR
 .text.USBUART_1_ReadDieID
                0x00002984       0x6c .\CortexM3\ARM_GCC_493\Debug\UAV_Control.a(USBUART_1_std.o)
                0x00002984                USBUART_1_ReadDieID
 .text.USBUART_1_ConfigReg
                0x000029f0       0xa4 .\CortexM3\ARM_GCC_493\Debug\UAV_Control.a(USBUART_1_std.o)
                0x000029f0                USBUART_1_ConfigReg
 .text.USBUART_1_GetConfigTablePtr
                0x00002a94       0x28 .\CortexM3\ARM_GCC_493\Debug\UAV_Control.a(USBUART_1_std.o)
                0x00002a94                USBUART_1_GetConfigTablePtr
 .text.USBUART_1_ConfigAltChanged
                0x00002abc      0x11c .\CortexM3\ARM_GCC_493\Debug\UAV_Control.a(USBUART_1_std.o)
                0x00002abc                USBUART_1_ConfigAltChanged
 .text.USBUART_1_GetDeviceTablePtr
                0x00002bd8       0x18 .\CortexM3\ARM_GCC_493\Debug\UAV_Control.a(USBUART_1_std.o)
                0x00002bd8                USBUART_1_GetDeviceTablePtr
 .text.USBUART_1_GetInterfaceClassTablePtr
                0x00002bf0       0x24 .\CortexM3\ARM_GCC_493\Debug\UAV_Control.a(USBUART_1_std.o)
                0x00002bf0                USBUART_1_GetInterfaceClassTablePtr
 .text.USBUART_1_Config
                0x00002c14      0x1e4 .\CortexM3\ARM_GCC_493\Debug\UAV_Control.a(USBUART_1_std.o)
                0x00002c14                USBUART_1_Config
 .text.USBUART_1_SetEndpointHalt
                0x00002df8       0x64 .\CortexM3\ARM_GCC_493\Debug\UAV_Control.a(USBUART_1_std.o)
                0x00002df8                USBUART_1_SetEndpointHalt
 .text.USBUART_1_ClearEndpointHalt
                0x00002e5c       0xa8 .\CortexM3\ARM_GCC_493\Debug\UAV_Control.a(USBUART_1_std.o)
                0x00002e5c                USBUART_1_ClearEndpointHalt
 .text.USBUART_1_ValidateAlternateSetting
                0x00002f04       0x4c .\CortexM3\ARM_GCC_493\Debug\UAV_Control.a(USBUART_1_std.o)
                0x00002f04                USBUART_1_ValidateAlternateSetting
 .text.USBUART_1_HandleStandardRqst
                0x00002f50      0x350 .\CortexM3\ARM_GCC_493\Debug\UAV_Control.a(USBUART_1_std.o)
                0x00002f50                USBUART_1_HandleStandardRqst
 .text.USBUART_1_HandleVendorRqst
                0x000032a0       0x18 .\CortexM3\ARM_GCC_493\Debug\UAV_Control.a(USBUART_1_vnd.o)
                0x000032a0                USBUART_1_HandleVendorRqst
 .text.USBUART_1_Dp_ClearInterrupt
                0x000032b8       0x10 .\CortexM3\ARM_GCC_493\Debug\UAV_Control.a(USBUART_1_Dp.o)
                0x000032b8                USBUART_1_Dp_ClearInterrupt
 .text.isr_jyRX_SetVector
                0x000032c8        0xc .\CortexM3\ARM_GCC_493\Debug\UAV_Control.a(isr_jyRX.o)
                0x000032c8                isr_jyRX_SetVector
 .text.isr_jyRX_SetPriority
                0x000032d4       0x10 .\CortexM3\ARM_GCC_493\Debug\UAV_Control.a(isr_jyRX.o)
                0x000032d4                isr_jyRX_SetPriority
 .text.isr_jyRX_Enable
                0x000032e4        0xc .\CortexM3\ARM_GCC_493\Debug\UAV_Control.a(isr_jyRX.o)
                0x000032e4                isr_jyRX_Enable
 .text.isr_jyRX_Disable
                0x000032f0        0xc .\CortexM3\ARM_GCC_493\Debug\UAV_Control.a(isr_jyRX.o)
                0x000032f0                isr_jyRX_Disable
 .text.isr_jyRX_StartEx
                0x000032fc       0x1c .\CortexM3\ARM_GCC_493\Debug\UAV_Control.a(isr_jyRX.o)
                0x000032fc                isr_jyRX_StartEx
 .text.UART_JY901_Init
                0x00003318       0x14 .\CortexM3\ARM_GCC_493\Debug\UAV_Control.a(UART_JY901.o)
                0x00003318                UART_JY901_Init
 .text.UART_JY901_Enable
                0x0000332c       0x2c .\CortexM3\ARM_GCC_493\Debug\UAV_Control.a(UART_JY901.o)
                0x0000332c                UART_JY901_Enable
 .text.UART_JY901_Start
                0x00003358       0x1c .\CortexM3\ARM_GCC_493\Debug\UAV_Control.a(UART_JY901.o)
                0x00003358                UART_JY901_Start
 .text.UART_JY901_ReadRxData
                0x00003374        0xc .\CortexM3\ARM_GCC_493\Debug\UAV_Control.a(UART_JY901.o)
                0x00003374                UART_JY901_ReadRxData
 .text.UART_JY901_IntClock_Start
                0x00003380       0x1c .\CortexM3\ARM_GCC_493\Debug\UAV_Control.a(UART_JY901_IntClock.o)
                0x00003380                UART_JY901_IntClock_Start
 .text.isr_Ctrl_SetVector
                0x0000339c        0xc .\CortexM3\ARM_GCC_493\Debug\UAV_Control.a(isr_Ctrl.o)
                0x0000339c                isr_Ctrl_SetVector
 .text.isr_Ctrl_SetPriority
                0x000033a8       0x10 .\CortexM3\ARM_GCC_493\Debug\UAV_Control.a(isr_Ctrl.o)
                0x000033a8                isr_Ctrl_SetPriority
 .text.isr_Ctrl_Enable
                0x000033b8        0xc .\CortexM3\ARM_GCC_493\Debug\UAV_Control.a(isr_Ctrl.o)
                0x000033b8                isr_Ctrl_Enable
 .text.isr_Ctrl_Disable
                0x000033c4        0xc .\CortexM3\ARM_GCC_493\Debug\UAV_Control.a(isr_Ctrl.o)
                0x000033c4                isr_Ctrl_Disable
 .text.isr_Ctrl_StartEx
                0x000033d0       0x1c .\CortexM3\ARM_GCC_493\Debug\UAV_Control.a(isr_Ctrl.o)
                0x000033d0                isr_Ctrl_StartEx
 .text.USBUART_1_DispatchClassRqst
                0x000033ec       0x58 .\CortexM3\ARM_GCC_493\Debug\UAV_Control.a(USBUART_1_cls.o)
                0x000033ec                USBUART_1_DispatchClassRqst
 .text.sqrt     0x00003444       0xac d:/program files (x86)/cypress/psoc creator/3.3/psoc creator/import/gnu/arm/4.9.3/bin/../lib/gcc/arm-none-eabi/4.9.3/../../../../arm-none-eabi/lib/armv7-m\libm.a(lib_a-w_sqrt.o)
                0x00003444                sqrt
 .text.__ieee754_sqrt
                0x000034f0      0x18c d:/program files (x86)/cypress/psoc creator/3.3/psoc creator/import/gnu/arm/4.9.3/bin/../lib/gcc/arm-none-eabi/4.9.3/../../../../arm-none-eabi/lib/armv7-m\libm.a(lib_a-e_sqrt.o)
                0x000034f0                __ieee754_sqrt
 .text.__fpclassifyd
                0x0000367c       0x58 d:/program files (x86)/cypress/psoc creator/3.3/psoc creator/import/gnu/arm/4.9.3/bin/../lib/gcc/arm-none-eabi/4.9.3/../../../../arm-none-eabi/lib/armv7-m\libm.a(lib_a-s_fpclassify.o)
                0x0000367c                __fpclassifyd
 .text.matherr  0x000036d4        0x4 d:/program files (x86)/cypress/psoc creator/3.3/psoc creator/import/gnu/arm/4.9.3/bin/../lib/gcc/arm-none-eabi/4.9.3/../../../../arm-none-eabi/lib/armv7-m\libm.a(lib_a-s_matherr.o)
                0x000036d4                matherr
 .text          0x000036d8      0x370 d:/program files (x86)/cypress/psoc creator/3.3/psoc creator/import/gnu/arm/4.9.3/bin/../lib/gcc/arm-none-eabi/4.9.3/armv7-m\libgcc.a(_arm_addsubdf3.o)
                0x000036d8                __aeabi_drsub
                0x000036e0                __aeabi_dsub
                0x000036e0                __subdf3
                0x000036e4                __aeabi_dadd
                0x000036e4                __adddf3
                0x0000395c                __floatunsidf
                0x0000395c                __aeabi_ui2d
                0x0000397c                __floatsidf
                0x0000397c                __aeabi_i2d
                0x000039a0                __aeabi_f2d
                0x000039a0                __extendsfdf2
                0x000039dc                __floatundidf
                0x000039dc                __aeabi_ul2d
                0x000039ec                __floatdidf
                0x000039ec                __aeabi_l2d
 .text          0x00003a48      0x424 d:/program files (x86)/cypress/psoc creator/3.3/psoc creator/import/gnu/arm/4.9.3/bin/../lib/gcc/arm-none-eabi/4.9.3/armv7-m\libgcc.a(_arm_muldivdf3.o)
                0x00003a48                __aeabi_dmul
                0x00003a48                __muldf3
                0x00003c9c                __divdf3
                0x00003c9c                __aeabi_ddiv
 .text          0x00003e6c      0x110 d:/program files (x86)/cypress/psoc creator/3.3/psoc creator/import/gnu/arm/4.9.3/bin/../lib/gcc/arm-none-eabi/4.9.3/armv7-m\libgcc.a(_arm_cmpdf2.o)
                0x00003e6c                __gtdf2
                0x00003e6c                __gedf2
                0x00003e74                __ltdf2
                0x00003e74                __ledf2
                0x00003e7c                __nedf2
                0x00003e7c                __eqdf2
                0x00003e7c                __cmpdf2
                0x00003ef8                __aeabi_cdrcmple
                0x00003f08                __aeabi_cdcmpeq
                0x00003f08                __aeabi_cdcmple
                0x00003f18                __aeabi_dcmpeq
                0x00003f2c                __aeabi_dcmplt
                0x00003f40                __aeabi_dcmple
                0x00003f54                __aeabi_dcmpge
                0x00003f68                __aeabi_dcmpgt
 .text          0x00003f7c       0x50 d:/program files (x86)/cypress/psoc creator/3.3/psoc creator/import/gnu/arm/4.9.3/bin/../lib/gcc/arm-none-eabi/4.9.3/armv7-m\libgcc.a(_arm_fixdfsi.o)
                0x00003f7c                __aeabi_d2iz
                0x00003f7c                __fixdfsi
 .text          0x00003fcc       0xa0 d:/program files (x86)/cypress/psoc creator/3.3/psoc creator/import/gnu/arm/4.9.3/bin/../lib/gcc/arm-none-eabi/4.9.3/armv7-m\libgcc.a(_arm_truncdfsf2.o)
                0x00003fcc                __truncdfsf2
                0x00003fcc                __aeabi_d2f
 .text          0x0000406c      0x21c d:/program files (x86)/cypress/psoc creator/3.3/psoc creator/import/gnu/arm/4.9.3/bin/../lib/gcc/arm-none-eabi/4.9.3/armv7-m\libgcc.a(_arm_addsubsf3.o)
                0x0000406c                __aeabi_frsub
                0x00004074                __subsf3
                0x00004074                __aeabi_fsub
                0x00004078                __aeabi_fadd
                0x00004078                __addsf3
                0x000041d8                __aeabi_ui2f
                0x000041d8                __floatunsisf
                0x000041e0                __aeabi_i2f
                0x000041e0                __floatsisf
                0x000041fc                __aeabi_ul2f
                0x000041fc                __floatundisf
                0x0000420c                __aeabi_l2f
                0x0000420c                __floatdisf
 .text          0x00004288       0xec d:/program files (x86)/cypress/psoc creator/3.3/psoc creator/import/gnu/arm/4.9.3/bin/../lib/gcc/arm-none-eabi/4.9.3/armv7-m\libgcc.a(_arm_cmpsf2.o)
                0x00004288                __gesf2
                0x00004288                __gtsf2
                0x00004290                __lesf2
                0x00004290                __ltsf2
                0x00004298                __nesf2
                0x00004298                __eqsf2
                0x00004298                __cmpsf2
                0x000042f8                __aeabi_cfrcmple
                0x00004300                __aeabi_cfcmpeq
                0x00004300                __aeabi_cfcmple
                0x00004310                __aeabi_fcmpeq
                0x00004324                __aeabi_fcmplt
                0x00004338                __aeabi_fcmple
                0x0000434c                __aeabi_fcmpge
                0x00004360                __aeabi_fcmpgt
 .text          0x00004374       0x4c d:/program files (x86)/cypress/psoc creator/3.3/psoc creator/import/gnu/arm/4.9.3/bin/../lib/gcc/arm-none-eabi/4.9.3/armv7-m\libgcc.a(_arm_fixsfsi.o)
                0x00004374                __aeabi_f2iz
                0x00004374                __fixsfsi
 .text.__errno  0x000043c0        0xc d:/program files (x86)/cypress/psoc creator/3.3/psoc creator/import/gnu/arm/4.9.3/bin/../lib/gcc/arm-none-eabi/4.9.3/../../../../arm-none-eabi/lib/armv7-m\libg_nano.a(lib_a-errno.o)
                0x000043c0                __errno
 .text.__libc_init_array
                0x000043cc       0x4c d:/program files (x86)/cypress/psoc creator/3.3/psoc creator/import/gnu/arm/4.9.3/bin/../lib/gcc/arm-none-eabi/4.9.3/../../../../arm-none-eabi/lib/armv7-m\libg_nano.a(lib_a-init.o)
                0x000043cc                __libc_init_array
 .text.memcpy   0x00004418       0x16 d:/program files (x86)/cypress/psoc creator/3.3/psoc creator/import/gnu/arm/4.9.3/bin/../lib/gcc/arm-none-eabi/4.9.3/../../../../arm-none-eabi/lib/armv7-m\libg_nano.a(lib_a-memcpy.o)
                0x00004418                memcpy
 .text.memset   0x0000442e       0x10 d:/program files (x86)/cypress/psoc creator/3.3/psoc creator/import/gnu/arm/4.9.3/bin/../lib/gcc/arm-none-eabi/4.9.3/../../../../arm-none-eabi/lib/armv7-m\libg_nano.a(lib_a-memset.o)
                0x0000442e                memset
 .text.__cvt    0x0000443e       0xbc d:/program files (x86)/cypress/psoc creator/3.3/psoc creator/import/gnu/arm/4.9.3/bin/../lib/gcc/arm-none-eabi/4.9.3/../../../../arm-none-eabi/lib/armv7-m\libg_nano.a(lib_a-nano-vfprintf_float.o)
                0x0000443e                __cvt
 .text.__exponent
                0x000044fa       0x62 d:/program files (x86)/cypress/psoc creator/3.3/psoc creator/import/gnu/arm/4.9.3/bin/../lib/gcc/arm-none-eabi/4.9.3/../../../../arm-none-eabi/lib/armv7-m\libg_nano.a(lib_a-nano-vfprintf_float.o)
                0x000044fa                __exponent
 .text._printf_float
                0x0000455c      0x48c d:/program files (x86)/cypress/psoc creator/3.3/psoc creator/import/gnu/arm/4.9.3/bin/../lib/gcc/arm-none-eabi/4.9.3/../../../../arm-none-eabi/lib/armv7-m\libg_nano.a(lib_a-nano-vfprintf_float.o)
                0x0000455c                _printf_float
 .text._printf_common
                0x000049e8       0xea d:/program files (x86)/cypress/psoc creator/3.3/psoc creator/import/gnu/arm/4.9.3/bin/../lib/gcc/arm-none-eabi/4.9.3/../../../../arm-none-eabi/lib/armv7-m\libg_nano.a(lib_a-nano-vfprintf_i.o)
                0x000049e8                _printf_common
 *fill*         0x00004ad2        0x2 
 .text._printf_i
                0x00004ad4      0x240 d:/program files (x86)/cypress/psoc creator/3.3/psoc creator/import/gnu/arm/4.9.3/bin/../lib/gcc/arm-none-eabi/4.9.3/../../../../arm-none-eabi/lib/armv7-m\libg_nano.a(lib_a-nano-vfprintf_i.o)
                0x00004ad4                _printf_i
 .text.sprintf  0x00004d14       0x48 d:/program files (x86)/cypress/psoc creator/3.3/psoc creator/import/gnu/arm/4.9.3/bin/../lib/gcc/arm-none-eabi/4.9.3/../../../../arm-none-eabi/lib/armv7-m\libg_nano.a(lib_a-sprintf.o)
                0x00004d14                siprintf
                0x00004d14                sprintf
 .text.strlen   0x00004d5c       0x10 d:/program files (x86)/cypress/psoc creator/3.3/psoc creator/import/gnu/arm/4.9.3/bin/../lib/gcc/arm-none-eabi/4.9.3/../../../../arm-none-eabi/lib/armv7-m\libg_nano.a(lib_a-strlen.o)
                0x00004d5c                strlen
 .text.quorem   0x00004d6c      0x114 d:/program files (x86)/cypress/psoc creator/3.3/psoc creator/import/gnu/arm/4.9.3/bin/../lib/gcc/arm-none-eabi/4.9.3/../../../../arm-none-eabi/lib/armv7-m\libg_nano.a(lib_a-dtoa.o)
 .text._dtoa_r  0x00004e80      0xb78 d:/program files (x86)/cypress/psoc creator/3.3/psoc creator/import/gnu/arm/4.9.3/bin/../lib/gcc/arm-none-eabi/4.9.3/../../../../arm-none-eabi/lib/armv7-m\libg_nano.a(lib_a-dtoa.o)
                0x00004e80                _dtoa_r
 .text._localeconv_r
                0x000059f8        0x8 d:/program files (x86)/cypress/psoc creator/3.3/psoc creator/import/gnu/arm/4.9.3/bin/../lib/gcc/arm-none-eabi/4.9.3/../../../../arm-none-eabi/lib/armv7-m\libg_nano.a(lib_a-locale.o)
                0x000059f8                _localeconv_r
 .text.malloc   0x00005a00       0x10 d:/program files (x86)/cypress/psoc creator/3.3/psoc creator/import/gnu/arm/4.9.3/bin/../lib/gcc/arm-none-eabi/4.9.3/../../../../arm-none-eabi/lib/armv7-m\libg_nano.a(lib_a-malloc.o)
                0x00005a00                malloc
 .text.memchr   0x00005a10       0x1c d:/program files (x86)/cypress/psoc creator/3.3/psoc creator/import/gnu/arm/4.9.3/bin/../lib/gcc/arm-none-eabi/4.9.3/../../../../arm-none-eabi/lib/armv7-m\libg_nano.a(lib_a-memchr.o)
                0x00005a10                memchr
 .text._Balloc  0x00005a2c       0x6a d:/program files (x86)/cypress/psoc creator/3.3/psoc creator/import/gnu/arm/4.9.3/bin/../lib/gcc/arm-none-eabi/4.9.3/../../../../arm-none-eabi/lib/armv7-m\libg_nano.a(lib_a-mprec.o)
                0x00005a2c                _Balloc
 .text._Bfree   0x00005a96       0x2e d:/program files (x86)/cypress/psoc creator/3.3/psoc creator/import/gnu/arm/4.9.3/bin/../lib/gcc/arm-none-eabi/4.9.3/../../../../arm-none-eabi/lib/armv7-m\libg_nano.a(lib_a-mprec.o)
                0x00005a96                _Bfree
 .text.__multadd
                0x00005ac4       0x7c d:/program files (x86)/cypress/psoc creator/3.3/psoc creator/import/gnu/arm/4.9.3/bin/../lib/gcc/arm-none-eabi/4.9.3/../../../../arm-none-eabi/lib/armv7-m\libg_nano.a(lib_a-mprec.o)
                0x00005ac4                __multadd
 .text.__hi0bits
                0x00005b40       0x40 d:/program files (x86)/cypress/psoc creator/3.3/psoc creator/import/gnu/arm/4.9.3/bin/../lib/gcc/arm-none-eabi/4.9.3/../../../../arm-none-eabi/lib/armv7-m\libg_nano.a(lib_a-mprec.o)
                0x00005b40                __hi0bits
 .text.__lo0bits
                0x00005b80       0x5a d:/program files (x86)/cypress/psoc creator/3.3/psoc creator/import/gnu/arm/4.9.3/bin/../lib/gcc/arm-none-eabi/4.9.3/../../../../arm-none-eabi/lib/armv7-m\libg_nano.a(lib_a-mprec.o)
                0x00005b80                __lo0bits
 .text.__i2b    0x00005bda       0x12 d:/program files (x86)/cypress/psoc creator/3.3/psoc creator/import/gnu/arm/4.9.3/bin/../lib/gcc/arm-none-eabi/4.9.3/../../../../arm-none-eabi/lib/armv7-m\libg_nano.a(lib_a-mprec.o)
                0x00005bda                __i2b
 .text.__multiply
                0x00005bec      0x120 d:/program files (x86)/cypress/psoc creator/3.3/psoc creator/import/gnu/arm/4.9.3/bin/../lib/gcc/arm-none-eabi/4.9.3/../../../../arm-none-eabi/lib/armv7-m\libg_nano.a(lib_a-mprec.o)
                0x00005bec                __multiply
 .text.__pow5mult
                0x00005d0c       0x9c d:/program files (x86)/cypress/psoc creator/3.3/psoc creator/import/gnu/arm/4.9.3/bin/../lib/gcc/arm-none-eabi/4.9.3/../../../../arm-none-eabi/lib/armv7-m\libg_nano.a(lib_a-mprec.o)
                0x00005d0c                __pow5mult
 .text.__lshift
                0x00005da8       0xa6 d:/program files (x86)/cypress/psoc creator/3.3/psoc creator/import/gnu/arm/4.9.3/bin/../lib/gcc/arm-none-eabi/4.9.3/../../../../arm-none-eabi/lib/armv7-m\libg_nano.a(lib_a-mprec.o)
                0x00005da8                __lshift
 .text.__mcmp   0x00005e4e       0x38 d:/program files (x86)/cypress/psoc creator/3.3/psoc creator/import/gnu/arm/4.9.3/bin/../lib/gcc/arm-none-eabi/4.9.3/../../../../arm-none-eabi/lib/armv7-m\libg_nano.a(lib_a-mprec.o)
                0x00005e4e                __mcmp
 .text.__mdiff  0x00005e86       0xbe d:/program files (x86)/cypress/psoc creator/3.3/psoc creator/import/gnu/arm/4.9.3/bin/../lib/gcc/arm-none-eabi/4.9.3/../../../../arm-none-eabi/lib/armv7-m\libg_nano.a(lib_a-mprec.o)
                0x00005e86                __mdiff
 .text.__d2b    0x00005f44       0xa4 d:/program files (x86)/cypress/psoc creator/3.3/psoc creator/import/gnu/arm/4.9.3/bin/../lib/gcc/arm-none-eabi/4.9.3/../../../../arm-none-eabi/lib/armv7-m\libg_nano.a(lib_a-mprec.o)
                0x00005f44                __d2b
 .text._calloc_r
                0x00005fe8       0x1c d:/program files (x86)/cypress/psoc creator/3.3/psoc creator/import/gnu/arm/4.9.3/bin/../lib/gcc/arm-none-eabi/4.9.3/../../../../arm-none-eabi/lib/armv7-m\libg_nano.a(lib_a-nano-callocr.o)
                0x00005fe8                _calloc_r
 .text._free_r  0x00006004       0x88 d:/program files (x86)/cypress/psoc creator/3.3/psoc creator/import/gnu/arm/4.9.3/bin/../lib/gcc/arm-none-eabi/4.9.3/../../../../arm-none-eabi/lib/armv7-m\libg_nano.a(lib_a-nano-freer.o)
                0x00006004                _free_r
 .text._malloc_r
                0x0000608c       0xac d:/program files (x86)/cypress/psoc creator/3.3/psoc creator/import/gnu/arm/4.9.3/bin/../lib/gcc/arm-none-eabi/4.9.3/../../../../arm-none-eabi/lib/armv7-m\libg_nano.a(lib_a-nano-mallocr.o)
                0x0000608c                _malloc_r
 .text.__ssputs_r
                0x00006138       0xb2 d:/program files (x86)/cypress/psoc creator/3.3/psoc creator/import/gnu/arm/4.9.3/bin/../lib/gcc/arm-none-eabi/4.9.3/../../../../arm-none-eabi/lib/armv7-m\libg_nano.a(lib_a-nano-svfprintf.o)
                0x00006138                __ssputs_r
 *fill*         0x000061ea        0x2 
 .text._svfprintf_r
                0x000061ec      0x1e4 d:/program files (x86)/cypress/psoc creator/3.3/psoc creator/import/gnu/arm/4.9.3/bin/../lib/gcc/arm-none-eabi/4.9.3/../../../../arm-none-eabi/lib/armv7-m\libg_nano.a(lib_a-nano-svfprintf.o)
                0x000061ec                _svfiprintf_r
                0x000061ec                _svfprintf_r
 .text._sbrk_r  0x000063d0       0x20 d:/program files (x86)/cypress/psoc creator/3.3/psoc creator/import/gnu/arm/4.9.3/bin/../lib/gcc/arm-none-eabi/4.9.3/../../../../arm-none-eabi/lib/armv7-m\libg_nano.a(lib_a-sbrkr.o)
                0x000063d0                _sbrk_r
 .text.memmove  0x000063f0       0x36 d:/program files (x86)/cypress/psoc creator/3.3/psoc creator/import/gnu/arm/4.9.3/bin/../lib/gcc/arm-none-eabi/4.9.3/../../../../arm-none-eabi/lib/armv7-m\libg_nano.a(lib_a-memmove.o)
                0x000063f0                memmove
 .text._realloc_r
                0x00006426       0x4c d:/program files (x86)/cypress/psoc creator/3.3/psoc creator/import/gnu/arm/4.9.3/bin/../lib/gcc/arm-none-eabi/4.9.3/../../../../arm-none-eabi/lib/armv7-m\libg_nano.a(lib_a-nano-reallocr.o)
                0x00006426                _realloc_r
 .text._malloc_usable_size_r
                0x00006472       0x14 d:/program files (x86)/cypress/psoc creator/3.3/psoc creator/import/gnu/arm/4.9.3/bin/../lib/gcc/arm-none-eabi/4.9.3/../../../../arm-none-eabi/lib/armv7-m\libg_nano.a(lib_a-nano-msizer.o)
                0x00006472                _malloc_usable_size_r
 *(.plt)
 *(.gnu.warning)
 *(.glue_7t)
 .glue_7t       0x00000000        0x0 linker stubs
 *(.glue_7)
 .glue_7        0x00000000        0x0 linker stubs
 *(.vfp11_veneer)
 .vfp11_veneer  0x00000000        0x0 linker stubs
 *(.bootloader)
 *(.ARM.extab* .gnu.linkonce.armextab.*)
 *(.gcc_except_table)

.v4_bx          0x00006488        0x0
 .v4_bx         0x00000000        0x0 linker stubs

.iplt           0x00006488        0x0
 .iplt          0x00000000        0x0 d:/program files (x86)/cypress/psoc creator/3.3/psoc creator/import/gnu/arm/4.9.3/bin/../lib/gcc/arm-none-eabi/4.9.3/armv7-m/crtbegin.o

.eh_frame_hdr
 *(.eh_frame_hdr)

.eh_frame       0x00006488        0x4
 *(.eh_frame)
 .eh_frame      0x00006488        0x0 d:/program files (x86)/cypress/psoc creator/3.3/psoc creator/import/gnu/arm/4.9.3/bin/../lib/gcc/arm-none-eabi/4.9.3/armv7-m/crtbegin.o
 .eh_frame      0x00006488        0x0 d:/program files (x86)/cypress/psoc creator/3.3/psoc creator/import/gnu/arm/4.9.3/bin/../lib/gcc/arm-none-eabi/4.9.3/../../../../arm-none-eabi/lib/armv7-m\libg_nano.a(lib_a-strcmp.o)
                                 0x28 (size before relaxing)
 .eh_frame      0x00006488        0x4 d:/program files (x86)/cypress/psoc creator/3.3/psoc creator/import/gnu/arm/4.9.3/bin/../lib/gcc/arm-none-eabi/4.9.3/armv7-m/crtend.o
                0x0000648c                PROVIDE (__exidx_start, .)

.ARM.exidx
 *(.ARM.exidx* .gnu.linkonce.armexidx.*)
                0x0000648c                __exidx_end = .

.rodata         0x00006490      0x448
 *(.rodata .rodata.* .gnu.linkonce.r.*)
 .rodata.str1.4
                0x00006490       0xd9 .\CortexM3\ARM_GCC_493\Debug\main.o
                                 0xdc (size before relaxing)
 *fill*         0x00006569        0x3 
 .rodata.str1.4
                0x0000656c        0x3 .\CortexM3\ARM_GCC_493\Debug\Control.o
                                  0xc (size before relaxing)
 *fill*         0x0000656f        0x1 
 .rodata        0x00006570       0x58 .\CortexM3\ARM_GCC_493\Debug\UAV_Control.a(cyfitter_cfg.o)
 .rodata.str1.4
                0x000065c8       0x11 .\CortexM3\ARM_GCC_493\Debug\UAV_Control.a(USBUART_1_std.o)
                                 0x14 (size before relaxing)
 *fill*         0x000065d9        0x3 
 .rodata        0x000065dc      0x160 .\CortexM3\ARM_GCC_493\Debug\UAV_Control.a(USBUART_1_descr.o)
                0x000065dc                USBUART_1_TABLE
                0x000065e4                USBUART_1_DEVICE0_TABLE
                0x000065fc                USBUART_1_DEVICE0_CONFIGURATION0_TABLE
                0x00006624                USBUART_1_DEVICE0_CONFIGURATION0_INTERFACE_CLASS
                0x00006628                USBUART_1_DEVICE0_CONFIGURATION0_EP_SETTINGS_TABLE
                0x00006640                USBUART_1_SN_STRING_DESCRIPTOR
                0x00006644                USBUART_1_STRING_DESCRIPTORS
                0x000066e4                USBUART_1_DEVICE0_CONFIGURATION0_DESCR
                0x00006728                USBUART_1_DEVICE0_DESCR
 .rodata.str1.4
                0x0000673c        0x8 d:/program files (x86)/cypress/psoc creator/3.3/psoc creator/import/gnu/arm/4.9.3/bin/../lib/gcc/arm-none-eabi/4.9.3/../../../../arm-none-eabi/lib/armv7-m\libm.a(lib_a-w_sqrt.o)
 .rodata.str1.1
                0x00006744        0x2 d:/program files (x86)/cypress/psoc creator/3.3/psoc creator/import/gnu/arm/4.9.3/bin/../lib/gcc/arm-none-eabi/4.9.3/../../../../arm-none-eabi/lib/armv7-m\libg_nano.a(lib_a-impure.o)
 .rodata.str1.1
                0x00006746       0x12 d:/program files (x86)/cypress/psoc creator/3.3/psoc creator/import/gnu/arm/4.9.3/bin/../lib/gcc/arm-none-eabi/4.9.3/../../../../arm-none-eabi/lib/armv7-m\libg_nano.a(lib_a-nano-vfprintf_float.o)
 .rodata.str1.1
                0x00006758       0x22 d:/program files (x86)/cypress/psoc creator/3.3/psoc creator/import/gnu/arm/4.9.3/bin/../lib/gcc/arm-none-eabi/4.9.3/../../../../arm-none-eabi/lib/armv7-m\libg_nano.a(lib_a-nano-vfprintf_i.o)
 .rodata.str1.1
                0x0000677a        0xd d:/program files (x86)/cypress/psoc creator/3.3/psoc creator/import/gnu/arm/4.9.3/bin/../lib/gcc/arm-none-eabi/4.9.3/../../../../arm-none-eabi/lib/armv7-m\libg_nano.a(lib_a-dtoa.o)
                                  0xf (size before relaxing)
 .rodata.str1.1
                0x00006787        0x8 d:/program files (x86)/cypress/psoc creator/3.3/psoc creator/import/gnu/arm/4.9.3/bin/../lib/gcc/arm-none-eabi/4.9.3/../../../../arm-none-eabi/lib/armv7-m\libg_nano.a(lib_a-locale.o)
                                  0xb (size before relaxing)
 *fill*         0x0000678f        0x1 
 .rodata.__mprec_tens
                0x00006790       0xc8 d:/program files (x86)/cypress/psoc creator/3.3/psoc creator/import/gnu/arm/4.9.3/bin/../lib/gcc/arm-none-eabi/4.9.3/../../../../arm-none-eabi/lib/armv7-m\libg_nano.a(lib_a-mprec.o)
                0x00006790                __mprec_tens
 .rodata.__mprec_bigtens
                0x00006858       0x28 d:/program files (x86)/cypress/psoc creator/3.3/psoc creator/import/gnu/arm/4.9.3/bin/../lib/gcc/arm-none-eabi/4.9.3/../../../../arm-none-eabi/lib/armv7-m\libg_nano.a(lib_a-mprec.o)
                0x00006858                __mprec_bigtens
 .rodata.p05.5308
                0x00006880        0xc d:/program files (x86)/cypress/psoc creator/3.3/psoc creator/import/gnu/arm/4.9.3/bin/../lib/gcc/arm-none-eabi/4.9.3/../../../../arm-none-eabi/lib/armv7-m\libg_nano.a(lib_a-mprec.o)
 .rodata.str1.1
                0x0000688c       0x11 d:/program files (x86)/cypress/psoc creator/3.3/psoc creator/import/gnu/arm/4.9.3/bin/../lib/gcc/arm-none-eabi/4.9.3/../../../../arm-none-eabi/lib/armv7-m\libg_nano.a(lib_a-nano-svfprintf.o)
                0x000068a0                . = ALIGN (0x4)
 *fill*         0x0000689d        0x3 
 *(.init)
 .init          0x000068a0        0x4 d:/program files (x86)/cypress/psoc creator/3.3/psoc creator/import/gnu/arm/4.9.3/bin/../lib/gcc/arm-none-eabi/4.9.3/armv7-m/crti.o
                0x000068a0                _init
 .init          0x000068a4        0x8 d:/program files (x86)/cypress/psoc creator/3.3/psoc creator/import/gnu/arm/4.9.3/bin/../lib/gcc/arm-none-eabi/4.9.3/armv7-m/crtn.o
                0x000068ac                . = ALIGN (0x4)
                0x000068ac                __preinit_array_start = .
 *(.preinit_array)
                0x000068ac                __preinit_array_end = .
                0x000068ac                . = ALIGN (0x4)
                0x000068ac                __init_array_start = .
 *(SORT(.init_array.*))
 *(.init_array)
 .init_array    0x000068ac        0x4 d:/program files (x86)/cypress/psoc creator/3.3/psoc creator/import/gnu/arm/4.9.3/bin/../lib/gcc/arm-none-eabi/4.9.3/armv7-m/crtbegin.o
 .init_array    0x000068b0        0x4 .\CortexM3\ARM_GCC_493\Debug\Cm3Start.o
                0x000068b4                __init_array_end = .
                0x000068b4                . = ALIGN (0x4)
 *(.fini)
 .fini          0x000068b4        0x4 d:/program files (x86)/cypress/psoc creator/3.3/psoc creator/import/gnu/arm/4.9.3/bin/../lib/gcc/arm-none-eabi/4.9.3/armv7-m/crti.o
                0x000068b4                _fini
 .fini          0x000068b8        0x8 d:/program files (x86)/cypress/psoc creator/3.3/psoc creator/import/gnu/arm/4.9.3/bin/../lib/gcc/arm-none-eabi/4.9.3/armv7-m/crtn.o
                0x000068c0                . = ALIGN (0x4)
                0x000068c0                __fini_array_start = .
 *(.fini_array)
 .fini_array    0x000068c0        0x4 d:/program files (x86)/cypress/psoc creator/3.3/psoc creator/import/gnu/arm/4.9.3/bin/../lib/gcc/arm-none-eabi/4.9.3/armv7-m/crtbegin.o
 *(SORT(.fini_array.*))
                0x000068c4                __fini_array_end = .
                0x000068c4                . = ALIGN (0x4)
 *crtbegin.o(.ctors)
 *(EXCLUDE_FILE(*crtend.o) .ctors)
 *(SORT(.ctors.*))
 *crtend.o(.ctors)
                0x000068c4                . = ALIGN (0x4)
 *crtbegin.o(.dtors)
 *(EXCLUDE_FILE(*crtend.o) .dtors)
 *(SORT(.dtors.*))
 *crtend.o(.dtors)
                0x000068c4                . = ALIGN (0x4)
                0x000068c4                __cy_regions = .
                0x000068c4        0x4 LONG 0x68d8 __cy_region_init_ram
                0x000068c8        0x4 LONG 0x1fff8108 __cy_region_start_data
                0x000068cc        0x4 LONG 0xd8 __cy_region_init_size_ram
                0x000068d0        0x4 LONG 0x348 __cy_region_zero_size_ram
                0x000068d4                __cy_regions_end = .
                0x000068d8                . = ALIGN (0x8)
 *fill*         0x000068d4        0x4 
                0x000068d8                _etext = .

.cy_checksum_exclude
                0x000068d8        0x0
 *(.cy_checksum_exclude)

.ramvectors     0x1fff8000      0x100
                0x1fff8000                __cy_region_start_ram = .
 *(.ramvectors)
 .ramvectors    0x1fff8000      0x100 .\CortexM3\ARM_GCC_493\Debug\Cm3Start.o
                0x1fff8000                CyRamVectors

.noinit         0x1fff8100        0x5
 *(.noinit)
 .noinit        0x1fff8100        0x4 .\CortexM3\ARM_GCC_493\Debug\Cm3Start.o
 .noinit        0x1fff8104        0x1 .\CortexM3\ARM_GCC_493\Debug\UAV_Control.a(CyLib.o)
                0x1fff8104                CyResetStatus

.data           0x1fff8108       0xd8 load address 0x000068d8
                0x1fff8108                __cy_region_start_data = .
 *(.jcr)
 .jcr           0x1fff8108        0x0 d:/program files (x86)/cypress/psoc creator/3.3/psoc creator/import/gnu/arm/4.9.3/bin/../lib/gcc/arm-none-eabi/4.9.3/armv7-m/crtbegin.o
 .jcr           0x1fff8108        0x4 d:/program files (x86)/cypress/psoc creator/3.3/psoc creator/import/gnu/arm/4.9.3/bin/../lib/gcc/arm-none-eabi/4.9.3/armv7-m/crtend.o
 *(.got.plt)
 *(.got)
 *(.shdata)
 *(.data .data.* .gnu.linkonce.d.*)
 .data          0x1fff810c        0x4 .\CortexM3\ARM_GCC_493\Debug\main.o
                0x1fff810c                Debug_Mode
 .data          0x1fff8110        0x4 .\CortexM3\ARM_GCC_493\Debug\Cm3Start.o
 .data          0x1fff8114       0x10 .\CortexM3\ARM_GCC_493\Debug\UAV_Control.a(CyLib.o)
                0x1fff8114                cydelay_32k_ms
                0x1fff8118                cydelay_freq_khz
                0x1fff811c                cydelay_freq_mhz
                0x1fff8120                cydelay_freq_hz
 .data          0x1fff8124       0x1c .\CortexM3\ARM_GCC_493\Debug\UAV_Control.a(USBUART_1_cdc.o)
                0x1fff8124                USBUART_1_linesCoding
 .data.__fdlib_version
                0x1fff8140        0x1 d:/program files (x86)/cypress/psoc creator/3.3/psoc creator/import/gnu/arm/4.9.3/bin/../lib/gcc/arm-none-eabi/4.9.3/../../../../arm-none-eabi/lib/armv7-m\libm.a(lib_a-s_lib_ver.o)
                0x1fff8140                __fdlib_version
 *fill*         0x1fff8141        0x3 
 .data.impure_data
                0x1fff8144       0x60 d:/program files (x86)/cypress/psoc creator/3.3/psoc creator/import/gnu/arm/4.9.3/bin/../lib/gcc/arm-none-eabi/4.9.3/../../../../arm-none-eabi/lib/armv7-m\libg_nano.a(lib_a-impure.o)
 .data._impure_ptr
                0x1fff81a4        0x4 d:/program files (x86)/cypress/psoc creator/3.3/psoc creator/import/gnu/arm/4.9.3/bin/../lib/gcc/arm-none-eabi/4.9.3/../../../../arm-none-eabi/lib/armv7-m\libg_nano.a(lib_a-impure.o)
                0x1fff81a4                _impure_ptr
 .data.lconv    0x1fff81a8       0x38 d:/program files (x86)/cypress/psoc creator/3.3/psoc creator/import/gnu/arm/4.9.3/bin/../lib/gcc/arm-none-eabi/4.9.3/../../../../arm-none-eabi/lib/armv7-m\libg_nano.a(lib_a-locale.o)
                0x1fff81e0                . = ALIGN (0x8)
 *(.ram)
                0x1fff81e0                _edata = .

.igot.plt       0x1fff81e0        0x0 load address 0x000069b0
 .igot.plt      0x00000000        0x0 d:/program files (x86)/cypress/psoc creator/3.3/psoc creator/import/gnu/arm/4.9.3/bin/../lib/gcc/arm-none-eabi/4.9.3/armv7-m/crtbegin.o

.bss            0x1fff81e0      0x348 load address 0x000069b0
                0x1fff81e0                PROVIDE (__bss_start__, .)
 *(.shbss)
 *(.bss .bss.* .gnu.linkonce.b.*)
 .bss           0x1fff81e0       0x1c d:/program files (x86)/cypress/psoc creator/3.3/psoc creator/import/gnu/arm/4.9.3/bin/../lib/gcc/arm-none-eabi/4.9.3/armv7-m/crtbegin.o
 .bss           0x1fff81fc       0x20 .\CortexM3\ARM_GCC_493\Debug\main.o
                0x1fff81fc                BT_Throttle
                0x1fff8200                BT_Yaw
                0x1fff8204                BT_Roll
                0x1fff8208                BT_Pitch
                0x1fff820c                flag
                0x1fff8210                flag_55
                0x1fff8214                flag_rec
                0x1fff8218                launch_control_cnt
 .bss           0x1fff821c        0x4 .\CortexM3\ARM_GCC_493\Debug\Control.o
                0x1fff821c                connection_lost_time
 .bss           0x1fff8220        0x1 .\CortexM3\ARM_GCC_493\Debug\UAV_Control.a(PWM_1.o)
                0x1fff8220                PWM_1_initVar
 .bss           0x1fff8221        0x1 .\CortexM3\ARM_GCC_493\Debug\UAV_Control.a(PWM_2.o)
                0x1fff8221                PWM_2_initVar
 .bss           0x1fff8222        0x2 .\CortexM3\ARM_GCC_493\Debug\UAV_Control.a(LCD.o)
                0x1fff8222                LCD_enableState
                0x1fff8223                LCD_initVar
 .bss           0x1fff8224        0x1 .\CortexM3\ARM_GCC_493\Debug\UAV_Control.a(Timer_1.o)
                0x1fff8224                Timer_1_initVar
 .bss           0x1fff8225        0x1 .\CortexM3\ARM_GCC_493\Debug\UAV_Control.a(UART_Bluetooth.o)
                0x1fff8225                UART_Bluetooth_initVar
 .bss           0x1fff8226        0x1 .\CortexM3\ARM_GCC_493\Debug\UAV_Control.a(USBUART_1.o)
                0x1fff8226                USBUART_1_initVar
 .bss           0x1fff8227        0x1 .\CortexM3\ARM_GCC_493\Debug\UAV_Control.a(USBUART_1_cdc.o)
 .bss           0x1fff8228        0x4 .\CortexM3\ARM_GCC_493\Debug\UAV_Control.a(USBUART_1_std.o)
 .bss           0x1fff822c        0x1 .\CortexM3\ARM_GCC_493\Debug\UAV_Control.a(UART_JY901.o)
                0x1fff822c                UART_JY901_initVar
 *fill*         0x1fff822d        0x3 
 .bss.__malloc_sbrk_start
                0x1fff8230        0x4 d:/program files (x86)/cypress/psoc creator/3.3/psoc creator/import/gnu/arm/4.9.3/bin/../lib/gcc/arm-none-eabi/4.9.3/../../../../arm-none-eabi/lib/armv7-m\libg_nano.a(lib_a-nano-mallocr.o)
                0x1fff8230                __malloc_sbrk_start
 .bss.__malloc_free_list
                0x1fff8234        0x4 d:/program files (x86)/cypress/psoc creator/3.3/psoc creator/import/gnu/arm/4.9.3/bin/../lib/gcc/arm-none-eabi/4.9.3/../../../../arm-none-eabi/lib/armv7-m\libg_nano.a(lib_a-nano-mallocr.o)
                0x1fff8234                __malloc_free_list
 *(COMMON)
 COMMON         0x1fff8238      0x198 .\CortexM3\ARM_GCC_493\Debug\main.o
                0x1fff8238                Yaw
                0x1fff823c                tmp
                0x1fff8240                AccelY
                0x1fff8244                MagY
                0x1fff8248                DisplayBuffer
                0x1fff82c8                Motor_v_3
                0x1fff82cc                Temperature
                0x1fff82d0                Height
                0x1fff82d4                pitch_angle_offset
                0x1fff82d8                Motor_v_4
                0x1fff82dc                Desire_w_yaw
                0x1fff82e0                BTRxBufLen
                0x1fff82e4                sum
                0x1fff82e8                last_Motor_v_3
                0x1fff82ec                tmp2
                0x1fff82f0                Roll
                0x1fff82f4                Motor_v_2
                0x1fff82f8                tmpbuf
                0x1fff8304                Desire_angle_roll
                0x1fff8308                roll_angle_offset
                0x1fff830c                Motor_v_1
                0x1fff8310                MagX
                0x1fff8314                i
                0x1fff8318                last_Motor_v_2
                0x1fff831c                MagZ
                0x1fff8320                JY901RxBuf
                0x1fff8360                OmegaY
                0x1fff8364                last_Motor_v_4
                0x1fff8368                OmegaX
                0x1fff836c                BTRxBuf
                0x1fff83ac                decode_success
                0x1fff83b0                AccelZ
                0x1fff83b4                AccelX
                0x1fff83b8                JY901RxBufLen
                0x1fff83bc                Pressure
                0x1fff83c0                last_Motor_v_1
                0x1fff83c4                Pitch
                0x1fff83c8                Desire_angle_pitch
                0x1fff83cc                OmegaZ
 COMMON         0x1fff83d0       0x80 .\CortexM3\ARM_GCC_493\Debug\Control.o
                0x1fff83d0                Control_Yaw
                0x1fff83d4                int_Error_w_roll
                0x1fff83d8                last_power_4
                0x1fff83dc                last_Error_roll
                0x1fff83e0                last_Error_w_yaw
                0x1fff83e4                int_Error_w_pitch
                0x1fff83e8                last_Error_w_roll
                0x1fff83ec                last_power_2
                0x1fff83f0                set_power_4
                0x1fff83f4                Desire_w_pitch
                0x1fff83f8                Error_w_yaw
                0x1fff83fc                set_power_2
                0x1fff8400                Desire_w_roll
                0x1fff8404                int_Error_pitch
                0x1fff8408                Control_Roll
                0x1fff840c                last_Error_w_pitch
                0x1fff8410                last_power_3
                0x1fff8414                Error_pitch
                0x1fff8418                displayBuffer
                0x1fff8428                last_Error_pitch
                0x1fff842c                Control_Pitch
                0x1fff8430                Error_w_roll
                0x1fff8434                int_Error_w_yaw
                0x1fff8438                set_power_1
                0x1fff843c                set_power_3
                0x1fff8440                int_Error_roll
                0x1fff8444                last_power_1
                0x1fff8448                Error_w_pitch
                0x1fff844c                Error_roll
 COMMON         0x1fff8450       0x18 .\CortexM3\ARM_GCC_493\Debug\UAV_Control.a(USBUART_1_cdc.o)
                0x1fff8450                USBUART_1_cdcDataInEp
                0x1fff8454                USBUART_1_cdcDataOutEp
                0x1fff8458                USBUART_1_cdcCommInInterruptEp
                0x1fff845c                USBUART_1_serialStateBitmap
                0x1fff8460                USBUART_1_linesChanged
                0x1fff8464                USBUART_1_linesControlBitmap
 COMMON         0x1fff8468       0x97 .\CortexM3\ARM_GCC_493\Debug\UAV_Control.a(USBUART_1_drv.o)
                0x1fff8468                USBUART_1_interfaceSettingLast
                0x1fff846a                USBUART_1_ep0Mode
                0x1fff846b                USBUART_1_lastPacketSize
                0x1fff846c                USBUART_1_configurationChanged
                0x1fff846d                USBUART_1_configuration
                0x1fff846e                USBUART_1_interfaceNumber
                0x1fff846f                USBUART_1_deviceStatus
                0x1fff8470                USBUART_1_ep0Toggle
                0x1fff8474                USBUART_1_interfaceClass
                0x1fff8478                USBUART_1_interfaceSetting
                0x1fff847c                USBUART_1_currentTD
                0x1fff8488                USBUART_1_ep0Count
                0x1fff848c                USBUART_1_EP
                0x1fff84f8                USBUART_1_transferByteCount
                0x1fff84fa                USBUART_1_transferState
                0x1fff84fb                USBUART_1_device
                0x1fff84fc                USBUART_1_interfaceStatus
                0x1fff84fe                USBUART_1_deviceAddress
 *fill*         0x1fff84ff        0x1 
 COMMON         0x1fff8500       0x22 .\CortexM3\ARM_GCC_493\Debug\UAV_Control.a(USBUART_1_descr.o)
                0x1fff8500                USBUART_1_idSerialNumberStringDescriptor
 *fill*         0x1fff8522        0x2 
 COMMON         0x1fff8524        0x4 d:/program files (x86)/cypress/psoc creator/3.3/psoc creator/import/gnu/arm/4.9.3/bin/../lib/gcc/arm-none-eabi/4.9.3/../../../../arm-none-eabi/lib/armv7-m\libg_nano.a(lib_a-reent.o)
                0x1fff8524                errno
                0x1fff8528                . = ALIGN (0x8)
 *(.ram.b)
                0x1fff8528                _end = .
                0x1fff8528                __end = .
                0x1fff8528                PROVIDE (end, .)
                0x1fff8528                PROVIDE (__bss_end__, .)
                0x000068d8                __cy_region_init_ram = LOADADDR (.data)
                0x000000d8                __cy_region_init_size_ram = (_edata - ADDR (.data))
                0x00000348                __cy_region_zero_size_ram = (_end - _edata)

.heap           0x1fff8528       0x80 load address 0x000069b0
                0x1fff8528                . = _end
                0x1fff85a8                . = (. + 0x80)
 *fill*         0x1fff8528       0x80 
                0x1fff85a8                __cy_heap_limit = .

.stack          0x20007800      0x800
                0x20007800                __cy_stack_limit = .
                0x20008000                . = (. + 0x800)
 *fill*         0x20007800      0x800 
                0x00000001                ASSERT ((__cy_stack_limit >= __cy_heap_limit), region RAM overflowed with stack)
                0x00000000                cy_checksum_exclude_size = (CY_APPL_LOADABLE == 0x1)?SIZEOF (.cy_checksum_exclude):0x0
                0x00000001                ASSERT ((cy_checksum_exclude_size <= CY_CHECKSUM_EXCLUDE_SIZE), CY_BOOT: Section .cy_checksum_exclude size exceedes specified limit.)

.cyloadermeta
 *(.cyloadermeta)

.cyloadablemeta
 *(.cyloadablemeta)

.cyconfigecc    0x80000000      0x720
 *(.cyconfigecc)
 .cyconfigecc   0x80000000      0x720 .\CortexM3\ARM_GCC_493\Debug\cymetadata.o
                0x80000000                cy_meta_configecc

.cycustnvl      0x90000000        0x4
 *(.cycustnvl)
 .cycustnvl     0x90000000        0x4 .\CortexM3\ARM_GCC_493\Debug\cymetadata.o
                0x90000000                cy_meta_custnvl

.cywolatch      0x90100000        0x4
 *(.cywolatch)
 .cywolatch     0x90100000        0x4 .\CortexM3\ARM_GCC_493\Debug\cymetadata.o
                0x90100000                cy_meta_wonvl

.cyeeprom       0x90200000        0x0
 *(.cyeeprom)
                0x00000001                ASSERT ((. <= ((0x90200000 + ee_offset) + ee_size)), .cyeeprom data will not fit in EEPROM)

.cyflashprotect
                0x90400000      0x100
 *(.cyflashprotect)
 .cyflashprotect
                0x90400000      0x100 .\CortexM3\ARM_GCC_493\Debug\cymetadata.o
                0x90400000                cy_meta_flashprotect

.cymeta         0x90500000        0xc
 *(.cymeta)
 .cymeta        0x90500000        0xc .\CortexM3\ARM_GCC_493\Debug\cymetadata.o
                0x90500000                cy_metadata

.rel.dyn        0x000069b0        0x0 load address 0x9050000c
 .rel.iplt      0x00000000        0x0 d:/program files (x86)/cypress/psoc creator/3.3/psoc creator/import/gnu/arm/4.9.3/bin/../lib/gcc/arm-none-eabi/4.9.3/armv7-m/crtbegin.o

.stab
 *(.stab)

.stabstr
 *(.stabstr)

.debug
 *(.debug)

.line
 *(.line)

.debug_srcinfo
 *(.debug_srcinfo)

.debug_sfnames
 *(.debug_sfnames)

.debug_aranges  0x00000000     0x1008
 *(.debug_aranges)
 .debug_aranges
                0x00000000       0xa0 .\CortexM3\ARM_GCC_493\Debug\main.o
 .debug_aranges
                0x000000a0       0x28 .\CortexM3\ARM_GCC_493\Debug\Control.o
 .debug_aranges
                0x000000c8       0x18 .\CortexM3\ARM_GCC_493\Debug\cymetadata.o
 .debug_aranges
                0x000000e0       0x48 .\CortexM3\ARM_GCC_493\Debug\Cm3Start.o
 .debug_aranges
                0x00000128       0x58 .\CortexM3\ARM_GCC_493\Debug\UAV_Control.a(cyfitter_cfg.o)
 .debug_aranges
                0x00000180       0x90 .\CortexM3\ARM_GCC_493\Debug\UAV_Control.a(PWM_1.o)
 .debug_aranges
                0x00000210       0x90 .\CortexM3\ARM_GCC_493\Debug\UAV_Control.a(PWM_2.o)
 .debug_aranges
                0x000002a0       0x98 .\CortexM3\ARM_GCC_493\Debug\UAV_Control.a(LCD.o)
 .debug_aranges
                0x00000338       0x90 .\CortexM3\ARM_GCC_493\Debug\UAV_Control.a(Timer_1.o)
 .debug_aranges
                0x000003c8       0x20 .\CortexM3\ARM_GCC_493\Debug\UAV_Control.a(CyBootAsmGnu.o)
 .debug_aranges
                0x000003e8      0x298 .\CortexM3\ARM_GCC_493\Debug\UAV_Control.a(CyLib.o)
 .debug_aranges
                0x00000680       0x98 .\CortexM3\ARM_GCC_493\Debug\UAV_Control.a(cyPm.o)
 .debug_aranges
                0x00000718       0x80 .\CortexM3\ARM_GCC_493\Debug\UAV_Control.a(isr_Timer_1.o)
 .debug_aranges
                0x00000798       0x98 .\CortexM3\ARM_GCC_493\Debug\UAV_Control.a(UART_Bluetooth.o)
 .debug_aranges
                0x00000830       0x80 .\CortexM3\ARM_GCC_493\Debug\UAV_Control.a(isr_RX.o)
 .debug_aranges
                0x000008b0       0x70 .\CortexM3\ARM_GCC_493\Debug\UAV_Control.a(UART_Bluetooth_IntClock.o)
 .debug_aranges
                0x00000920       0xc8 .\CortexM3\ARM_GCC_493\Debug\UAV_Control.a(USBUART_1.o)
 .debug_aranges
                0x000009e8       0xe8 .\CortexM3\ARM_GCC_493\Debug\UAV_Control.a(USBUART_1_cdc.o)
 .debug_aranges
                0x00000ad0       0x98 .\CortexM3\ARM_GCC_493\Debug\UAV_Control.a(USBUART_1_drv.o)
 .debug_aranges
                0x00000b68       0x40 .\CortexM3\ARM_GCC_493\Debug\UAV_Control.a(USBUART_1_episr.o)
 .debug_aranges
                0x00000ba8       0x40 .\CortexM3\ARM_GCC_493\Debug\UAV_Control.a(USBUART_1_pm.o)
 .debug_aranges
                0x00000be8       0x80 .\CortexM3\ARM_GCC_493\Debug\UAV_Control.a(USBUART_1_std.o)
 .debug_aranges
                0x00000c68       0x20 .\CortexM3\ARM_GCC_493\Debug\UAV_Control.a(USBUART_1_vnd.o)
 .debug_aranges
                0x00000c88       0x48 .\CortexM3\ARM_GCC_493\Debug\UAV_Control.a(USBUART_1_Dp.o)
 .debug_aranges
                0x00000cd0       0x80 .\CortexM3\ARM_GCC_493\Debug\UAV_Control.a(isr_jyRX.o)
 .debug_aranges
                0x00000d50       0x98 .\CortexM3\ARM_GCC_493\Debug\UAV_Control.a(UART_JY901.o)
 .debug_aranges
                0x00000de8       0x70 .\CortexM3\ARM_GCC_493\Debug\UAV_Control.a(UART_JY901_IntClock.o)
 .debug_aranges
                0x00000e58       0x80 .\CortexM3\ARM_GCC_493\Debug\UAV_Control.a(isr_Ctrl.o)
 .debug_aranges
                0x00000ed8       0x80 .\CortexM3\ARM_GCC_493\Debug\UAV_Control.a(CyFlash.o)
 .debug_aranges
                0x00000f58       0x78 .\CortexM3\ARM_GCC_493\Debug\UAV_Control.a(CySpc.o)
 .debug_aranges
                0x00000fd0       0x20 .\CortexM3\ARM_GCC_493\Debug\UAV_Control.a(USBUART_1_cls.o)
 .debug_aranges
                0x00000ff0       0x18 .\CortexM3\ARM_GCC_493\Debug\UAV_Control.a(USBUART_1_descr.o)

.debug_pubnames
 *(.debug_pubnames)

.debug_info     0x00000000     0xa17d
 *(.debug_info .gnu.linkonce.wi.*)
 .debug_info    0x00000000      0xdbf .\CortexM3\ARM_GCC_493\Debug\main.o
 .debug_info    0x00000dbf      0x673 .\CortexM3\ARM_GCC_493\Debug\Control.o
 .debug_info    0x00001432      0x13f .\CortexM3\ARM_GCC_493\Debug\cymetadata.o
 .debug_info    0x00001571      0x39f .\CortexM3\ARM_GCC_493\Debug\Cm3Start.o
 .debug_info    0x00001910      0x5d7 .\CortexM3\ARM_GCC_493\Debug\UAV_Control.a(cyfitter_cfg.o)
 .debug_info    0x00001ee7      0x2e2 .\CortexM3\ARM_GCC_493\Debug\UAV_Control.a(PWM_1.o)
 .debug_info    0x000021c9      0x2e2 .\CortexM3\ARM_GCC_493\Debug\UAV_Control.a(PWM_2.o)
 .debug_info    0x000024ab      0x716 .\CortexM3\ARM_GCC_493\Debug\UAV_Control.a(LCD.o)
 .debug_info    0x00002bc1      0x2eb .\CortexM3\ARM_GCC_493\Debug\UAV_Control.a(Timer_1.o)
 .debug_info    0x00002eac       0x7b .\CortexM3\ARM_GCC_493\Debug\UAV_Control.a(CyBootAsmGnu.o)
 .debug_info    0x00002f27     0x136f .\CortexM3\ARM_GCC_493\Debug\UAV_Control.a(CyLib.o)
 .debug_info    0x00004296      0xa57 .\CortexM3\ARM_GCC_493\Debug\UAV_Control.a(cyPm.o)
 .debug_info    0x00004ced      0x2cb .\CortexM3\ARM_GCC_493\Debug\UAV_Control.a(isr_Timer_1.o)
 .debug_info    0x00004fb8      0x39e .\CortexM3\ARM_GCC_493\Debug\UAV_Control.a(UART_Bluetooth.o)
 .debug_info    0x00005356      0x2cb .\CortexM3\ARM_GCC_493\Debug\UAV_Control.a(isr_RX.o)
 .debug_info    0x00005621      0x283 .\CortexM3\ARM_GCC_493\Debug\UAV_Control.a(UART_Bluetooth_IntClock.o)
 .debug_info    0x000058a4      0x9b0 .\CortexM3\ARM_GCC_493\Debug\UAV_Control.a(USBUART_1.o)
 .debug_info    0x00006254      0xb16 .\CortexM3\ARM_GCC_493\Debug\UAV_Control.a(USBUART_1_cdc.o)
 .debug_info    0x00006d6a      0x649 .\CortexM3\ARM_GCC_493\Debug\UAV_Control.a(USBUART_1_drv.o)
 .debug_info    0x000073b3      0x244 .\CortexM3\ARM_GCC_493\Debug\UAV_Control.a(USBUART_1_episr.o)
 .debug_info    0x000075f7      0x2ef .\CortexM3\ARM_GCC_493\Debug\UAV_Control.a(USBUART_1_pm.o)
 .debug_info    0x000078e6      0xb35 .\CortexM3\ARM_GCC_493\Debug\UAV_Control.a(USBUART_1_std.o)
 .debug_info    0x0000841b       0xe6 .\CortexM3\ARM_GCC_493\Debug\UAV_Control.a(USBUART_1_vnd.o)
 .debug_info    0x00008501      0x174 .\CortexM3\ARM_GCC_493\Debug\UAV_Control.a(USBUART_1_Dp.o)
 .debug_info    0x00008675      0x2cb .\CortexM3\ARM_GCC_493\Debug\UAV_Control.a(isr_jyRX.o)
 .debug_info    0x00008940      0x39e .\CortexM3\ARM_GCC_493\Debug\UAV_Control.a(UART_JY901.o)
 .debug_info    0x00008cde      0x283 .\CortexM3\ARM_GCC_493\Debug\UAV_Control.a(UART_JY901_IntClock.o)
 .debug_info    0x00008f61      0x2cb .\CortexM3\ARM_GCC_493\Debug\UAV_Control.a(isr_Ctrl.o)
 .debug_info    0x0000922c      0x608 .\CortexM3\ARM_GCC_493\Debug\UAV_Control.a(CyFlash.o)
 .debug_info    0x00009834      0x4ea .\CortexM3\ARM_GCC_493\Debug\UAV_Control.a(CySpc.o)
 .debug_info    0x00009d1e      0x1d2 .\CortexM3\ARM_GCC_493\Debug\UAV_Control.a(USBUART_1_cls.o)
 .debug_info    0x00009ef0      0x28d .\CortexM3\ARM_GCC_493\Debug\UAV_Control.a(USBUART_1_descr.o)

.debug_abbrev   0x00000000     0x2e56
 *(.debug_abbrev)
 .debug_abbrev  0x00000000      0x24a .\CortexM3\ARM_GCC_493\Debug\main.o
 .debug_abbrev  0x0000024a      0x142 .\CortexM3\ARM_GCC_493\Debug\Control.o
 .debug_abbrev  0x0000038c       0x77 .\CortexM3\ARM_GCC_493\Debug\cymetadata.o
 .debug_abbrev  0x00000403      0x200 .\CortexM3\ARM_GCC_493\Debug\Cm3Start.o
 .debug_abbrev  0x00000603      0x212 .\CortexM3\ARM_GCC_493\Debug\UAV_Control.a(cyfitter_cfg.o)
 .debug_abbrev  0x00000815      0x12d .\CortexM3\ARM_GCC_493\Debug\UAV_Control.a(PWM_1.o)
 .debug_abbrev  0x00000942      0x12d .\CortexM3\ARM_GCC_493\Debug\UAV_Control.a(PWM_2.o)
 .debug_abbrev  0x00000a6f      0x171 .\CortexM3\ARM_GCC_493\Debug\UAV_Control.a(LCD.o)
 .debug_abbrev  0x00000be0      0x145 .\CortexM3\ARM_GCC_493\Debug\UAV_Control.a(Timer_1.o)
 .debug_abbrev  0x00000d25       0x14 .\CortexM3\ARM_GCC_493\Debug\UAV_Control.a(CyBootAsmGnu.o)
 .debug_abbrev  0x00000d39      0x296 .\CortexM3\ARM_GCC_493\Debug\UAV_Control.a(CyLib.o)
 .debug_abbrev  0x00000fcf      0x1ed .\CortexM3\ARM_GCC_493\Debug\UAV_Control.a(cyPm.o)
 .debug_abbrev  0x000011bc      0x173 .\CortexM3\ARM_GCC_493\Debug\UAV_Control.a(isr_Timer_1.o)
 .debug_abbrev  0x0000132f      0x16d .\CortexM3\ARM_GCC_493\Debug\UAV_Control.a(UART_Bluetooth.o)
 .debug_abbrev  0x0000149c      0x173 .\CortexM3\ARM_GCC_493\Debug\UAV_Control.a(isr_RX.o)
 .debug_abbrev  0x0000160f      0x139 .\CortexM3\ARM_GCC_493\Debug\UAV_Control.a(UART_Bluetooth_IntClock.o)
 .debug_abbrev  0x00001748      0x25e .\CortexM3\ARM_GCC_493\Debug\UAV_Control.a(USBUART_1.o)
 .debug_abbrev  0x000019a6      0x28b .\CortexM3\ARM_GCC_493\Debug\UAV_Control.a(USBUART_1_cdc.o)
 .debug_abbrev  0x00001c31      0x18b .\CortexM3\ARM_GCC_493\Debug\UAV_Control.a(USBUART_1_drv.o)
 .debug_abbrev  0x00001dbc      0x11b .\CortexM3\ARM_GCC_493\Debug\UAV_Control.a(USBUART_1_episr.o)
 .debug_abbrev  0x00001ed7      0x146 .\CortexM3\ARM_GCC_493\Debug\UAV_Control.a(USBUART_1_pm.o)
 .debug_abbrev  0x0000201d      0x23d .\CortexM3\ARM_GCC_493\Debug\UAV_Control.a(USBUART_1_std.o)
 .debug_abbrev  0x0000225a       0x9b .\CortexM3\ARM_GCC_493\Debug\UAV_Control.a(USBUART_1_vnd.o)
 .debug_abbrev  0x000022f5       0x90 .\CortexM3\ARM_GCC_493\Debug\UAV_Control.a(USBUART_1_Dp.o)
 .debug_abbrev  0x00002385      0x173 .\CortexM3\ARM_GCC_493\Debug\UAV_Control.a(isr_jyRX.o)
 .debug_abbrev  0x000024f8      0x16d .\CortexM3\ARM_GCC_493\Debug\UAV_Control.a(UART_JY901.o)
 .debug_abbrev  0x00002665      0x139 .\CortexM3\ARM_GCC_493\Debug\UAV_Control.a(UART_JY901_IntClock.o)
 .debug_abbrev  0x0000279e      0x173 .\CortexM3\ARM_GCC_493\Debug\UAV_Control.a(isr_Ctrl.o)
 .debug_abbrev  0x00002911      0x1ed .\CortexM3\ARM_GCC_493\Debug\UAV_Control.a(CyFlash.o)
 .debug_abbrev  0x00002afe      0x1c1 .\CortexM3\ARM_GCC_493\Debug\UAV_Control.a(CySpc.o)
 .debug_abbrev  0x00002cbf       0xe3 .\CortexM3\ARM_GCC_493\Debug\UAV_Control.a(USBUART_1_cls.o)
 .debug_abbrev  0x00002da2       0xb4 .\CortexM3\ARM_GCC_493\Debug\UAV_Control.a(USBUART_1_descr.o)

.debug_line     0x00000000     0x3ec4
 *(.debug_line)
 .debug_line    0x00000000      0x4d4 .\CortexM3\ARM_GCC_493\Debug\main.o
 .debug_line    0x000004d4      0x339 .\CortexM3\ARM_GCC_493\Debug\Control.o
 .debug_line    0x0000080d       0x53 .\CortexM3\ARM_GCC_493\Debug\cymetadata.o
 .debug_line    0x00000860      0x249 .\CortexM3\ARM_GCC_493\Debug\Cm3Start.o
 .debug_line    0x00000aa9      0x202 .\CortexM3\ARM_GCC_493\Debug\UAV_Control.a(cyfitter_cfg.o)
 .debug_line    0x00000cab      0x163 .\CortexM3\ARM_GCC_493\Debug\UAV_Control.a(PWM_1.o)
 .debug_line    0x00000e0e      0x163 .\CortexM3\ARM_GCC_493\Debug\UAV_Control.a(PWM_2.o)
 .debug_line    0x00000f71      0x1de .\CortexM3\ARM_GCC_493\Debug\UAV_Control.a(LCD.o)
 .debug_line    0x0000114f      0x174 .\CortexM3\ARM_GCC_493\Debug\UAV_Control.a(Timer_1.o)
 .debug_line    0x000012c3       0x68 .\CortexM3\ARM_GCC_493\Debug\UAV_Control.a(CyBootAsmGnu.o)
 .debug_line    0x0000132b      0x806 .\CortexM3\ARM_GCC_493\Debug\UAV_Control.a(CyLib.o)
 .debug_line    0x00001b31      0x366 .\CortexM3\ARM_GCC_493\Debug\UAV_Control.a(cyPm.o)
 .debug_line    0x00001e97      0x151 .\CortexM3\ARM_GCC_493\Debug\UAV_Control.a(isr_Timer_1.o)
 .debug_line    0x00001fe8      0x1be .\CortexM3\ARM_GCC_493\Debug\UAV_Control.a(UART_Bluetooth.o)
 .debug_line    0x000021a6      0x14c .\CortexM3\ARM_GCC_493\Debug\UAV_Control.a(isr_RX.o)
 .debug_line    0x000022f2      0x19f .\CortexM3\ARM_GCC_493\Debug\UAV_Control.a(UART_Bluetooth_IntClock.o)
 .debug_line    0x00002491      0x2d0 .\CortexM3\ARM_GCC_493\Debug\UAV_Control.a(USBUART_1.o)
 .debug_line    0x00002761      0x2fa .\CortexM3\ARM_GCC_493\Debug\UAV_Control.a(USBUART_1_cdc.o)
 .debug_line    0x00002a5b      0x229 .\CortexM3\ARM_GCC_493\Debug\UAV_Control.a(USBUART_1_drv.o)
 .debug_line    0x00002c84       0xee .\CortexM3\ARM_GCC_493\Debug\UAV_Control.a(USBUART_1_episr.o)
 .debug_line    0x00002d72      0x118 .\CortexM3\ARM_GCC_493\Debug\UAV_Control.a(USBUART_1_pm.o)
 .debug_line    0x00002e8a      0x3ea .\CortexM3\ARM_GCC_493\Debug\UAV_Control.a(USBUART_1_std.o)
 .debug_line    0x00003274       0x79 .\CortexM3\ARM_GCC_493\Debug\UAV_Control.a(USBUART_1_vnd.o)
 .debug_line    0x000032ed       0xbf .\CortexM3\ARM_GCC_493\Debug\UAV_Control.a(USBUART_1_Dp.o)
 .debug_line    0x000033ac      0x14e .\CortexM3\ARM_GCC_493\Debug\UAV_Control.a(isr_jyRX.o)
 .debug_line    0x000034fa      0x1b6 .\CortexM3\ARM_GCC_493\Debug\UAV_Control.a(UART_JY901.o)
 .debug_line    0x000036b0      0x19b .\CortexM3\ARM_GCC_493\Debug\UAV_Control.a(UART_JY901_IntClock.o)
 .debug_line    0x0000384b      0x14e .\CortexM3\ARM_GCC_493\Debug\UAV_Control.a(isr_Ctrl.o)
 .debug_line    0x00003999      0x1ec .\CortexM3\ARM_GCC_493\Debug\UAV_Control.a(CyFlash.o)
 .debug_line    0x00003b85      0x23e .\CortexM3\ARM_GCC_493\Debug\UAV_Control.a(CySpc.o)
 .debug_line    0x00003dc3       0x9a .\CortexM3\ARM_GCC_493\Debug\UAV_Control.a(USBUART_1_cls.o)
 .debug_line    0x00003e5d       0x67 .\CortexM3\ARM_GCC_493\Debug\UAV_Control.a(USBUART_1_descr.o)

.debug_frame    0x00000000     0x2f5c
 *(.debug_frame)
 .debug_frame   0x00000000      0x218 .\CortexM3\ARM_GCC_493\Debug\main.o
 .debug_frame   0x00000218       0x58 .\CortexM3\ARM_GCC_493\Debug\Control.o
 .debug_frame   0x00000270       0xac .\CortexM3\ARM_GCC_493\Debug\Cm3Start.o
 .debug_frame   0x0000031c       0xe0 .\CortexM3\ARM_GCC_493\Debug\UAV_Control.a(cyfitter_cfg.o)
 .debug_frame   0x000003fc      0x118 .\CortexM3\ARM_GCC_493\Debug\UAV_Control.a(PWM_1.o)
 .debug_frame   0x00000514      0x118 .\CortexM3\ARM_GCC_493\Debug\UAV_Control.a(PWM_2.o)
 .debug_frame   0x0000062c      0x1e4 .\CortexM3\ARM_GCC_493\Debug\UAV_Control.a(LCD.o)
 .debug_frame   0x00000810      0x124 .\CortexM3\ARM_GCC_493\Debug\UAV_Control.a(Timer_1.o)
 .debug_frame   0x00000934      0x728 .\CortexM3\ARM_GCC_493\Debug\UAV_Control.a(CyLib.o)
 .debug_frame   0x0000105c      0x1f8 .\CortexM3\ARM_GCC_493\Debug\UAV_Control.a(cyPm.o)
 .debug_frame   0x00001254      0x104 .\CortexM3\ARM_GCC_493\Debug\UAV_Control.a(isr_Timer_1.o)
 .debug_frame   0x00001358      0x14c .\CortexM3\ARM_GCC_493\Debug\UAV_Control.a(UART_Bluetooth.o)
 .debug_frame   0x000014a4      0x104 .\CortexM3\ARM_GCC_493\Debug\UAV_Control.a(isr_RX.o)
 .debug_frame   0x000015a8       0xe0 .\CortexM3\ARM_GCC_493\Debug\UAV_Control.a(UART_Bluetooth_IntClock.o)
 .debug_frame   0x00001688      0x1dc .\CortexM3\ARM_GCC_493\Debug\UAV_Control.a(USBUART_1.o)
 .debug_frame   0x00001864      0x278 .\CortexM3\ARM_GCC_493\Debug\UAV_Control.a(USBUART_1_cdc.o)
 .debug_frame   0x00001adc      0x194 .\CortexM3\ARM_GCC_493\Debug\UAV_Control.a(USBUART_1_drv.o)
 .debug_frame   0x00001c70       0x6c .\CortexM3\ARM_GCC_493\Debug\UAV_Control.a(USBUART_1_episr.o)
 .debug_frame   0x00001cdc       0xa0 .\CortexM3\ARM_GCC_493\Debug\UAV_Control.a(USBUART_1_pm.o)
 .debug_frame   0x00001d7c      0x17c .\CortexM3\ARM_GCC_493\Debug\UAV_Control.a(USBUART_1_std.o)
 .debug_frame   0x00001ef8       0x20 .\CortexM3\ARM_GCC_493\Debug\UAV_Control.a(USBUART_1_vnd.o)
 .debug_frame   0x00001f18       0x70 .\CortexM3\ARM_GCC_493\Debug\UAV_Control.a(USBUART_1_Dp.o)
 .debug_frame   0x00001f88      0x104 .\CortexM3\ARM_GCC_493\Debug\UAV_Control.a(isr_jyRX.o)
 .debug_frame   0x0000208c      0x14c .\CortexM3\ARM_GCC_493\Debug\UAV_Control.a(UART_JY901.o)
 .debug_frame   0x000021d8       0xe0 .\CortexM3\ARM_GCC_493\Debug\UAV_Control.a(UART_JY901_IntClock.o)
 .debug_frame   0x000022b8      0x104 .\CortexM3\ARM_GCC_493\Debug\UAV_Control.a(isr_Ctrl.o)
 .debug_frame   0x000023bc      0x174 .\CortexM3\ARM_GCC_493\Debug\UAV_Control.a(CyFlash.o)
 .debug_frame   0x00002530      0x160 .\CortexM3\ARM_GCC_493\Debug\UAV_Control.a(CySpc.o)
 .debug_frame   0x00002690       0x2c .\CortexM3\ARM_GCC_493\Debug\UAV_Control.a(USBUART_1_cls.o)
 .debug_frame   0x000026bc       0x44 d:/program files (x86)/cypress/psoc creator/3.3/psoc creator/import/gnu/arm/4.9.3/bin/../lib/gcc/arm-none-eabi/4.9.3/../../../../arm-none-eabi/lib/armv7-m\libm.a(lib_a-w_sqrt.o)
 .debug_frame   0x00002700       0x30 d:/program files (x86)/cypress/psoc creator/3.3/psoc creator/import/gnu/arm/4.9.3/bin/../lib/gcc/arm-none-eabi/4.9.3/../../../../arm-none-eabi/lib/armv7-m\libm.a(lib_a-e_sqrt.o)
 .debug_frame   0x00002730       0x34 d:/program files (x86)/cypress/psoc creator/3.3/psoc creator/import/gnu/arm/4.9.3/bin/../lib/gcc/arm-none-eabi/4.9.3/../../../../arm-none-eabi/lib/armv7-m\libm.a(lib_a-s_fpclassify.o)
 .debug_frame   0x00002764       0x20 d:/program files (x86)/cypress/psoc creator/3.3/psoc creator/import/gnu/arm/4.9.3/bin/../lib/gcc/arm-none-eabi/4.9.3/../../../../arm-none-eabi/lib/armv7-m\libm.a(lib_a-s_matherr.o)
 .debug_frame   0x00002784       0x20 d:/program files (x86)/cypress/psoc creator/3.3/psoc creator/import/gnu/arm/4.9.3/bin/../lib/gcc/arm-none-eabi/4.9.3/../../../../arm-none-eabi/lib/armv7-m\libg_nano.a(lib_a-errno.o)
 .debug_frame   0x000027a4       0x28 d:/program files (x86)/cypress/psoc creator/3.3/psoc creator/import/gnu/arm/4.9.3/bin/../lib/gcc/arm-none-eabi/4.9.3/../../../../arm-none-eabi/lib/armv7-m\libg_nano.a(lib_a-exit.o)
 .debug_frame   0x000027cc       0x2c d:/program files (x86)/cypress/psoc creator/3.3/psoc creator/import/gnu/arm/4.9.3/bin/../lib/gcc/arm-none-eabi/4.9.3/../../../../arm-none-eabi/lib/armv7-m\libg_nano.a(lib_a-init.o)
 .debug_frame   0x000027f8       0x28 d:/program files (x86)/cypress/psoc creator/3.3/psoc creator/import/gnu/arm/4.9.3/bin/../lib/gcc/arm-none-eabi/4.9.3/../../../../arm-none-eabi/lib/armv7-m\libg_nano.a(lib_a-memcpy.o)
 .debug_frame   0x00002820       0x20 d:/program files (x86)/cypress/psoc creator/3.3/psoc creator/import/gnu/arm/4.9.3/bin/../lib/gcc/arm-none-eabi/4.9.3/../../../../arm-none-eabi/lib/armv7-m\libg_nano.a(lib_a-memset.o)
 .debug_frame   0x00002840       0x8c d:/program files (x86)/cypress/psoc creator/3.3/psoc creator/import/gnu/arm/4.9.3/bin/../lib/gcc/arm-none-eabi/4.9.3/../../../../arm-none-eabi/lib/armv7-m\libg_nano.a(lib_a-nano-vfprintf_float.o)
 .debug_frame   0x000028cc       0x58 d:/program files (x86)/cypress/psoc creator/3.3/psoc creator/import/gnu/arm/4.9.3/bin/../lib/gcc/arm-none-eabi/4.9.3/../../../../arm-none-eabi/lib/armv7-m\libg_nano.a(lib_a-nano-vfprintf_i.o)
 .debug_frame   0x00002924       0x70 d:/program files (x86)/cypress/psoc creator/3.3/psoc creator/import/gnu/arm/4.9.3/bin/../lib/gcc/arm-none-eabi/4.9.3/../../../../arm-none-eabi/lib/armv7-m\libg_nano.a(lib_a-sprintf.o)
 .debug_frame   0x00002994       0x20 d:/program files (x86)/cypress/psoc creator/3.3/psoc creator/import/gnu/arm/4.9.3/bin/../lib/gcc/arm-none-eabi/4.9.3/../../../../arm-none-eabi/lib/armv7-m\libg_nano.a(lib_a-strlen.o)
 .debug_frame   0x000029b4       0x6c d:/program files (x86)/cypress/psoc creator/3.3/psoc creator/import/gnu/arm/4.9.3/bin/../lib/gcc/arm-none-eabi/4.9.3/../../../../arm-none-eabi/lib/armv7-m\libg_nano.a(lib_a-dtoa.o)
 .debug_frame   0x00002a20       0x98 d:/program files (x86)/cypress/psoc creator/3.3/psoc creator/import/gnu/arm/4.9.3/bin/../lib/gcc/arm-none-eabi/4.9.3/../../../../arm-none-eabi/lib/armv7-m\libg_nano.a(lib_a-locale.o)
 .debug_frame   0x00002ab8       0x30 d:/program files (x86)/cypress/psoc creator/3.3/psoc creator/import/gnu/arm/4.9.3/bin/../lib/gcc/arm-none-eabi/4.9.3/../../../../arm-none-eabi/lib/armv7-m\libg_nano.a(lib_a-malloc.o)
 .debug_frame   0x00002ae8       0x28 d:/program files (x86)/cypress/psoc creator/3.3/psoc creator/import/gnu/arm/4.9.3/bin/../lib/gcc/arm-none-eabi/4.9.3/../../../../arm-none-eabi/lib/armv7-m\libg_nano.a(lib_a-memchr.o)
 .debug_frame   0x00002b10      0x230 d:/program files (x86)/cypress/psoc creator/3.3/psoc creator/import/gnu/arm/4.9.3/bin/../lib/gcc/arm-none-eabi/4.9.3/../../../../arm-none-eabi/lib/armv7-m\libg_nano.a(lib_a-mprec.o)
 .debug_frame   0x00002d40       0x2c d:/program files (x86)/cypress/psoc creator/3.3/psoc creator/import/gnu/arm/4.9.3/bin/../lib/gcc/arm-none-eabi/4.9.3/../../../../arm-none-eabi/lib/armv7-m\libg_nano.a(lib_a-nano-callocr.o)
 .debug_frame   0x00002d6c       0x2c d:/program files (x86)/cypress/psoc creator/3.3/psoc creator/import/gnu/arm/4.9.3/bin/../lib/gcc/arm-none-eabi/4.9.3/../../../../arm-none-eabi/lib/armv7-m\libg_nano.a(lib_a-nano-freer.o)
 .debug_frame   0x00002d98       0x2c d:/program files (x86)/cypress/psoc creator/3.3/psoc creator/import/gnu/arm/4.9.3/bin/../lib/gcc/arm-none-eabi/4.9.3/../../../../arm-none-eabi/lib/armv7-m\libg_nano.a(lib_a-nano-mallocr.o)
 .debug_frame   0x00002dc4       0x8c d:/program files (x86)/cypress/psoc creator/3.3/psoc creator/import/gnu/arm/4.9.3/bin/../lib/gcc/arm-none-eabi/4.9.3/../../../../arm-none-eabi/lib/armv7-m\libg_nano.a(lib_a-nano-svfprintf.o)
 .debug_frame   0x00002e50       0x2c d:/program files (x86)/cypress/psoc creator/3.3/psoc creator/import/gnu/arm/4.9.3/bin/../lib/gcc/arm-none-eabi/4.9.3/../../../../arm-none-eabi/lib/armv7-m\libg_nano.a(lib_a-sbrkr.o)
 .debug_frame   0x00002e7c       0x28 d:/program files (x86)/cypress/psoc creator/3.3/psoc creator/import/gnu/arm/4.9.3/bin/../lib/gcc/arm-none-eabi/4.9.3/../../../../arm-none-eabi/lib/armv7-m\libg_nano.a(lib_a-memmove.o)
 .debug_frame   0x00002ea4       0x3c d:/program files (x86)/cypress/psoc creator/3.3/psoc creator/import/gnu/arm/4.9.3/bin/../lib/gcc/arm-none-eabi/4.9.3/../../../../arm-none-eabi/lib/armv7-m\libg_nano.a(lib_a-nano-reallocr.o)
 .debug_frame   0x00002ee0       0x5c d:/program files (x86)/cypress/psoc creator/3.3/psoc creator/import/gnu/arm/4.9.3/bin/../lib/gcc/arm-none-eabi/4.9.3/../../../../arm-none-eabi/lib/armv7-m\libg_nano.a(lib_a-reent.o)